
 Start         Length     Name                   Class
 0001:00000000 000A6268H .text                   CODE
 0002:00000000 00001D18H .data                   DATA
 0002:00001D18 000017B5H .bss                    BSS


Detailed map of segments

 0001:00000000 000054FF C=CODE     S=.text    G=(none)   M=System   ACBP=A9
 0001:00005500 00000140 C=CODE     S=.text    G=(none)   M=SysInit  ACBP=A9
 0001:00005640 00000078 C=CODE     S=.text    G=(none)   M=Types    ACBP=A9
 0001:000056B8 00000D00 C=CODE     S=.text    G=(none)   M=Windows  ACBP=A9
 0001:000063B8 00000038 C=CODE     S=.text    G=(none)   M=Messages ACBP=A9
 0001:000063F0 00000330 C=CODE     S=.text    G=(none)   M=SysConst ACBP=A9
 0001:00006720 000067A8 C=CODE     S=.text    G=(none)   M=SysUtils ACBP=A9
 0001:0000CEC8 000007FB C=CODE     S=.text    G=(none)   M=VarUtils ACBP=A9
 0001:0000D6C4 000066BA C=CODE     S=.text    G=(none)   M=Variants ACBP=A9
 0001:00013D80 00000140 C=CODE     S=.text    G=(none)   M=RTLConsts ACBP=A9
 0001:00013EC0 00000DB0 C=CODE     S=.text    G=(none)   M=TypInfo  ACBP=A9
 0001:00014C70 00000038 C=CODE     S=.text    G=(none)   M=ActiveX  ACBP=A9
 0001:00014CA8 0000C83E C=CODE     S=.text    G=(none)   M=Classes  ACBP=A9
 0001:000214E8 000002D8 C=CODE     S=.text    G=(none)   M=Consts   ACBP=A9
 0001:000217C0 00009127 C=CODE     S=.text    G=(none)   M=Graphics ACBP=A9
 0001:0002A8E8 00000048 C=CODE     S=.text    G=(none)   M=Math     ACBP=A9
 0001:0002A930 00000304 C=CODE     S=.text    G=(none)   M=Contnrs  ACBP=A9
 0001:0002AC34 000000F4 C=CODE     S=.text    G=(none)   M=CommCtrl ACBP=A9
 0001:0002AD28 00000787 C=CODE     S=.text    G=(none)   M=MultiMon ACBP=A9
 0001:0002B4B0 00000038 C=CODE     S=.text    G=(none)   M=Imm      ACBP=A9
 0001:0002B4E8 00000FF8 C=CODE     S=.text    G=(none)   M=HelpIntfs ACBP=A9
 0001:0002C4E0 00000038 C=CODE     S=.text    G=(none)   M=WinSpool ACBP=A9
 0001:0002C518 00000044 C=CODE     S=.text    G=(none)   M=Printers ACBP=A9
 0001:0002C55C 0000031F C=CODE     S=.text    G=(none)   M=FlatSB   ACBP=A9
 0001:0002C87C 000001A4 C=CODE     S=.text    G=(none)   M=SyncObjs ACBP=A9
 0001:0002CA20 000009BB C=CODE     S=.text    G=(none)   M=UxTheme  ACBP=A9
 0001:0002D3DC 00000038 C=CODE     S=.text    G=(none)   M=RichEdit ACBP=A9
 0001:0002D414 00000038 C=CODE     S=.text    G=(none)   M=ToolWin  ACBP=A9
 0001:0002D44C 00000040 C=CODE     S=.text    G=(none)   M=ShellAPI ACBP=A9
 0001:0002D48C 00000038 C=CODE     S=.text    G=(none)   M=RegStr   ACBP=A9
 0001:0002D4C4 00000038 C=CODE     S=.text    G=(none)   M=WinInet  ACBP=A9
 0001:0002D4FC 00000038 C=CODE     S=.text    G=(none)   M=UrlMon   ACBP=A9
 0001:0002D534 00000038 C=CODE     S=.text    G=(none)   M=ShlObj   ACBP=A9
 0001:0002D56C 00000038 C=CODE     S=.text    G=(none)   M=CommDlg  ACBP=A9
 0001:0002D5A4 00000038 C=CODE     S=.text    G=(none)   M=Dlgs     ACBP=A9
 0001:0002D5DC 0000066D C=CODE     S=.text    G=(none)   M=Dialogs  ACBP=A9
 0001:0002DC4C 000011AA C=CODE     S=.text    G=(none)   M=ExtCtrls ACBP=A9
 0001:0002EDF8 00000038 C=CODE     S=.text    G=(none)   M=ComStrs  ACBP=A9
 0001:0002EE30 00000094 C=CODE     S=.text    G=(none)   M=Clipbrd  ACBP=A9
 0001:0002EEC4 00000038 C=CODE     S=.text    G=(none)   M=StrUtils ACBP=A9
 0001:0002EEFC 000000F5 C=CODE     S=.text    G=(none)   M=Buttons  ACBP=A9
 0001:0002EFF4 00000038 C=CODE     S=.text    G=(none)   M=ExtDlgs  ACBP=A9
 0001:0002F02C 00000068 C=CODE     S=.text    G=(none)   M=IniFiles ACBP=A9
 0001:0002F094 00000570 C=CODE     S=.text    G=(none)   M=Registry ACBP=A9
 0001:0002F604 0000006C C=CODE     S=.text    G=(none)   M=Mapi     ACBP=A9
 0001:0002F670 00000058 C=CODE     S=.text    G=(none)   M=ExtActns ACBP=A9
 0001:0002F6C8 00000038 C=CODE     S=.text    G=(none)   M=ListActns ACBP=A9
 0001:0002F700 00000180 C=CODE     S=.text    G=(none)   M=ComCtrls ACBP=A9
 0001:0002F880 00000A0C C=CODE     S=.text    G=(none)   M=Themes   ACBP=A9
 0001:0003028C 00000038 C=CODE     S=.text    G=(none)   M=StdCtrls ACBP=A9
 0001:000302C4 00000168 C=CODE     S=.text    G=(none)   M=StdActns ACBP=A9
 0001:0003042C 00000D1F C=CODE     S=.text    G=(none)   M=WinHelpViewer ACBP=A9
 0001:0003114C 00010763 C=CODE     S=.text    G=(none)   M=Controls ACBP=A9
 0001:000418B0 00001292 C=CODE     S=.text    G=(none)   M=ActnList ACBP=A9
 0001:00042B44 000016E4 C=CODE     S=.text    G=(none)   M=ImgList  ACBP=A9
 0001:00044228 00006639 C=CODE     S=.text    G=(none)   M=Menus    ACBP=A9
 0001:0004A864 0000C488 C=CODE     S=.text    G=(none)   M=Forms    ACBP=A9
 0001:00056CEC 00000038 C=CODE     S=.text    G=(none)   M=VectorTypes ACBP=A9
 0001:00056D24 000034A5 C=CODE     S=.text    G=(none)   M=VectorGeometry ACBP=A9
 0001:0005A1CC 00005373 C=CODE     S=.text    G=(none)   M=OpenGL1x ACBP=A9
 0001:0005F540 00000744 C=CODE     S=.text    G=(none)   M=Spline   ACBP=A9
 0001:0005FC84 000005BC C=CODE     S=.text    G=(none)   M=ApplicationFileIO ACBP=A9
 0001:00060240 00001954 C=CODE     S=.text    G=(none)   M=PersistentClasses ACBP=A9
 0001:00061B94 00001EA4 C=CODE     S=.text    G=(none)   M=VectorLists ACBP=A9
 0001:00063A38 000013E5 C=CODE     S=.text    G=(none)   M=XOpenGL  ACBP=A9
 0001:00064E20 00001048 C=CODE     S=.text    G=(none)   M=GLMisc   ACBP=A9
 0001:00065E68 000002D4 C=CODE     S=.text    G=(none)   M=GLUtils  ACBP=A9
 0001:0006613C 00001657 C=CODE     S=.text    G=(none)   M=GLContext ACBP=A9
 0001:00067794 000004C4 C=CODE     S=.text    G=(none)   M=GLState  ACBP=A9
 0001:00067C58 00000CF0 C=CODE     S=.text    G=(none)   M=XCollection ACBP=A9
 0001:00068948 000002FC C=CODE     S=.text    G=(none)   M=GeometryBB ACBP=A9
 0001:00068C44 0000086C C=CODE     S=.text    G=(none)   M=GLSilhouette ACBP=A9
 0001:000694B0 00000060 C=CODE     S=.text    G=(none)   M=GLStrings ACBP=A9
 0001:00069510 000001D0 C=CODE     S=.text    G=(none)   M=PictureRegisteredFormats ACBP=A9
 0001:000696E0 00000494 C=CODE     S=.text    G=(none)   M=GLCrossPlatform ACBP=A9
 0001:00069B74 000012B4 C=CODE     S=.text    G=(none)   M=GLGraphics ACBP=A9
 0001:0006AE28 00007EF0 C=CODE     S=.text    G=(none)   M=GLTexture ACBP=A9
 0001:00072D18 000093FE C=CODE     S=.text    G=(none)   M=GLScene  ACBP=A9
 0001:0007C118 00001623 C=CODE     S=.text    G=(none)   M=GLWin32Context ACBP=A9
 0001:0007D73C 00000C74 C=CODE     S=.text    G=(none)   M=GLWin32Viewer ACBP=A9
 0001:0007E3B0 00000E04 C=CODE     S=.text    G=(none)   M=GLCadencer ACBP=A9
 0001:0007F1B4 00006414 C=CODE     S=.text    G=(none)   M=GLObjects ACBP=A9
 0001:000855C8 00000926 C=CODE     S=.text    G=(none)   M=GLMesh   ACBP=A9
 0001:00085EF0 00000038 C=CODE     S=.text    G=(none)   M=Octree   ACBP=A9
 0001:00085F28 0000019C C=CODE     S=.text    G=(none)   M=MeshUtils ACBP=A9
 0001:000860C4 00000740 C=CODE     S=.text    G=(none)   M=GLBaseMeshSilhouette ACBP=A9
 0001:00086804 000096DC C=CODE     S=.text    G=(none)   M=GLVectorFileObjects ACBP=A9
 0001:0008FEE0 00001B2C C=CODE     S=.text    G=(none)   M=GLBitmapFont ACBP=A9
 0001:00091A0C 00000A54 C=CODE     S=.text    G=(none)   M=GLHUDObjects ACBP=A9
 0001:00092460 0000102C C=CODE     S=.text    G=(none)   M=GLSkyBox ACBP=A9
 0001:0009348C 00000998 C=CODE     S=.text    G=(none)   M=GLVfsPAK ACBP=A9
 0001:00093E24 00000038 C=CODE     S=.text    G=(none)   M=fmodtypes ACBP=A9
 0001:00093E5C 00000091 C=CODE     S=.text    G=(none)   M=fmod     ACBP=A9
 0001:00093EF0 0000004C C=CODE     S=.text    G=(none)   M=LegieTypes ACBP=A9
 0001:00093F3C 00000C2C C=CODE     S=.text    G=(none)   M=SoundSystem ACBP=A9
 0001:00094B68 00000060 C=CODE     S=.text    G=(none)   M=FMODApi  ACBP=A9
 0001:00094BC8 00000038 C=CODE     S=.text    G=(none)   M=CutsceneSystem ACBP=A9
 0001:00094C00 0000FA7C C=CODE     S=.text    G=(none)   M=GameTextTable ACBP=A9
 0001:000A467C 00001754 C=CODE     S=.text    G=(none)   M=Unit1    ACBP=A9
 0001:000A5DD0 00000498 C=CODE     S=.text    G=(none)   M=Legie    ACBP=A9
 0002:00000000 000000A4 C=DATA     S=.data    G=DGROUP   M=System   ACBP=A9
 0002:000000A4 00000020 C=DATA     S=.data    G=DGROUP   M=SysInit  ACBP=A9
 0002:000000C4 00000254 C=DATA     S=.data    G=DGROUP   M=SysUtils ACBP=A9
 0002:00000318 00000008 C=DATA     S=.data    G=DGROUP   M=VarUtils ACBP=A9
 0002:00000320 00000136 C=DATA     S=.data    G=DGROUP   M=Variants ACBP=A9
 0002:00000458 0000000C C=DATA     S=.data    G=DGROUP   M=TypInfo  ACBP=A9
 0002:00000464 00000064 C=DATA     S=.data    G=DGROUP   M=Classes  ACBP=A9
 0002:000004C8 0000030C C=DATA     S=.data    G=DGROUP   M=Graphics ACBP=A9
 0002:000007D4 00000004 C=DATA     S=.data    G=DGROUP   M=Printers ACBP=A9
 0002:000007D8 00000074 C=DATA     S=.data    G=DGROUP   M=Dialogs  ACBP=A9
 0002:0000084C 00000178 C=DATA     S=.data    G=DGROUP   M=ExtCtrls ACBP=A9
 0002:000009C4 0000002C C=DATA     S=.data    G=DGROUP   M=Buttons  ACBP=A9
 0002:000009F0 00000008 C=DATA     S=.data    G=DGROUP   M=IniFiles ACBP=A9
 0002:000009F8 00000008 C=DATA     S=.data    G=DGROUP   M=Registry ACBP=A9
 0002:00000A00 00000008 C=DATA     S=.data    G=DGROUP   M=Mapi     ACBP=A9
 0002:00000A08 00000018 C=DATA     S=.data    G=DGROUP   M=ComCtrls ACBP=A9
 0002:00000A20 00000068 C=DATA     S=.data    G=DGROUP   M=Themes   ACBP=A9
 0002:00000A88 0000013C C=DATA     S=.data    G=DGROUP   M=Controls ACBP=A9
 0002:00000BC4 00000020 C=DATA     S=.data    G=DGROUP   M=ImgList  ACBP=A9
 0002:00000BE4 000000EC C=DATA     S=.data    G=DGROUP   M=Menus    ACBP=A9
 0002:00000CD0 0000011C C=DATA     S=.data    G=DGROUP   M=Forms    ACBP=A9
 0002:00000DEC 000001BE C=DATA     S=.data    G=DGROUP   M=VectorGeometry ACBP=A9
 0002:00000FAC 0000000C C=DATA     S=.data    G=DGROUP   M=ApplicationFileIO ACBP=A9
 0002:00000FB8 00000141 C=DATA     S=.data    G=DGROUP   M=PersistentClasses ACBP=A9
 0002:000010FC 00000008 C=DATA     S=.data    G=DGROUP   M=VectorLists ACBP=A9
 0002:00001104 00000001 C=DATA     S=.data    G=DGROUP   M=GLMisc   ACBP=A9
 0002:00001108 00000009 C=DATA     S=.data    G=DGROUP   M=GLContext ACBP=A9
 0002:00001114 00000088 C=DATA     S=.data    G=DGROUP   M=GLState  ACBP=A9
 0002:0000119C 00000004 C=DATA     S=.data    G=DGROUP   M=GLCrossPlatform ACBP=A9
 0002:000011A0 000002E0 C=DATA     S=.data    G=DGROUP   M=GLTexture ACBP=A9
 0002:00001480 00000034 C=DATA     S=.data    G=DGROUP   M=GLScene  ACBP=A9
 0002:000014B4 00000048 C=DATA     S=.data    G=DGROUP   M=GLWin32Context ACBP=A9
 0002:000014FC 00000130 C=DATA     S=.data    G=DGROUP   M=GLObjects ACBP=A9
 0002:0000162C 00000030 C=DATA     S=.data    G=DGROUP   M=GLVectorFileObjects ACBP=A9
 0002:0000165C 00000020 C=DATA     S=.data    G=DGROUP   M=GLBitmapFont ACBP=A9
 0002:0000167C 00000001 C=DATA     S=.data    G=DGROUP   M=Unit1    ACBP=A9
 0002:00002000 00000660 C=BSS      S=.bss     G=DGROUP   M=System   ACBP=A9
 0002:00002660 00000010 C=BSS      S=.bss     G=DGROUP   M=SysInit  ACBP=A9
 0002:00002670 00000004 C=BSS      S=.bss     G=DGROUP   M=Types    ACBP=A9
 0002:00002674 00000004 C=BSS      S=.bss     G=DGROUP   M=Windows  ACBP=A9
 0002:00002678 00000004 C=BSS      S=.bss     G=DGROUP   M=Messages ACBP=A9
 0002:0000267C 00000004 C=BSS      S=.bss     G=DGROUP   M=SysConst ACBP=A9
 0002:00002680 00000120 C=BSS      S=.bss     G=DGROUP   M=SysUtils ACBP=A9
 0002:000027A0 0000005C C=BSS      S=.bss     G=DGROUP   M=VarUtils ACBP=A9
 0002:000027FC 00000040 C=BSS      S=.bss     G=DGROUP   M=Variants ACBP=A9
 0002:0000283C 00000004 C=BSS      S=.bss     G=DGROUP   M=RTLConsts ACBP=A9
 0002:00002840 00000004 C=BSS      S=.bss     G=DGROUP   M=TypInfo  ACBP=A9
 0002:00002844 00000004 C=BSS      S=.bss     G=DGROUP   M=ActiveX  ACBP=A9
 0002:00002848 00000040 C=BSS      S=.bss     G=DGROUP   M=Classes  ACBP=A9
 0002:00002888 00000004 C=BSS      S=.bss     G=DGROUP   M=Consts   ACBP=A9
 0002:0000288C 00000060 C=BSS      S=.bss     G=DGROUP   M=Graphics ACBP=A9
 0002:000028EC 00000004 C=BSS      S=.bss     G=DGROUP   M=Math     ACBP=A9
 0002:000028F0 00000004 C=BSS      S=.bss     G=DGROUP   M=Contnrs  ACBP=A9
 0002:000028F4 00000004 C=BSS      S=.bss     G=DGROUP   M=CommCtrl ACBP=A9
 0002:000028F8 00000031 C=BSS      S=.bss     G=DGROUP   M=MultiMon ACBP=A9
 0002:0000292C 00000004 C=BSS      S=.bss     G=DGROUP   M=Imm      ACBP=A9
 0002:00002930 00000008 C=BSS      S=.bss     G=DGROUP   M=HelpIntfs ACBP=A9
 0002:00002938 00000004 C=BSS      S=.bss     G=DGROUP   M=WinSpool ACBP=A9
 0002:0000293C 00000004 C=BSS      S=.bss     G=DGROUP   M=Printers ACBP=A9
 0002:00002940 00000034 C=BSS      S=.bss     G=DGROUP   M=FlatSB   ACBP=A9
 0002:00002974 00000004 C=BSS      S=.bss     G=DGROUP   M=SyncObjs ACBP=A9
 0002:00002978 000000CC C=BSS      S=.bss     G=DGROUP   M=UxTheme  ACBP=A9
 0002:00002A44 00000004 C=BSS      S=.bss     G=DGROUP   M=RichEdit ACBP=A9
 0002:00002A48 00000004 C=BSS      S=.bss     G=DGROUP   M=ToolWin  ACBP=A9
 0002:00002A4C 00000004 C=BSS      S=.bss     G=DGROUP   M=ShellAPI ACBP=A9
 0002:00002A50 00000004 C=BSS      S=.bss     G=DGROUP   M=RegStr   ACBP=A9
 0002:00002A54 00000004 C=BSS      S=.bss     G=DGROUP   M=WinInet  ACBP=A9
 0002:00002A58 00000004 C=BSS      S=.bss     G=DGROUP   M=UrlMon   ACBP=A9
 0002:00002A5C 00000004 C=BSS      S=.bss     G=DGROUP   M=ShlObj   ACBP=A9
 0002:00002A60 00000004 C=BSS      S=.bss     G=DGROUP   M=CommDlg  ACBP=A9
 0002:00002A64 00000004 C=BSS      S=.bss     G=DGROUP   M=Dlgs     ACBP=A9
 0002:00002A68 0000000C C=BSS      S=.bss     G=DGROUP   M=Dialogs  ACBP=A9
 0002:00002A74 00000004 C=BSS      S=.bss     G=DGROUP   M=ExtCtrls ACBP=A9
 0002:00002A78 00000004 C=BSS      S=.bss     G=DGROUP   M=ComStrs  ACBP=A9
 0002:00002A7C 0000000C C=BSS      S=.bss     G=DGROUP   M=Clipbrd  ACBP=A9
 0002:00002A88 00000004 C=BSS      S=.bss     G=DGROUP   M=StrUtils ACBP=A9
 0002:00002A8C 00000030 C=BSS      S=.bss     G=DGROUP   M=Buttons  ACBP=A9
 0002:00002ABC 00000004 C=BSS      S=.bss     G=DGROUP   M=ExtDlgs  ACBP=A9
 0002:00002AC0 00000004 C=BSS      S=.bss     G=DGROUP   M=IniFiles ACBP=A9
 0002:00002AC4 00000004 C=BSS      S=.bss     G=DGROUP   M=Registry ACBP=A9
 0002:00002AC8 00000004 C=BSS      S=.bss     G=DGROUP   M=Mapi     ACBP=A9
 0002:00002ACC 00000009 C=BSS      S=.bss     G=DGROUP   M=ExtActns ACBP=A9
 0002:00002AD8 00000004 C=BSS      S=.bss     G=DGROUP   M=ListActns ACBP=A9
 0002:00002ADC 00000010 C=BSS      S=.bss     G=DGROUP   M=ComCtrls ACBP=A9
 0002:00002AEC 00000008 C=BSS      S=.bss     G=DGROUP   M=Themes   ACBP=A9
 0002:00002AF4 00000004 C=BSS      S=.bss     G=DGROUP   M=StdCtrls ACBP=A9
 0002:00002AF8 00000004 C=BSS      S=.bss     G=DGROUP   M=StdActns ACBP=A9
 0002:00002AFC 00000014 C=BSS      S=.bss     G=DGROUP   M=WinHelpViewer ACBP=A9
 0002:00002B10 00000080 C=BSS      S=.bss     G=DGROUP   M=Controls ACBP=A9
 0002:00002B90 00000004 C=BSS      S=.bss     G=DGROUP   M=ActnList ACBP=A9
 0002:00002B94 0000000C C=BSS      S=.bss     G=DGROUP   M=ImgList  ACBP=A9
 0002:00002BA0 00000010 C=BSS      S=.bss     G=DGROUP   M=Menus    ACBP=A9
 0002:00002BB0 00000020 C=BSS      S=.bss     G=DGROUP   M=Forms    ACBP=A9
 0002:00002BD0 00000004 C=BSS      S=.bss     G=DGROUP   M=VectorTypes ACBP=A9
 0002:00002BD4 00000004 C=BSS      S=.bss     G=DGROUP   M=VectorGeometry ACBP=A9
 0002:00002BD8 0000065C C=BSS      S=.bss     G=DGROUP   M=OpenGL1x ACBP=A9
 0002:00003234 00000004 C=BSS      S=.bss     G=DGROUP   M=Spline   ACBP=A9
 0002:00003238 00000004 C=BSS      S=.bss     G=DGROUP   M=ApplicationFileIO ACBP=A9
 0002:0000323C 00000004 C=BSS      S=.bss     G=DGROUP   M=PersistentClasses ACBP=A9
 0002:00003240 00000004 C=BSS      S=.bss     G=DGROUP   M=VectorLists ACBP=A9
 0002:00003244 00000058 C=BSS      S=.bss     G=DGROUP   M=XOpenGL  ACBP=A9
 0002:0000329C 00000008 C=BSS      S=.bss     G=DGROUP   M=GLMisc   ACBP=A9
 0002:000032A4 00000104 C=BSS      S=.bss     G=DGROUP   M=GLUtils  ACBP=A9
 0002:000033A8 0000000C C=BSS      S=.bss     G=DGROUP   M=GLContext ACBP=A9
 0002:000033B4 00000004 C=BSS      S=.bss     G=DGROUP   M=GLState  ACBP=A9
 0002:000033B8 00000010 C=BSS      S=.bss     G=DGROUP   M=XCollection ACBP=A9
 0002:000033C8 00000004 C=BSS      S=.bss     G=DGROUP   M=GeometryBB ACBP=A9
 0002:000033CC 00000004 C=BSS      S=.bss     G=DGROUP   M=GLSilhouette ACBP=A9
 0002:000033D0 00000004 C=BSS      S=.bss     G=DGROUP   M=GLStrings ACBP=A9
 0002:000033D4 00000004 C=BSS      S=.bss     G=DGROUP   M=PictureRegisteredFormats ACBP=A9
 0002:000033D8 00000004 C=BSS      S=.bss     G=DGROUP   M=GLCrossPlatform ACBP=A9
 0002:000033DC 00000004 C=BSS      S=.bss     G=DGROUP   M=GLGraphics ACBP=A9
 0002:000033E0 0000001C C=BSS      S=.bss     G=DGROUP   M=GLTexture ACBP=A9
 0002:000033FC 0000001C C=BSS      S=.bss     G=DGROUP   M=GLScene  ACBP=A9
 0002:00003418 0000001C C=BSS      S=.bss     G=DGROUP   M=GLWin32Context ACBP=A9
 0002:00003434 00000004 C=BSS      S=.bss     G=DGROUP   M=GLWin32Viewer ACBP=A9
 0002:00003438 00000019 C=BSS      S=.bss     G=DGROUP   M=GLCadencer ACBP=A9
 0002:00003454 00000004 C=BSS      S=.bss     G=DGROUP   M=GLObjects ACBP=A9
 0002:00003458 00000004 C=BSS      S=.bss     G=DGROUP   M=GLMesh   ACBP=A9
 0002:0000345C 00000004 C=BSS      S=.bss     G=DGROUP   M=Octree   ACBP=A9
 0002:00003460 00000008 C=BSS      S=.bss     G=DGROUP   M=MeshUtils ACBP=A9
 0002:00003468 00000004 C=BSS      S=.bss     G=DGROUP   M=GLBaseMeshSilhouette ACBP=A9
 0002:0000346C 00000008 C=BSS      S=.bss     G=DGROUP   M=GLVectorFileObjects ACBP=A9
 0002:00003474 00000004 C=BSS      S=.bss     G=DGROUP   M=GLBitmapFont ACBP=A9
 0002:00003478 00000004 C=BSS      S=.bss     G=DGROUP   M=GLHUDObjects ACBP=A9
 0002:0000347C 00000004 C=BSS      S=.bss     G=DGROUP   M=GLSkyBox ACBP=A9
 0002:00003480 00000088 C=BSS      S=.bss     G=DGROUP   M=GLVfsPAK ACBP=A9
 0002:00003508 00000004 C=BSS      S=.bss     G=DGROUP   M=fmodtypes ACBP=A9
 0002:0000350C 00000006 C=BSS      S=.bss     G=DGROUP   M=fmod     ACBP=A9
 0002:00003514 00000184 C=BSS      S=.bss     G=DGROUP   M=LegieTypes ACBP=A9
 0002:00003698 00000004 C=BSS      S=.bss     G=DGROUP   M=SoundSystem ACBP=A9
 0002:0000369C 00000006 C=BSS      S=.bss     G=DGROUP   M=FMODApi  ACBP=A9
 0002:000036A4 00000004 C=BSS      S=.bss     G=DGROUP   M=CutsceneSystem ACBP=A9
 0002:000036A8 00000004 C=BSS      S=.bss     G=DGROUP   M=GameTextTable ACBP=A9
 0002:000036AC 00000108 C=BSS      S=.bss     G=DGROUP   M=Unit1    ACBP=A9


  Address         Publics by Name

 0002:0000329C       .01
 0002:00003240       .01
 0002:000033FC       .03
 0002:000033D0       .1
 0002:00002BD4       .1
 0002:00002678       .1
 0002:00003284       .1
 0002:000033D4       .1
 0002:00002888       .1
 0002:000028F4       .1
 0002:00003460       .1
 0002:000033C8       .1
 0002:00002668       .1
 0002:00003694       .1
 0002:00002A78       .1
 0002:00003508       .1
 0002:0000350C       .1
 0002:00002A88       .1
 0002:0000292C       .1
 0002:00002A4C       .1
 0002:0000369C       .1
 0002:00002A64       .1
 0002:00002A60       .1
 0002:000032A4       .1
 0002:00002960       .1
 0002:00002A34       .1
 0002:00002A44       .1
 0002:00002918       .1
 0002:000036A4       .1
 0002:00002A5C       .1
 0002:00002A58       .1
 0002:00003698       .1
 0002:00002A54       .1
 0002:0000283C       .1
 0002:000036A8       .1
 0002:00002B04       .1
 0002:000033D8       .1
 0002:00002AC8       .1
 0002:00002A50       .1
 0002:00002BD0       .1
 0002:00002670       .1
 0002:0000267C       .1
 0002:0000323C       .11
 0002:00002A68       .11
 0002:000033AC       .12
 0002:00002A74       .12
 0002:000033E0       .12
 0002:00002890       .12
 0002:00002930       .2
 0002:00003234       .2
 0002:00003228       .2
 0002:000036E0       .2
 0002:00003434       .2
 0002:000033DC       .2
 0002:00002A80       .2
 0002:0000347C       .2
 0002:000033B4       .2
 0002:00002AEC       .2
 0002:000028EC       .2
 0002:000028F0       .21
 0002:00003238       .3
 0002:00002844       .3
 0002:00002B94       .3
 0002:00002938       .3
 0002:0000293C       .3
 0002:00003484       .3
 0002:00003478       .3
 0002:00003458       .3
 0002:00002ABC       .3
 0002:00003468       .3
 0002:00002674       .3
 0002:0000346C       .33
 0002:00002790       .35
 0002:00002ADC       .36
 0002:000033CC       .4
 0002:00002A48       .4
 0002:000033B8       .4
 0002:0000345C       .4
 0002:00002A8C       .4
 0002:00003438       .4
 0002:00003418       .4
 0002:00002BB8       .41
 0002:00002AF4       .42
 0002:00002854       .45
 0002:00002AC4       .5
 0002:000027F8       .5
 0002:000025B8       .5
 0002:00003454       .51
 0002:00002974       .6
 0002:00002840       .6
 0002:00003474       .7
 0002:00002ACC       .72
 0002:00002B18       .72
 0002:00002AF8       .73
 0002:00002AD8       .8
 0002:00002AC0       .8
 0002:00002B90       .8
 0002:0000281C       .81
 0002:00002BA8       .9
 0001:00001B78       @AbstractError
 0001:00002B90       @AfterConstruction
 0001:00001BF8       @Append
 0001:00002984       @AsClass
 0001:00003564       @Assert
 0001:00001E5C       @Assign
 0001:0000201C       @AStrCmp
 0001:00002BA0       @BeforeDestruction
 0001:00002714       @BoundErr
 0001:000029D0       @CallDynaInst
 0001:00002B38       @ClassCreate
 0001:00002B88       @ClassDestroy
 0001:00001F24       @Close
 0001:000018D4       @Copy
 0001:00004260       @CopyArray
 0001:00004144       @CopyRecord
 0001:00001B10       @COS
 0001:00004378       @DispCallByIDError
 0001:0000E2A4       @DispInvokeError
 0001:00004368       @Dispose
 0001:0000301C       @DoneExcept
 0001:000047D8       @DynArrayAsg
 0001:0000479C       @DynArrayClear
 0001:000045DC       @DynArrayHigh
 0001:000045D4       @DynArrayLength
 0001:00004790       @DynArraySetLength
 0001:00003104       @ExceptionHandler
 0001:00001B20       @EXP
 0001:0000208C       @FillChar
 0001:00004120       @Finalize
 0001:00004034       @FinalizeArray
 0001:00003FE8       @FinalizeRecord
 0001:000029E8       @FindDynaInst
 0001:00001F18       @Flush
 0001:00002708       @FpuInit
 0001:00002644       @FpuMaskInit
 0001:0000175C       @FreeMem
 0001:0000173C       @GetMem
 0001:00005578       @GetTls
 0001:0000354C       @Halt
 0001:00003474       @Halt0
 0001:00002CB4       @HandleAnyException
 0001:00002F68       @HandleFinally
 0001:00002DE0       @HandleOnException
 0001:000055C4       @InitExe
 0001:00003FDC       @Initialize
 0001:00003F48       @InitializeArray
 0001:00003F18       @InitializeRecord
 0001:00003338       @InitImports
 0001:00003310       @InitResStringImports
 0001:000032EC       @InitResStrings
 0001:00004EBC       @IntfAddRef
 0001:00004E8C       @IntfCast
 0001:00004E48       @IntfClear
 0001:00004E60       @IntfCopy
 0001:00002960       @IsClass
 0001:00002614       @isNECWindows
 0001:00003A34       @LStrAddRef
 0001:000035A8       @LStrArrayClr
 0001:000035D8       @LStrAsg
 0001:0000384C       @LStrCat
 0001:00003890       @LStrCat3
 0001:00003904       @LStrCatN
 0001:00003584       @LStrClr
 0001:00003990       @LStrCmp
 0001:00003AA4       @LStrCopy
 0001:00003AE4       @LStrDelete
 0001:000037F4       @LStrFromArray
 0001:0000376C       @LStrFromChar
 0001:0000377C       @LStrFromPChar
 0001:00003674       @LStrFromPCharLen
 0001:000037AC       @LStrFromPWChar
 0001:000036E0       @LStrFromPWCharLen
 0001:000037E8       @LStrFromString
 0001:0000380C       @LStrFromWStr
 0001:00003B2C       @LStrInsert
 0001:0000361C       @LStrLAsg
 0001:00003844       @LStrLen
 0001:00003B88       @LStrPos
 0001:00003BD0       @LStrSetLength
 0001:00003A44       @LStrToPChar
 0001:00003820       @LStrToString
 0001:00004354       @New
 0001:00003648       @NewAnsiString
 0001:00003C64       @NewWideString
 0001:00002328       @Pow10
 0001:00001F98       @PStrCmp
 0001:00001F7C       @PStrNCpy
 0001:00002FC8       @RaiseAgain
 0001:00002FA0       @RaiseExcept
 0001:0000177C       @ReallocMem
 0001:00001BEC       @RewritText
 0001:00001B48       @ROUND
 0001:00003558       @RunError
 0001:0000230C       @SetEq
 0001:00001B38       @SIN
 0001:000032AC       @StartExe
 0001:0000030C       @strlen
 0001:00001B54       @TRUNC
 0001:0000304C       @TryFinallyExit
 0001:00003A9C       @UniqueStringA
 0001:000043A4       @ValInt64
 0001:000020AC       @ValLong
 0001:00013350       @VarAddRef
 0001:0000EB84       @VarCast
 0001:0000E590       @VarClear
 0001:0000401C       @VarClr
 0001:0000E5A4       @VarClr
 0001:00013C4C       @VarCmpEQ
 0001:0000E8B8       @VarCopy
 0001:0000412C       @VarCopy
 0001:000128F0       @VarFromBool
 0001:0001277C       @VarFromByte
 0001:00012940       @VarFromCurr
 0001:00012898       @VarFromCurrency
 0001:000128C4       @VarFromDate
 0001:000129E4       @VarFromDisp
 0001:0001286C       @VarFromDouble
 0001:00012720       @VarFromInt
 0001:0001281C       @VarFromInt64
 0001:0001275C       @VarFromInteger
 0001:000129B8       @VarFromIntf
 0001:000127BC       @VarFromLongWord
 0001:00012954       @VarFromLStr
 0001:00012918       @VarFromReal
 0001:000127DC       @VarFromShortInt
 0001:00012848       @VarFromSingle
 0001:000127FC       @VarFromSmallInt
 0001:0001292C       @VarFromTDateTime
 0001:0001279C       @VarFromWord
 0001:00012980       @VarFromWStr
 0001:0000E2F8       @VarNull
 0001:00010350       @VarToBool
 0001:00010008       @VarToBoolean
 0001:0000F448       @VarToByte
 0001:000111F4       @VarToCurrency
 0001:00010C8C       @VarToDate
 0001:00012674       @VarToDisp
 0001:0001051C       @VarToDouble
 0001:0000FA0C       @VarToInt64
 0001:0000EF48       @VarToInteger
 0001:000125A8       @VarToIntf
 0001:0000F6C0       @VarToLongWord
 0001:000118A8       @VarToLStr
 0001:00010898       @VarToReal
 0001:0000F398       @VarToShortInt
 0001:000108B4       @VarToSingle
 0001:0000F4F0       @VarToSmallInt
 0001:0000F5E8       @VarToWord
 0001:00011FD0       @VarToWStr
 0001:00003C34       @Write0LString
 0001:000021C4       @WriteBytes
 0001:00002294       @WriteLn
 0001:00003C3C       @WriteLString
 0001:00002218       @WriteSpaces
 0001:00003CA4       @WStrArrayClr
 0001:00003CC8       @WStrAsg
 0001:00003C8C       @WStrClr
 0001:00003E04       @WStrCmp
 0001:00003E88       @WStrCopy
 0001:00003DD8       @WStrFromLStr
 0001:00003CEC       @WStrFromPCharLen
 0001:00003D9C       @WStrFromPWChar
 0001:00003D78       @WStrFromPWCharLen
 0001:00003DF8       @WStrLen
 0001:00003ED4       @WStrSetLength
 0001:00003DE8       @WStrToPWChar
 0001:000022E8       @_CLenToPasStr
 0001:000022DC       @_CToPasStr
 0001:000018A4       @_IOTest
 0001:00004380       @_llmul
 0001:00068BA8       AABBInclude
 0001:00068B8C       AABBScale
 0001:000689F0       AABBTransform
 0001:0000AE6C       Abort
 0001:00033AD8       AbsMin
 0001:0000B1F0       AbstractErrorHandler
 0002:00002028       AbstractErrorProc
 0002:00000148       AccessMode
 0002:00003524       AccumulatedTime
 0001:0000180C       AcquireExceptionObject
 0001:00017384       ActivateClassGroup
 0001:00005C38       ActivateKeyboardLayout
 0002:00002B4C       ActiveDrag
 0002:00003480       ActiveVfsPAK
 0001:00014CA0       ActiveX
 0001:00042B18       ActnList
 0001:00068948       AddAABB
 0001:00000448       AddBlockAfter
 0001:00071BDC       AddCurrent
 0002:00000464       AddDataModule
 0001:000073B4       AddExitProc
 0001:0001B024       AddFinished
 0001:00045E5C       AddIn
 0001:00004CDC       AddModuleUnloadProc
 0001:00004CEC       AddModuleUnloadProc
 0001:0001B05C       AddNotFinished
 0001:0001BA80       AddSubComponentsToLoaded
 0001:00056F3C       AddVector
 0001:000585D0       AdjointMatrix
 0001:0002516C       AdjustColor
 0001:0004CE44       Adjustment
 0001:00005C40       AdjustWindowRectEx
 0001:00057C2C       AffineVectorEquals
 0001:00056D24       AffineVectorMake
 0001:00090F00       AlignmentAdjustement
 0002:00000CB8       Alignments
 0002:00000CA8       Alignments
 0001:00053D3C       AlignWork
 0001:000390C8       AlignWork
 0001:000212C8       AllocateHWnd
 0001:00007368       AllocMem
 0002:000025B0       AllocMemCount
 0002:000025B4       AllocMemSize
 0001:0002A6E0       AllocPatternBitmap
 0001:00005520       AllocTlsBuffer
 0002:00003658       AmbientStream
 0002:000036C4       AmmoCount
 0001:0001E7E0       AncestorIsValid
 0002:00000A94       AnchorAlign
 0001:00058ACC       AnglePreservingMatrixInvert
 0002:00000A88       AnimateWindowProc
 0002:00000B90       AnimationStyle
 0001:00007560       AnsiCompareStr
 0001:00007598       AnsiCompareText
 0001:00007C20       AnsiLastChar
 0001:00005C48       AnsiLower
 0001:0000752C       AnsiLowerCase
 0001:0000BBD8       AnsiLowerCaseFileName
 0001:0000BBA0       AnsiPos
 0001:0004A670       AnsiSameCaption
 0001:000075D0       AnsiSameText
 0001:000075E8       AnsiStrLIComp
 0001:0000BC64       AnsiStrPos
 0001:0000BD04       AnsiStrRScan
 0001:0000BD2C       AnsiStrScan
 0001:000052BC       AnsiToUtf8
 0001:00012530       AnyToIntf
 0001:00009178       AppendChars
 0001:0000953C       AppendFormat
 0001:000091DC       AppendNumber
 0001:000091BC       AppendString
 0002:00002BB0       Application
 0001:00060238       ApplicationFileIO
 0001:0005FD58       ApplicationFileIODefined
 0002:00000474       ApplicationHandleException
 0002:0000047C       ApplicationShowException
 0002:00003514       AppPath
 0002:00000DE4       AppVisible
 0001:00059898       ArcCos
 0001:000598D4       ArcSin
 0001:00059910       ArcTan2
 0001:00059920       ArcTan2
 0001:0000B1D4       AssertErrorHandler
 0002:00002020       AssertErrorProc
 0001:00014338       AssignLongStr
 0001:000149B4       AssignVariant
 0002:000036C2       AttackAnimTimer
 0002:000036BF       AttackLocked
 0002:00002608       avail
 0001:000754E8       AxesBuildList
 0001:00007D90       BackfillGetDiskFreeSpaceEx
 0001:0003665C       BackgroundClipped
 0001:00093574       BackToSlash
 0001:0000D158       BackupVarBoolFromStr
 0001:0000D2B8       BackupVarBStrFromBool
 0001:0000D1D8       BackupVarBStrFromCy
 0001:0000D248       BackupVarBStrFromDate
 0001:0000D0EC       BackupVarCyFromStr
 0001:0000D080       BackupVarDateFromStr
 0001:0000CF3C       BackupVarI4FromStr
 0001:0000CEE8       BackupVariantChangeTypeEx
 0001:0000CFA8       BackupVarR4FromStr
 0001:0000D014       BackupVarR8FromStr
 0002:00000338       BaseTypeMap
 0001:00017758       BeginGlobalLoading
 0001:00005C50       BeginPaint
 0001:00025178       BetterSize
 0001:00069EA8       BGR24ToRGBA32
 0001:00069EE4       BGRA32ToRGBA32
 0001:00046CD0       BiDiDraw
 0001:00005A00       BitBlt
 0002:000009C4       BitBtnCaptions
 0002:00002A90       BitBtnGlyphs
 0002:00000788       BitCounts
 0002:00000780       BitmapCanvasList
 0002:000028A8       BitmapImageLock
 0001:00069AF4       BitmapScanLine
 0001:0000CF24       BiUnimplemented
 0002:0000049C       BlockCode
 0002:000025E0       blockDescBlockList
 0002:000025E4       blockDescFreeList
 0002:00000458       BooleanIdents
 0002:00000334       BooleanToStringRule
 0001:00007A40       BoolToStr
 0001:00011630       BoolToWStrViaOS
 0001:00016668       Bounds
 0001:00005664       Bounds
 0002:00000C50       Breaks
 0001:00069D7C       BrightenRGBAArray
 0002:0000351C       BroadcastMsg
 0002:000028E0       BrushManager
 0002:000010F4       buf
 0002:000010F8       buf
 0001:00049484       BuildImage
 0002:00000820       ButtonCaptions
 0002:000007F4       ButtonNames
 0002:00000CCC       Buttons
 0001:0002EFCC       Buttons
 0002:00000FB8       bytesFromUTF8
 0001:00024958       BytesPerScanline
 0001:00024CB0       ByteSwapColors
 0001:0000B8A4       ByteToCharIndex
 0001:0000B87C       ByteToCharLen
 0001:0000B840       ByteType
 0001:0000B7C8       ByteTypeTest
 0002:00000F7C       c180
 0002:00000F74       c180divPI
 0002:00000F80       c360
 0002:00001654       cAARToString
 0002:000014E0       cAAToSamples
 0002:00002B98       CachedComCtrlVer
 0001:00021204       CalcJmpOffset
 0001:00058FC8       CalcPlaneNormal
 0001:00040BA0       CalcSplitterPos
 0001:00005C58       CallNextHookEx
 0001:0000C3F8       CallTerminateProcs
 0001:00005C60       CallWindowProc
 0001:00034B10       CancelDrag
 0002:000036C0       CanForceAttack
 0002:000028E4       CanvasList
 0002:00002B60       CanvasList
 0002:000007E0       Captions
 0002:00000B4C       CaptureControl
 0002:0000164C       cBigValue
 0002:000010FC       cBigValue
 0002:00001630       cBigValue
 0002:00000BF0       cBooleanToItemAutoFlag
 0002:00000368       CBooleanToRelationship
 0002:000014F4       cBoolToInt
 0002:000010F0       cBoolToType
 0002:0000148C       cColorDepthToColorBits
 0002:000013EC       cCompressedTextureFormatToOpenGL
 0002:000014FC       cDefaultPointSize
 0002:000014A4       cDepthPrecisionToDepthBits
 0002:00001484       cEpsilon
 0002:00001638       cFaceGroupMeshModeToOpenGL
 0002:00001478       cFilteringQuality
 0002:00002A7E       CF_COMPONENT
 0002:00002A7C       CF_PICTURE
 0002:00001114       cGLStateToGLEnum
 0002:00002814       ChangeAnyProc
 0001:000036A4       CharFromWChar
 0001:0000BA78       CharLength
 0001:00005C68       CharLowerBuff
 0001:00000284       CharNext
 0001:00005C70       CharNext
 0001:00023288       CharsetToIdent
 0001:0000B98C       CharToByteIndex
 0001:0000B9F0       CharToByteLen
 0001:00005C78       CharToOemA
 0001:00025740       CheckBool
 0001:0005DF0C       CheckExtension
 0001:0005F1C8       CheckExtension
 0001:00002C30       CheckJmp
 0001:00005C80       CheckMenuItem
 0001:00066554       CheckOpenGLError
 0002:00000C40       Checks
 0001:0001BABC       CheckSubComponents
 0001:0001FFDC       CheckSynchronize
 0001:0004C880       CheckTaskWindow
 0001:00012A10       CheckType
 0001:000347C4       CheckUndock
 0001:0000B6BC       CheckWin32Version
 0001:00005A08       ChoosePixelFormat
 0001:0007C7B8       ChoosePixelFormat
 0002:00000F78       cInv360
 0002:00000350       CInvalidCustomVariantType
 0002:00000BF4       cItemAutoFlagToBoolean
 0002:00000BEC       cItemAutoFlagToMenu
 0001:00059AC4       ClampValue
 0001:00021454       Classes
 0001:00017114       ClassNotFound
 0002:00002810       ClearAnyProc
 0001:00022B18       ClearColor
 0001:00066608       ClearGLError
 0001:00013800       ClearVariantTypeList
 0002:000036E4       ClickAreaArray
 0001:00005C88       ClientToScreen
 0001:0003E188       ClientToWindow
 0002:00000778       ClipboardFormats
 0001:0002EE6C       Clipbrd
 0001:000057C8       CloseHandle
 0001:00000224       CloseHandle
 0001:0005F398       CloseOpenGL
 0002:0000297C       CloseThemeData
 0002:000012F0       clr3DDkShadow
 0002:00001300       clr3DLight
 0002:00001240       clrActiveBorder
 0002:000011C0       clrActiveCaption
 0002:00001260       clrAppWorkSpace
 0002:000011B0       clrBackground
 0002:0000116C       clrBlack
 0002:00001340       clrBlack
 0002:00001380       clrBlue
 0002:00001290       clrBtnFace
 0002:000012E0       clrBtnHighlight
 0002:000012A0       clrBtnShadow
 0002:000012C0       clrBtnText
 0002:00001230       clrCaptionText
 0002:00001350       clrGray20
 0002:0000117C       clrGray20
 0002:0000118C       clrGray80
 0002:00001360       clrGray80
 0002:000012B0       clrGrayText
 0002:00001270       clrHighlight
 0002:00001280       clrHighlightText
 0002:00001250       clrInactiveBorder
 0002:000011D0       clrInactiveCaption
 0002:000012D0       clrInactiveCaptionText
 0002:00001320       clrInfoBk
 0002:00001310       clrInfoText
 0002:000011E0       clrMenu
 0002:00001210       clrMenuText
 0002:000011A0       clrScrollBar
 0002:00001330       clrTransparent
 0002:00001370       clrWhite
 0002:000011F0       clrWindow
 0002:00001200       clrWindowFrame
 0002:00001220       clrWindowText
 0002:0000203C       CmdLine
 0002:00002038       CmdShow
 0002:00000BE8       cMenuAutoFlagToItem
 0002:00000374       CmpTypeMap
 0001:0000CF30       CmpUnimplemented
 0001:00089F40       CollectBones
 0001:00017A14       CollectionsEqual
 0002:000004F8       Colors
 0001:00023080       ColorToIdent
 0002:0000084C       ColorToPretyName
 0001:00023070       ColorToRGB
 0001:00069728       ColorToRGB
 0001:000638A0       CombineQuaternion
 0001:00057110       CombineVector
 0002:00002AE8       ComCtlVersion
 0001:0002F878       ComCtrls
 0002:00002BAC       CommandPool
 0001:0002AD20       CommCtrl
 0001:0002D59C       CommDlg
 0001:00000728       Commit
 0002:00002624       committedRoot
 0001:00045440       CompareFront
 0001:00007494       CompareMem
 0001:00007464       CompareStr
 0001:000057D0       CompareString
 0001:000074B4       CompareText
 0001:00007968       CompareWith
 0001:0001BB9C       ComponentCreated
 0001:00025510       ComputeAldusChecksum
 0001:0002EE28       ComStrs
 0002:00000F90       cOne
 0002:00000F94       cOneDotFive
 0001:000217B8       Consts
 0001:0002AC2C       Contnrs
 0002:00002B1E       ControlAtom
 0002:00002B24       ControlAtomString
 0001:0005160C       ControlHasHelp
 0001:00041820       Controls
 0001:0000AC0C       ConvertAddr
 0001:000092CC       ConvertEraString
 0001:0000732C       ConvertError
 0001:00007344       ConvertErrorFmt
 0001:00085F4C       ConvertStripToList
 0001:00085FB8       ConvertStripToList
 0001:00072764       ConvertWinColor
 0001:00009434       ConvertYearString
 0001:000045E4       CopyArray
 0001:00027ACC       CopyBitmap
 0001:00028194       CopyBitmapAsMask
 0001:00005A10       CopyEnhMetaFile
 0001:00028130       CopyPalette
 0002:00000A24       Copyright
 0001:00048530       CopyToBest
 0002:00000F98       cOrder
 0001:0000B8FC       CountChars
 0002:000028C0       CounterLock
 0002:00000F70       cPIdiv180
 0002:000013A8       cPolygonMode
 0002:000013B4       cPolygonMode
 0002:00000354       CRangeToType
 0001:0000B118       CreateAssertException
 0001:0000B2A0       CreateAVObject
 0001:00005A18       CreateBitmap
 0001:00005A20       CreateBrushIndirect
 0001:00005A28       CreateCompatibleBitmap
 0001:00005A30       CreateCompatibleDC
 0001:0001BC1C       CreateComponent
 0001:00005A40       CreateDIBitmap
 0001:00005A38       CreateDIBSection
 0001:000057D8       CreateEvent
 0001:000057E0       CreateFile
 0001:0000022C       CreateFileA
 0001:0005FD7C       CreateFileStream
 0001:00005A48       CreateFontIndirect
 0001:0006CAB4       CreateGraphicFromFile
 0001:00005A50       CreateHalftonePalette
 0001:00005C90       CreateIcon
 0001:0000B044       CreateInOutError
 0001:00005C98       CreateMenu
 0001:00005A58       CreatePalette
 0001:00005A60       CreatePenIndirect
 0001:00005CA0       CreatePopupMenu
 0001:00057E4C       CreateRotationMatrix
 0001:00057F58       CreateRotationMatrix
 0001:00057D80       CreateRotationMatrixX
 0001:00057DC4       CreateRotationMatrixY
 0001:00057E08       CreateRotationMatrixZ
 0001:00057D48       CreateScaleAndTranslationMatrix
 0001:00005A68       CreateSolidBrush
 0001:00024D08       CreateSystemPalette
 0001:0007C484       CreateTempWnd
 0001:000057E8       CreateThread
 0001:00006230       CreateWindow
 0001:000061D8       CreateWindowEx
 0002:000007D8       CreationControl
 0002:00000A8C       CreationControl
 0002:00000444       CRelationshipToBoolean
 0002:00000318       CResult
 0002:00000140       cSimpleBoolStrs
 0002:00001650       cSmallValue
 0002:00001100       cSmallValue
 0002:00001634       cSmallValue
 0002:000003F0       CText
 0002:000013C0       cTextureFormatToOpenGL
 0002:0000165C       cTextureMagFilter
 0002:00001458       cTextureMagFilter
 0002:00001664       cTextureMinFilter
 0002:00001460       cTextureMinFilter
 0002:00001398       cTextureMode
 0002:00001418       cTextureSWrap
 0002:00001438       cTextureSWrapOld
 0002:00001428       cTextureTWrap
 0002:00001448       cTextureTWrapOld
 0002:00000B88       Ctl3DStyles
 0001:00080928       CubeWireframeBuildList
 0002:0000261C       curAlloc
 0001:00012CA4       CurrCompare
 0002:00002688       CurrencyDecimals
 0002:00002684       CurrencyFormat
 0002:00002680       CurrencyString
 0002:0000365D       CurrentAmbient
 0001:0006654C       CurrentGLContext
 0002:0000365C       CurrentMusic
 0001:0007CA4C       CurrentPixelFormatIsHardwareAccelerated
 0001:00009164       CurrentYear
 0001:00008C3C       CurrToStr
 0001:000115C0       CurrToWStrViaOS
 0002:00000D68       CursorMap
 0002:00000A9C       Cursors
 0001:000333B0       CursorToIdent
 0002:00000D58       cUseAlpha
 0002:00000D60       cUseColorKey
 0001:00094BF8       CutsceneSystem
 0001:000076BC       CvtInt
 0001:00007728       CvtInt64
 0002:00000F88       cwChop
 0002:00000180       CWNear
 0002:00000F8C       cZero
 0001:0002F1CC       DataTypeToRegData
 0001:00012C7C       DateCompare
 0002:00002689       DateSeparator
 0001:00009D4C       DateTimeToStr
 0001:00009CF0       DateTimeToString
 0001:00008CFC       DateTimeToTimeStamp
 0001:000115F8       DateToWStrViaOS
 0001:000090EC       DayOfWeek
 0002:0000017C       DCon10
 0002:000004F4       DDBsOnly
 0001:0002137C       DeallocateHWnd
 0002:0000002C       DebugHook
 0001:000A5094       DebugLog
 0002:0000167C       DebugLogStarted
 0002:00002687       DecimalSeparator
 0001:000090CC       DecodeDate
 0001:00008F80       DecodeDateFully
 0001:00008DF0       DecodeTime
 0001:000007BC       Decommit
 0001:00000DD8       DecommitFree
 0002:000025F8       decommittedRoot
 0001:0004F294       Default
 0001:00054964       Default
 0002:00000024       Default8087CW
 0002:00000A90       DefaultDockTreeClass
 0002:00000038       DefaultTextLineBreakStyle
 0002:000025BC       DefaultUserCodePage
 0002:00000748       DefBrushData
 0002:000004C8       DefFontData
 0001:00005CA8       DefFrameProc
 0002:0000020C       DefLongDayNames
 0002:000001C0       DefLongMonthNames
 0001:00005CB0       DefMDIChildProc
 0002:00000728       DefPenData
 0002:000001F0       DefShortDayNames
 0002:00000190       DefShortMonthNames
 0001:00005CB8       DefWindowProc
 0001:00059780       DegToRad
 0001:000597AC       DegToRad
 0001:00004830       DelayLoadResourceModule
 0001:00000478       DeleteBlock
 0001:000057F0       DeleteCriticalSection
 0001:000003E8       DeleteCriticalSection
 0001:00005A70       DeleteDC
 0001:00005A78       DeleteEnhMetaFile
 0001:00000C20       DeleteFree
 0001:00005CC0       DeleteMenu
 0001:00005A80       DeleteObject
 0002:000036B4       DemoImage
 0002:000036B0       DemoScreenShown
 0001:00005A88       DescribePixelFormat
 0001:00027688       DeselectBitmap
 0001:00005CC8       DestroyCursor
 0001:00005CD0       DestroyIcon
 0001:0002EEFC       DestroyLocals
 0001:00005CD8       DestroyMenu
 0001:00005CE0       DestroyWindow
 0001:00030E00       DialogEnumerationTester
 0001:0002DC0C       Dialogs
 0002:00003688       DialogueText
 0002:00000784       DIBPalSizes
 0002:00000094       dig
 0002:00003488       Dir
 0001:0004C6D4       DisableTaskWindows
 0001:00005CE8       DispatchMessage
 0001:000528EC       DispatchShortCut
 0002:00002000       DispCallByIDProc
 0001:000A4BF8       DisplayMessage
 0001:00007310       DivMod
 0001:0002D5D4       Dlgs
 0001:00053BF0       DoAlign
 0001:00038F58       DoAlign
 0001:0007580C       DoBuild
 0001:0003CEFC       DoCalcConstraints
 0002:00002B54       DockSiteList
 0001:00049150       DoClick
 0001:0003A630       DoControlMsg
 0001:00080ADC       DodecahedronBuildList
 0001:0004C684       DoDisableWindow
 0001:000340F0       DoDragOver
 0001:00007388       DoExitProc
 0001:0003EE74       DoFindControlZone
 0001:0004C7C0       DoFindWindow
 0001:0003F400       DoFindZone
 0001:0003EEF8       DoForEach
 0001:00040804       DoGetNextLimit
 0001:0004C64C       DoneApplication
 0001:00041564       DoneControls
 0001:0000B5CC       DoneExceptions
 0001:00050C68       DoNestedActivation
 0001:0001FF9C       DoneThreadSynchronization
 0001:00038B18       DoPosition
 0001:00053A40       DoPosition
 0001:0003FE2C       DoPrune
 0001:00040304       DoSaveZone
 0001:00040508       DoSetNewBounds
 0002:00000460       DotSep
 0001:00025998       DoWrite
 0001:00018F34       DoWrite
 0001:000267A4       DoWrite
 0001:00043AA0       DoWrite
 0001:00039C18       DoWriteDesignSize
 0001:00037750       DoWriteIsControl
 0002:00002B38       DragCapture
 0002:00002B2C       DragControl
 0001:00034838       DragDone
 0001:000340A0       DragFindTarget
 0001:00034074       DragFindWindow
 0002:00002B50       DragImageList
 0001:00034490       DragInit
 0001:00034600       DragInitControl
 0002:00002B34       DragInternalObject
 0001:00033FBC       DragMessage
 0002:00002B30       DragObject
 0002:00002B5C       DragSave
 0002:00002B44       DragSaveCursor
 0002:00002B3C       DragStartPos
 0002:00002B48       DragThreshold
 0001:000341C0       DragTo
 0001:000549A0       DrawAppIcon
 0001:0003F998       DrawCloseButton
 0001:00005CF0       DrawEdge
 0001:00005CF8       DrawFrameControl
 0001:0003F9F0       DrawGrabberLine
 0001:00005D00       DrawIcon
 0001:00005D08       DrawIconEx
 0002:00000BC4       DrawingStyles
 0001:00005D10       DrawMenuBar
 0001:0004A490       DrawMenuItem
 0001:00005D18       DrawText
 0002:00002980       DrawThemeBackground
 0002:000029A4       DrawThemeEdge
 0002:000029A8       DrawThemeIcon
 0002:00002A2C       DrawThemeParentBackground
 0002:00002984       DrawThemeText
 0001:000247D8       DupBits
 0001:000045FC       DynArrayClear
 0001:00004604       DynArraySetLength
 0002:00000CB0       EdgeStyle
 0002:00000B78       EdgeStyles
 0001:0000B018       EHeapException.FreeInstance
 0001:00012B08       EmptyCompare
 0002:00000F18       EmptyHmgMatrix
 0002:000027FC       EmptyParam
 0002:000000C4       EmptyStr
 0002:000000C8       EmptyWideStr
 0001:00005D20       EnableMenuItem
 0002:00000C48       Enables
 0001:00005D28       EnableScrollBar
 0001:0004C788       EnableTaskWindows
 0002:00002A14       EnableThemeDialogTexture
 0002:00002A30       EnableTheming
 0001:00005D30       EnableWindow
 0001:00008F50       EncodeDate
 0001:00008DB0       EncodeTime
 0001:000177E0       EndGlobalLoading
 0001:00005D38       EndPaint
 0001:000003D8       EnterCriticalSection
 0001:000057F8       EnterCriticalSection
 0001:00005800       EnumCalendarInfoA
 0002:00002914       EnumDisplayMonitors
 0001:0000A880       EnumEraNames
 0001:0000A8BC       EnumEraYearOffsets
 0001:0004F858       EnumMonitorsProc
 0001:00005D40       EnumThreadWindows
 0001:0001B3CC       EnumValue
 0001:00005D48       EnumWindows
 0002:00000F68       EPSILON
 0002:00000F6C       EPSILON2
 0001:00005D50       EqualRect
 0002:00002750       EraNames
 0001:00009FD8       EraToYear
 0002:0000276C       EraYearOffsets
 0002:0000006C       errCaption
 0001:00045190       Error
 0001:00016CB8       Error
 0001:00001898       Error
 0001:0001ABB0       Error
 0002:00000004       ErrorAddr
 0001:0000184C       ErrorAt
 0001:0000B0C4       ErrorHandler
 0002:00000228       ErrorMap
 0002:00002008       ErrorProc
 0002:000023E4       ErrOutput
 0001:00059384       EulerToQuat
 0001:000017EC       ExceptAddr
 0002:0000200C       ExceptClsProc
 0001:0000B538       ExceptHandler
 0001:0000AE8C       Exception.Create
 0001:0000AEC8       Exception.CreateFmt
 0001:0000AF48       Exception.CreateRes
 0001:0000AF84       Exception.CreateResFmt
 0002:0000201C       ExceptionClass
 0001:0000AC18       ExceptionErrorMessage
 0002:00000260       ExceptMap
 0001:000017CC       ExceptObject
 0002:00002010       ExceptObjProc
 0002:00002004       ExceptProc
 0001:00005A90       ExcludeClipRect
 0001:0000BB68       ExcludeTrailingPathDelimiter
 0002:00000000       ExitCode
 0001:000033B8       ExitDll
 0002:00002044       ExitProc
 0001:0000028C       ExitProcess
 0002:00002024       ExitProcessProc
 0002:0000013C       ExitProcList
 0001:00007D54       ExpandFileName
 0001:0002F6C0       ExtActns
 0001:0002EDC8       ExtCtrls
 0001:0002F024       ExtDlgs
 0001:00007D0C       ExtractFileExt
 0001:00007CD4       ExtractFileName
 0001:00007CA0       ExtractFilePath
 0001:00059F18       ExtractFrustumFromModelViewProjection
 0002:0000278C       FalseBoolStrs
 0001:000621F0       FastQuickSortLists
 0002:00002A84       FClipboard
 0002:00000170       FCon1E18
 0001:00007BA8       FileAge
 0001:00007BA0       FileClose
 0001:00007AE4       FileCreate
 0001:00007B08       FileCreate
 0001:00007C10       FileExists
 0002:0000077C       FileFormats
 0002:0000000C       FileMode
 0001:00001C40       FileNOPProc
 0001:00007A8C       FileOpen
 0001:00007B10       FileRead
 0002:0000048C       FilerSignature
 0001:00007B68       FileSeek
 0001:0005FE94       FileStreamExists
 0001:00005808       FileTimeToDosDateTime
 0001:00005810       FileTimeToLocalFileTime
 0001:00007B3C       FileWrite
 0001:00000D08       FillAfterGap
 0001:00000CB4       FillBeforeGap
 0001:00000DA0       FillerSizeAfterGap
 0001:00000D30       FillerSizeBeforeGap
 0001:00005D58       FillRect
 0001:000A5D78       Finalization
 0001:0002C518       Finalization
 0001:0002C4E0       Finalization
 0001:0002C498       Finalization
 0001:0002C83C       Finalization
 0001:00013C5C       Finalization
 0001:00013E88       Finalization
 0001:00014C18       Finalization
 0001:00014C70       Finalization
 0001:0002C9E8       Finalization
 0001:0005A134       Finalization
 0001:0005F4F4       Finalization
 0001:0005FC4C       Finalization
 0001:00060208       Finalization
 0001:00061B50       Finalization
 0001:000639C8       Finalization
 0001:00056CEC       Finalization
 0001:00056C4C       Finalization
 0001:000066E8       Finalization
 0001:0002B4B0       Finalization
 0001:000063B8       Finalization
 0001:000A5DD0       Finalization
 0001:00006380       Finalization
 0001:000213A4       Finalization
 0001:00021788       Finalization
 0001:00064D90       Finalization
 0001:0002B470       Finalization
 0001:00065E1C       Finalization
 0001:00066104       Finalization
 0001:0006772C       Finalization
 0001:0002ACF0       Finalization
 0001:00067C20       Finalization
 0001:000A4644       Finalization
 0001:00068904       Finalization
 0001:0002ABFC       Finalization
 0001:00068C0C       Finalization
 0001:00069478       Finalization
 0001:00094BC8       Finalization
 0001:000694D8       Finalization
 0001:000696A8       Finalization
 0001:00094B90       Finalization
 0001:00094B30       Finalization
 0001:0004A76C       Finalization
 0001:0002A8F8       Finalization
 0001:0000CCC8       Finalization
 0001:000441F0       Finalization
 0001:00042AE8       Finalization
 0001:000417B8       Finalization
 0001:00069B18       Finalization
 0001:0006ADF0       Finalization
 0001:00093EF0       Finalization
 0001:0002D36C       Finalization
 0001:00031078       Finalization
 0001:000303F4       Finalization
 0001:0003028C       Finalization
 0001:0002D3DC       Finalization
 0001:00030240       Finalization
 0001:0002F800       Finalization
 0001:0002D414       Finalization
 0001:0002F6C8       Finalization
 0001:0000D684       Finalization
 0001:00005680       Finalization
 0001:00005608       Finalization
 0001:0002D454       Finalization
 0001:00072BFC       Finalization
 0001:0002F670       Finalization
 0001:0002F618       Finalization
 0001:000053D8       Finalization
 0001:0002D48C       Finalization
 0001:0007C084       Finalization
 0001:0002F5B4       Finalization
 0001:0002D4C4       Finalization
 0001:0007D6A4       Finalization
 0001:0002D4FC       Finalization
 0001:0007E36C       Finalization
 0001:0002D534       Finalization
 0001:0007F124       Finalization
 0001:0002F044       Finalization
 0001:0002D56C       Finalization
 0001:0002D5A4       Finalization
 0001:00093E90       Finalization
 0001:0002DBB0       Finalization
 0001:0002ED80       Finalization
 0001:00093E24       Finalization
 0001:0002EDF8       Finalization
 0001:00093DEC       Finalization
 0001:00093448       Finalization
 0001:0002EE30       Finalization
 0001:00092400       Finalization
 0001:00085540       Finalization
 0001:000919AC       Finalization
 0001:0002EFF4       Finalization
 0001:0002A718       Finalization
 0001:00085E9C       Finalization
 0001:0002EEC4       Finalization
 0001:0008FDA4       Finalization
 0001:00085EF0       Finalization
 0001:0008607C       Finalization
 0001:000867CC       Finalization
 0001:0002EF94       Finalization
 0001:000045F4       FinalizeArray
 0001:000031EC       FinalizeUnits
 0001:00048F10       Find
 0001:0001DF00       FindAncestor
 0001:000048A0       FindBS
 0001:000171D4       FindClass
 0001:00004828       FindClassHInstance
 0001:00005818       FindClose
 0001:0000029C       FindClose
 0001:00000C84       FindCommitted
 0001:00033190       FindControl
 0001:0003F62C       FindControlAtPos
 0001:00013B5C       FindCustomVariantType
 0001:00013AA4       FindCustomVariantType
 0001:00034B5C       FindDragTarget
 0001:0001BDCC       FindExistingComponent
 0001:00005820       FindFirstFile
 0001:000002A4       FindFirstFile
 0001:00017670       FindGlobalComponent
 0001:0004C8CC       FindGlobalComponent
 0002:00002860       FindGlobalComponentProcs
 0001:0006CC20       FindGLTextureImageClass
 0001:00004800       FindHInstance
 0001:00017518       FindIdentToInt
 0001:0001749C       FindIntToIdent
 0002:00002A70       FindMsg
 0001:0001AF5C       FindNestedComponent
 0001:00045158       FindPopupControl
 0001:0000D34C       FindProc
 0001:00005828       FindResource
 0001:00004878       FindResourceHInstance
 0001:000564A0       FindScanline
 0001:0004C824       FindTopMostWindow
 0001:0001CCB0       FindUniqueName
 0001:00013648       FindVarData
 0001:00034B28       FindVCLWindow
 0001:00005D60       FindWindow
 0001:00030E58       FindWinHelp
 0001:00067E08       FindXCollectionItemClass
 0001:00027A80       FixupBitFields
 0002:00000CC0       Flags
 0002:0000279C       FLanguages
 0001:0002C86C       FlatSB
 0002:00002940       FlatSB_EnableScrollBar
 0002:0000294C       FlatSB_GetScrollInfo
 0002:00002950       FlatSB_GetScrollPos
 0002:00002948       FlatSB_GetScrollRange
 0002:00002958       FlatSB_SetScrollInfo
 0002:00002954       FlatSB_SetScrollPos
 0001:0002C55C       FlatSB_SetScrollProp
 0002:0000295C       FlatSB_SetScrollRange
 0002:00002944       FlatSB_ShowScrollBar
 0001:000088CC       FloatToDecimal
 0001:00008C0C       FloatToStr
 0001:000085F8       FloatToText
 0001:00001F0C       Flush
 0001:00093ECC       fmod
 0001:00094BC0       FMODApi
 0001:00093E54       fmodtypes
 0001:00093E5C       FMOD_Load
 0002:00000184       FMSecsPerDay
 0001:000084F4       FmtStr
 0002:00000CDC       FocusCount
 0002:00000CD8       FocusMessages
 0002:00000698       FontCharsets
 0002:000028D8       FontManager
 0001:0004C8A0       ForegroundTask
 0002:000036AC       Form1
 0002:00003690       Form1Ref
 0001:000084E0       Format
 0002:0000018C       Format
 0001:000080E8       FormatBuf
 0001:000080DC       FormatClearStr
 0001:00009D60       FormatDateTime
 0001:00008060       FormatError
 0002:00000168       FormatErrorStrs
 0001:00005830       FormatMessage
 0001:000080B8       FormatVarToStr
 0001:00056CA8       Forms
 0001:00002320       FPower10
 0002:000007D4       FPrinter
 0001:000599C8       Frac
 0001:00005D68       FrameRect
 0001:0000C8A8       FreeAndNil
 0001:000009F0       FreeCommitted
 0001:00000F10       FreeCurAlloc
 0001:00034C1C       FreeDeviceContext
 0001:00034CD8       FreeDeviceContexts
 0001:00021170       FreeIntConstList
 0001:000002AC       FreeLibrary
 0001:00005838       FreeLibrary
 0001:000275DC       FreeMemoryContexts
 0001:000212A4       FreeObjectInstance
 0001:00005848       FreeResource
 0001:00000670       FreeSpace
 0001:0000C414       FreeTerminateProcs
 0001:0002CA20       FreeThemeLibrary
 0002:00002AE4       FRichEditModule
 0001:00093E70       FSOUND_Close
 0001:00093E68       FSOUND_Init
 0001:00093E80       FSOUND_Sample_Load
 0001:00093E60       FSOUND_SetOutput
 0001:00093E78       FSOUND_SetSFXMasterVolume
 0001:00093E88       FSOUND_Stream_Close
 0002:00003523       GameLoading
 0002:00003520       GameState
 0001:000A4D68       GameStepUpdate
 0002:00003522       GameSubState
 0001:000A4674       GameTextTable
 0001:00069C00       GammaCorrectRGBAArray
 0001:000247C8       GDICheck
 0001:00024720       GDIError
 0001:00005A98       GdiFlush
 0001:00068C3C       GeometryBB
 0001:00001B08       Get8087CW
 0001:00005850       GetACP
 0001:00005D70       GetActiveWindow
 0001:000540CC       GetAnimation
 0001:00005AA0       GetBitmapBits
 0001:000003F0       GetBlockDesc
 0001:00005AA8       GetBrushOrgEx
 0001:00069740       GetBValue
 0001:00005D78       GetCapture
 0001:00033458       GetCaptureControl
 0001:00017180       GetClass
 0001:00005D80       GetClassInfo
 0001:00005D88       GetClassName
 0001:00005D90       GetClientRect
 0001:00005D98       GetClipboardData
 0001:000261F8       GetClipboardFormats
 0001:00005AB0       GetClipBox
 0001:0000038C       GetCmdShow
 0001:00042CB8       GetColor
 0001:0002F7A0       GetComCtlVersion
 0001:000002B4       GetCommandLine
 0001:0000083C       GetCommitted
 0001:000008CC       GetCommittedAt
 0001:0001F290       GetComponentValue
 0001:0003A1E4       GetControlAtPos
 0001:00009228       GetCount
 0001:00005858       GetCPInfo
 0001:00005AB8       GetCurrentPositionEx
 0001:00005860       GetCurrentProcessId
 0002:00002A24       GetCurrentThemeName
 0001:0000036C       GetCurrentThreadId
 0001:00005868       GetCurrentThreadId
 0001:00006144       GetCurrentTime
 0001:00005DA0       GetCursor
 0001:000564B0       GetCursorHeightMargin
 0001:00005DA8       GetCursorPos
 0001:00009254       GetDate
 0001:00005870       GetDateFormat
 0001:00009EF0       GetDateOrder
 0001:00005DB0       GetDC
 0001:00005DB8       GetDCEx
 0001:00005AC0       GetDCOrgEx
 0001:0002A328       GetDefFontCharSet
 0001:00018534       GetDesigner
 0001:00005DC0       GetDesktopWindow
 0001:00005AD8       GetDeviceCaps
 0001:00025728       GetDIB
 0001:00005AC8       GetDIBColorTable
 0001:00005AD0       GetDIBits
 0001:00025670       GetDIBSizes
 0001:00024938       GetDInColors
 0001:00005878       GetDiskFreeSpaceA
 0002:00000138       GetDiskFreeSpaceEx
 0001:000408E4       GetDockAlign
 0001:00033E00       GetDockSiteAtPos
 0001:0003412C       GetDropCtl
 0001:000029A0       GetDynaMethod
 0001:00005AE0       GetEnhMetaFileBits
 0001:00005AE8       GetEnhMetaFileHeader
 0001:00005AF0       GetEnhMetaFilePaletteEntries
 0001:00013EF8       GetEnumName
 0001:00013FD0       GetEnumNameValue
 0001:0001401C       GetEnumValue
 0001:0000A934       GetEraNamesAndYearOffsets
 0001:00009F84       GetEraYearOffset
 0001:0000B288       GetExceptionClass
 0001:0000B46C       GetExceptionObject
 0001:00017108       GetFieldClassTable
 0001:000261D8       GetFileFormats
 0001:0000023C       GetFileSize
 0001:00000234       GetFileType
 0001:0000B6DC       GetFileVersion
 0001:000059E8       GetFileVersionInfo
 0001:000059F0       GetFileVersionInfoSize
 0001:000146A4       GetFloatProp
 0001:00005DC8       GetFocus
 0001:000232A8       GetFontData
 0001:00005DD0       GetForegroundWindow
 0001:0000BFCC       GetFormatSettings
 0001:00005880       GetFullPathName
 0001:000A4BD4       GetGameMode
 0001:0006973C       GetGValue
 0001:00022814       GetHashCode
 0001:00051644       GetHelpInfo
 0001:0002B930       GetHelpSystem
 0001:00053EB0       GetHint
 0001:00053EE8       GetHintControl
 0001:0004A60C       GetHotkey
 0001:00005DD8       GetIconInfo
 0001:00014AC0       GetInt64Prop
 0001:00014B24       GetInterfaceProp
 0001:00005DF0       GetKeyboardLayout
 0001:00005DF8       GetKeyboardLayoutList
 0001:00005E00       GetKeyboardState
 0001:0000260C       GetKeyboardType
 0001:00005DE0       GetKeyNameText
 0001:00005DE8       GetKeyState
 0001:00005E08       GetLastActivePopup
 0001:0003EBAC       GetLastChildZone
 0001:000002BC       GetLastError
 0001:00005888       GetLastError
 0001:0000A6F8       GetLocaleChar
 0001:000002C4       GetLocaleInfo
 0001:00005898       GetLocaleInfo
 0001:0000A6AC       GetLocaleStr
 0001:00005890       GetLocalTime
 0001:00033414       GetLongHint
 0001:0001434C       GetLongStrProp
 0001:00005E10       GetMenu
 0001:000515CC       GetMenuHelpContext
 0001:00005E18       GetMenuItemCount
 0001:00005E20       GetMenuItemID
 0001:00005E28       GetMenuItemInfo
 0001:0004775C       GetMenuSize
 0001:00005E30       GetMenuState
 0001:00005E38       GetMenuString
 0001:00005E40       GetMessageTime
 0001:00014A48       GetMethodProp
 0001:000002CC       GetModuleFileName
 0001:000058A0       GetModuleFileName
 0001:00005500       GetModuleHandle
 0001:000058A8       GetModuleHandle
 0001:000002D4       GetModuleHandle
 0002:00002908       GetMonitorInfo
 0002:0000290C       GetMonitorInfoA
 0002:00002910       GetMonitorInfoW
 0001:0000A75C       GetMonthDayNames
 0001:0007A01C       GetMVProj
 0001:00005E48       GetNextWindow
 0001:00005AF8       GetObject
 0001:00005B00       GetObjectType
 0001:00014174       GetOrdProp
 0001:00093F3C       GetPAKStream
 0001:00005B08       GetPaletteEntries
 0001:00001978       GetParamStr
 0001:00005E50       GetParent
 0001:0004CA98       GetParentForm
 0001:00005B10       GetPixel
 0001:00005B18       GetPixelFormat
 0001:000058B0       GetProcAddress
 0001:000002DC       GetProcAddress
 0001:00005E58       GetProp
 0001:00014080       GetPropInfo
 0001:000140F0       GetPropInfos
 0001:0004CF58       GetRealScrollPosition
 0001:00042C98       GetRGBColor
 0001:00069738       GetRValue
 0001:00005E60       GetScrollInfo
 0001:00005E68       GetScrollPos
 0001:00005E70       GetScrollRange
 0001:000333D0       GetShortHint
 0001:00014244       GetShortStrProp
 0001:000142DC       GetShortStrPropAsLongStr
 0001:00000594       GetSpace
 0001:000005F8       GetSpaceAt
 0001:000451E8       GetSpecialName
 0001:000660A8       GetSqrt255Array
 0001:000002E4       GetStartupInfo
 0001:000058B8       GetStdHandle
 0001:00000244       GetStdHandle
 0001:00005B20       GetStockObject
 0001:00094C00       GetStringByID
 0001:000058C0       GetStringTypeEx
 0001:0001447C       GetStrProp
 0001:00005E78       GetSubMenu
 0001:00005E80       GetSysColor
 0001:00005E88       GetSysColorBrush
 0001:000058C8       GetSystemInfo
 0001:00005E90       GetSystemMenu
 0001:00005E98       GetSystemMetrics
 0002:000028F8       GetSystemMetrics
 0001:00005B28       GetSystemPaletteEntries
 0001:00005B30       GetTextExtentPoint32
 0001:00005B38       GetTextMetrics
 0002:00002A1C       GetThemeAppProperties
 0002:00002988       GetThemeBackgroundContentRect
 0002:0000298C       GetThemeBackgroundExtent
 0002:0000299C       GetThemeBackgroundRegion
 0002:000029C0       GetThemeBool
 0002:000029B4       GetThemeColor
 0002:00002A28       GetThemeDocumentationProperty
 0002:000029C8       GetThemeEnumValue
 0002:000029E8       GetThemeFilename
 0002:000029D0       GetThemeFont
 0002:000029C4       GetThemeInt
 0002:000029DC       GetThemeIntList
 0002:000029D8       GetThemeMargins
 0002:000029B8       GetThemeMetric
 0002:00002990       GetThemePartSize
 0002:000029CC       GetThemePosition
 0002:000029E0       GetThemePropertyOrigin
 0002:000029D4       GetThemeRect
 0002:000029BC       GetThemeString
 0002:000029F4       GetThemeSysBool
 0002:000029EC       GetThemeSysColor
 0002:000029F0       GetThemeSysColorBrush
 0002:000029FC       GetThemeSysFont
 0002:00002A04       GetThemeSysInt
 0002:000029F8       GetThemeSysSize
 0002:00002A00       GetThemeSysString
 0002:00002994       GetThemeTextExtent
 0002:00002998       GetThemeTextMetrics
 0001:000002EC       GetThreadLocale
 0001:000058D0       GetThreadLocale
 0001:00000384       GetTickCount
 0001:000058D8       GetTickCount
 0001:0000928C       GetTime
 0001:0000552C       GetTlsSize
 0001:0005467C       GetTopMostWindows
 0001:00033560       GetTopParent
 0001:00005EA0       GetTopWindow
 0001:00013EEC       GetTypeData
 0001:00013768       GetVarDataArrayInfo
 0001:000149C8       GetVariantProp
 0001:000889FC       GetVectorFileFormats
 0001:000058E0       GetVersion
 0001:00000374       GetVersion
 0001:000058E8       GetVersionEx
 0001:000144E8       GetWideStrProp
 0001:000143CC       GetWideStrPropAsLongStr
 0001:00005EA8       GetWindow
 0001:00005EB0       GetWindowDC
 0001:00005EB8       GetWindowLong
 0001:00005B48       GetWindowOrgEx
 0001:00005EC0       GetWindowPlacement
 0001:00005EC8       GetWindowRect
 0001:00005ED0       GetWindowText
 0002:00002A10       GetWindowTheme
 0001:00005ED8       GetWindowThreadProcessId
 0001:00005EE0       GetWindowThreadProcessId
 0001:00005B40       GetWinMetaFileBits
 0002:00002E04       glActiveStencilFaceEXT
 0002:00002D8C       glActiveTextureARB
 0002:00002E08       glAddSwapHintRectWIN
 0001:0005A1CC       glAlphaFunc
 0002:00003128       glAreProgramsResidentNV
 0002:00002DA0       glAreTexturesResidentEXT
 0002:00002DA4       glArrayElementArrayEXT
 0002:00002F88       glAttachObjectARB
 0001:000867FC       GLBaseMeshSilhouette
 0001:0005A1D4       glBegin
 0002:00003104       glBeginOcclusionQueryNV
 0002:00003008       glBindAttribLocationARB
 0002:00002F40       glBindBufferARB
 0002:00002EE8       glBindProgramARB
 0002:0000312C       glBindProgramNV
 0001:0005A1DC       glBindTexture
 0002:00002DA8       glBindTextureEXT
 0001:000919DC       GLBitmapFont
 0002:00002C48       glBlendColor
 0002:00003014       glBlendColorEXT
 0002:00002C4C       glBlendEquation
 0002:00003024       glBlendEquationEXT
 0001:0005A1E4       glBlendFunc
 0002:00003094       glBlendFuncSeparateEXT
 0002:00002F50       glBufferDataARB
 0002:00002F54       glBufferSubDataARB
 0001:0007F168       GLCadencer
 0001:0005A1EC       glCallList
 0001:0005A1F4       glClear
 0001:0005A1FC       glClearColor
 0002:00002D90       glClientActiveTextureARB
 0001:0005A204       glColor3f
 0001:0005A20C       glColor3fv
 0001:0005A214       glColor4f
 0001:0005A21C       glColor4fv
 0001:0005A224       glColorMask
 0001:0005A22C       glColorMaterial
 0001:0005A234       glColorPointer
 0002:00002C50       glColorSubTable
 0002:00002DB0       glColorSubTableExt
 0002:00002C58       glColorTable
 0002:00002DAC       glColorTableEXT
 0002:00002C64       glColorTableParameterfv
 0002:00002C60       glColorTableParameteriv
 0002:000030B8       glCombinerInputNV
 0002:000030BC       glCombinerOutputNV
 0002:000030AC       glCombinerParameterfNV
 0002:000030A8       glCombinerParameterfvNV
 0002:000030B4       glCombinerParameteriNV
 0002:000030B0       glCombinerParameterivNV
 0002:00002F80       glCompileShaderARB
 0002:00002E34       glCompressedTexImage1DARB
 0002:00002E30       glCompressedTexImage2DARB
 0002:00002E2C       glCompressedTexImage3DARB
 0002:00002E40       glCompressedTexSubImage1DARB
 0002:00002E3C       glCompressedTexSubImage2DARB
 0002:00002E38       glCompressedTexSubImage3DARB
 0001:00067778       GLContext
 0002:000033A8       GLContextManager
 0002:00002C74       glConvolutionFilter1D
 0002:00002C78       glConvolutionFilter2D
 0002:00002C98       glConvolutionParameterf
 0002:00002C9C       glConvolutionParameterfv
 0002:00002C90       glConvolutionParameteri
 0002:00002C94       glConvolutionParameteriv
 0002:00002C54       glCopyColorSubTable
 0002:00002C5C       glCopyColorTable
 0002:00002C7C       glCopyConvolutionFilter1D
 0002:00002C80       glCopyConvolutionFilter2D
 0002:00002DB4       glCopyTexImage1DEXT
 0002:00002DBC       glCopyTexImage2DEXT
 0002:00002DB8       glCopyTexSubImage1DEXT
 0001:0005A23C       glCopyTexSubImage2D
 0002:00002DC0       glCopyTexSubImage2DEXT
 0002:00002DC4       glCopyTexSubImage3DEXT
 0002:00002F84       glCreateProgramObjectARB
 0002:00002F78       glCreateShaderObjectARB
 0001:00069B60       GLCrossPlatform
 0002:00002F44       glDeleteBuffersARB
 0002:000030E0       glDeleteFencesNV
 0001:0005A244       glDeleteLists
 0002:00002F6C       glDeleteObjectARB
 0002:000030FC       glDeleteOcclusionQueriesNV
 0002:00002EEC       glDeleteProgramsARB
 0002:00003130       glDeleteProgramsNV
 0001:0005A24C       glDeleteTextures
 0002:00002DC8       glDeleteTexturesEXT
 0001:0005A254       glDepthFunc
 0001:0005A25C       glDepthMask
 0002:00002F74       glDetachObjectARB
 0001:0005A264       glDisable
 0001:0005A26C       glDisableClientState
 0002:00002EE0       glDisableVertexAttribArrayARB
 0001:00063DB4       glDisable_Arbitrary
 0001:00064384       glDisable_Dual
 0001:000644C4       glDisable_Null
 0001:00064090       glDisable_Second
 0001:0005A274       glDrawArrays
 0002:00003224       glDrawBuffersATI
 0001:0005A27C       glDrawElements
 0001:0005A284       glDrawPixels
 0002:00002C40       glDrawRangeElements
 0002:00003030       glDrawRangeElementsEXT
 0001:0005A28C       glEnable
 0001:0005A294       glEnableClientState
 0002:00002EDC       glEnableVertexAttribArrayARB
 0001:00063D6C       glEnable_Arbitrary
 0001:00064350       glEnable_Dual
 0001:000644BC       glEnable_Null
 0001:00064064       glEnable_Second
 0001:0005A29C       glEnd
 0001:0005A2A4       glEndList
 0002:00003108       glEndOcclusionQueryNV
 0001:0005A2AC       glEvalCoord1f
 0002:00003134       glExecuteProgramNV
 0002:000030C0       glFinalCombinerInputNV
 0002:000030EC       glFinishFenceNV
 0002:00003098       glFlushVertexArrayRangeNV
 0002:00003088       glFogCoorddEXT
 0002:0000308C       glFogCoorddvEXT
 0002:00003080       glFogCoordfEXT
 0002:00003084       glFogCoordfvEXT
 0002:00003090       glFogCoordPointerEXT
 0001:0005A2B4       glFogf
 0001:0005A2BC       glFogfv
 0001:0005A2C4       glFogi
 0001:0005A2CC       glFrontFace
 0001:0005A2D4       glFrustum
 0002:00002F48       glGenBuffersARB
 0002:000030DC       glGenFencesNV
 0001:0005A2DC       glGenLists
 0002:000030F8       glGenOcclusionQueriesNV
 0002:00002EF0       glGenProgramsARB
 0002:00003138       glGenProgramsNV
 0001:0005A2E4       glGenTextures
 0002:00002DCC       glGenTexturesEXT
 0002:0000300C       glGetActiveAttribARB
 0002:00002FF8       glGetActiveUniformARB
 0002:00002FF0       glGetAttachedObjectsARB
 0002:00003010       glGetAttribLocationARB
 0002:00002F64       glGetBufferParameterivARB
 0002:00002F68       glGetBufferPointervARB
 0002:00002F58       glGetBufferSubDataARB
 0002:00002C68       glGetColorTable
 0002:00002DD0       glGetColorTableEXT
 0002:00002DD4       glGetColorTablePameterfvEXT
 0002:00002DD8       glGetColorTablePameterivEXT
 0002:00002C70       glGetColorTableParameterfv
 0002:0000302C       glGetColorTableParameterfvEXT
 0002:00002C6C       glGetColorTableParameteriv
 0002:00003028       glGetColorTableParameterivEXT
 0002:000030C4       glGetCombinerInputParameterfvNV
 0002:000030C8       glGetCombinerInputParameterivNV
 0002:000030CC       glGetCombinerOutputParameterfvNV
 0002:000030D0       glGetCombinerOutputParameterivNV
 0002:00002E44       glGetCompressedTexImageARB
 0002:00002C84       glGetConvolutionFilter
 0002:00002CA4       glGetConvolutionParameterfv
 0002:00002CA0       glGetConvolutionParameteriv
 0001:0005A2EC       glGetError
 0002:000030F4       glGetFenceivNV
 0002:000030D4       glGetFinalCombinerInputParameterfvNV
 0002:000030D8       glGetFinalCombinerInputParameterivNV
 0001:0005A2F4       glGetFloatv
 0002:00002F70       glGetHandleARB
 0002:00002CB0       glGetHistogram
 0002:00002CB8       glGetHistogramParameterfv
 0002:00002CB4       glGetHistogramParameteriv
 0002:00002FEC       glGetInfoLogARB
 0001:0005A2FC       glGetIntegerv
 0002:00002CC4       glGetMinmax
 0002:00002CCC       glGetMinmaxParameterfv
 0002:00002CC8       glGetMinmaxParameteriv
 0002:00002FE4       glGetObjectParameterfvARB
 0002:00002FE8       glGetObjectParameterivARB
 0002:0000310C       glGetOcclusionQueryivNV
 0002:00003110       glGetOcclusionQueryuivNV
 0001:0005A58C       GLGetProcAddress
 0002:00002F14       glGetProgramEnvParameterdvARB
 0002:00002F18       glGetProgramEnvParameterfvARB
 0002:00002F24       glGetProgramivARB
 0002:00003144       glGetProgramivNV
 0002:00002F1C       glGetProgramLocalParameterdvARB
 0002:00002F20       glGetProgramLocalParameterfvARB
 0002:0000313C       glGetProgramParameterdvNV
 0002:00003140       glGetProgramParameterfvNV
 0002:00002F28       glGetProgramStringARB
 0002:00003148       glGetProgramStringNV
 0002:00002C8C       glGetSeparableFilter
 0002:00003004       glGetShaderSourceARB
 0001:0005A304       glGetString
 0001:0005A30C       glGetTexLevelParameteriv
 0002:0000314C       glGetTrackMatrixivNV
 0002:00002FFC       glGetUniformfvARB
 0002:00003000       glGetUniformivARB
 0002:00002FF4       glGetUniformLocationARB
 0002:00002F2C       glGetVertexAttribdvARB
 0002:00003150       glGetVertexAttribdvNV
 0002:00002F30       glGetVertexAttribfvARB
 0002:00003154       glGetVertexAttribfvNV
 0002:00002F34       glGetVertexAttribivARB
 0002:00003158       glGetVertexAttribivNV
 0002:00002F38       glGetVertexAttribPointervARB
 0002:0000315C       glGetVertexAttribPointervNV
 0001:0006AE20       GLGraphics
 0002:0000322C       GLHandle
 0001:0005A314       glHint
 0002:00002CA8       glHistogram
 0001:00092430       GLHUDObjects
 0002:00002DDC       glIndexFuncEXT
 0002:00002DE0       glIndexMaterialEXT
 0001:0005A31C       glInterleavedArrays
 0002:00002F4C       glIsBufferARB
 0002:000030F0       glIsFenceNV
 0002:00003100       glIsOcclusionQueryNV
 0002:00002F3C       glIsProgramARB
 0002:00003160       glIsProgramNV
 0001:0005A324       glIsTexture
 0002:00002DE4       glIsTextureEXT
 0001:0005A33C       glLightf
 0001:0005A344       glLightfv
 0001:0005A32C       glLightModelfv
 0001:0005A334       glLightModeli
 0001:0005A34C       glLineStipple
 0001:0005A354       glLineWidth
 0002:00002F8C       glLinkProgramARB
 0001:0005A35C       glLoadIdentity
 0001:0005A364       glLoadMatrixf
 0001:0005A36C       glLoadName
 0002:00003164       glLoadProgramNV
 0002:00002E18       glLoadTransposeMatrixdARB
 0002:00002E14       glLoadTransposeMatrixfARB
 0002:00002DFC       glLockArraysEXT
 0001:0005A374       glMap1f
 0002:00002F5C       glMapBufferARB
 0001:0005A37C       glMaterialfv
 0001:0005A384       glMateriali
 0001:0005A38C       glMatrixMode
 0001:00085ECC       GLMesh
 0002:00002CBC       glMinmax
 0001:00065E60       GLMisc
 0002:00003078       glMultiDrawArraysEXT
 0002:0000307C       glMultiDrawElementsEXT
 0002:00002D0C       glMultiTexCoord1dARB
 0002:00002D10       glMultiTexCoord1dVARB
 0002:00002D14       glMultiTexCoord1fARB
 0002:00002D18       glMultiTexCoord1fVARB
 0002:00002D1C       glMultiTexCoord1iARB
 0002:00002D20       glMultiTexCoord1iVARB
 0002:00002D24       glMultiTexCoord1sARB
 0002:00002D28       glMultiTexCoord1sVARB
 0002:00002D2C       glMultiTexCoord2dARB
 0002:00002D30       glMultiTexCoord2dvARB
 0002:00002D34       glMultiTexCoord2fARB
 0002:00002D38       glMultiTexCoord2fvARB
 0002:00002D3C       glMultiTexCoord2iARB
 0002:00002D40       glMultiTexCoord2ivARB
 0002:00002D44       glMultiTexCoord2sARB
 0002:00002D48       glMultiTexCoord2svARB
 0002:00002D4C       glMultiTexCoord3dARB
 0002:00002D50       glMultiTexCoord3dvARB
 0002:00002D54       glMultiTexCoord3fARB
 0002:00002D58       glMultiTexCoord3fvARB
 0002:00002D5C       glMultiTexCoord3iARB
 0002:00002D60       glMultiTexCoord3ivARB
 0002:00002D64       glMultiTexCoord3sARB
 0002:00002D68       glMultiTexCoord3svARB
 0002:00002D6C       glMultiTexCoord4dARB
 0002:00002D70       glMultiTexCoord4dvARB
 0002:00002D74       glMultiTexCoord4fARB
 0002:00002D78       glMultiTexCoord4fvARB
 0002:00002D7C       glMultiTexCoord4iARB
 0002:00002D80       glMultiTexCoord4ivARB
 0002:00002D84       glMultiTexCoord4sARB
 0002:00002D88       glMultiTexCoord4svARB
 0001:0005A394       glMultMatrixf
 0002:00002E20       glMultTransposeMatrixdARB
 0002:00002E1C       glMultTransposeMatrixfARB
 0001:0005A39C       glNewList
 0001:0005A3A4       glNormal3f
 0001:0005A3AC       glNormal3fv
 0001:0005A3B4       glNormalPointer
 0001:000058F0       GlobalAddAtom
 0001:000058F8       GlobalAlloc
 0001:00006150       GlobalAllocPtr
 0001:00005900       GlobalDeleteAtom
 0001:00005908       GlobalFindAtom
 0002:00002864       GlobalFixupList
 0001:0001B0A4       GlobalFixupReferences
 0001:00005910       GlobalFree
 0001:0000617C       GlobalFreePtr
 0001:00005920       GlobalHandle
 0001:00005918       GlobalLock
 0002:00002848       GlobalNameSpace
 0001:00005928       GlobalReAlloc
 0001:00006160       GlobalReAllocPtr
 0001:00005930       GlobalUnlock
 0001:00085570       GLObjects
 0001:0005A3BC       glOrtho
 0001:0005A3C4       glPixelStorei
 0002:00002E0C       glPointParameterfARB
 0002:00002E10       glPointParameterfvARB
 0001:0005A3CC       glPointSize
 0001:0005A3D4       glPolygonMode
 0002:00002DE8       glPolygonOffsetEXT
 0001:0005A3DC       glPopAttrib
 0001:0005A3E4       glPopMatrix
 0001:0005A3EC       glPopName
 0002:00002DEC       glPrioritizeTexturesEXT
 0002:00002EF4       glProgramEnvParameter4dARB
 0002:00002EF8       glProgramEnvParameter4dvARB
 0002:00002EFC       glProgramEnvParameter4fARB
 0002:00002F00       glProgramEnvParameter4fvARB
 0002:00002F04       glProgramLocalParameter4dARB
 0002:00002F08       glProgramLocalParameter4dvARB
 0002:00002F0C       glProgramLocalParameter4fARB
 0002:00002F10       glProgramLocalParameter4fvARB
 0002:00003168       glProgramParameter4dNV
 0002:0000316C       glProgramParameter4dvNV
 0002:00003170       glProgramParameter4fNV
 0002:00003174       glProgramParameter4fvNV
 0002:00003178       glProgramParameters4dvNV
 0002:0000317C       glProgramParameters4fvNV
 0002:00002EE4       glProgramStringARB
 0001:0005A3F4       glPushAttrib
 0001:0005A3FC       glPushMatrix
 0001:0005A404       glPushName
 0001:0005A40C       glRasterPos2f
 0001:0005A414       glReadPixels
 0002:00003180       glRequestResidentProgramsNV
 0002:00002CAC       glResetHistogram
 0002:00002CC0       glResetMinmax
 0002:00003114       glResizeBuffersMESA
 0001:0005A41C       glRotatef
 0002:0000119C       glsAllFilter
 0002:00002E24       glSampleCoverageARB
 0002:0000311C       glSampleMaskEXT
 0002:0000301C       glSampleMaskSGIS
 0002:00002E28       glSamplePassARB
 0002:00003120       glSamplePatternEXT
 0002:00003020       glSamplePatternSGIS
 0001:0005A424       glScalef
 0001:0007C0B4       GLScene
 0002:00003034       glSecondaryColor3bEXT
 0002:00003038       glSecondaryColor3bvEXT
 0002:0000303C       glSecondaryColor3dEXT
 0002:00003040       glSecondaryColor3dvEXT
 0002:00003044       glSecondaryColor3fEXT
 0002:00003048       glSecondaryColor3fvEXT
 0002:0000304C       glSecondaryColor3iEXT
 0002:00003050       glSecondaryColor3ivEXT
 0002:00003054       glSecondaryColor3sEXT
 0002:00003058       glSecondaryColor3svEXT
 0002:0000305C       glSecondaryColor3ubEXT
 0002:00003060       glSecondaryColor3ubvEXT
 0002:00003064       glSecondaryColor3uiEXT
 0002:00003068       glSecondaryColor3uivEXT
 0002:0000306C       glSecondaryColor3usEXT
 0002:00003070       glSecondaryColor3usvEXT
 0002:00003074       glSecondaryColorPointerEXT
 0002:00002C88       glSeparableFilter2D
 0002:000030E4       glSetFenceNV
 0001:0005A42C       glShadeModel
 0002:00002F7C       glShaderSourceARB
 0001:000694A8       GLSilhouette
 0001:00093478       GLSkyBox
 0001:00067C50       GLState
 0001:00069508       GLStrings
 0002:00003118       glTbufferMask3DFX
 0002:000030E8       glTestFenceNV
 0001:0005A434       glTexCoord2f
 0001:0005A43C       glTexCoord2fv
 0001:00063B1C       glTexCoord2fv_Arbitrary
 0001:00064174       glTexCoord2fv_Dual
 0001:00064474       glTexCoord2fv_Null
 0001:00063EFC       glTexCoord2fv_Second
 0001:00063AE8       glTexCoord2f_Arbitrary
 0001:0006414C       glTexCoord2f_Dual
 0001:0006446C       glTexCoord2f_Null
 0001:00063EE0       glTexCoord2f_Second
 0001:0005A444       glTexCoord3f
 0001:0005A44C       glTexCoord3fv
 0001:00063B88       glTexCoord3fv_Arbitrary
 0001:000641C4       glTexCoord3fv_Dual
 0001:00064484       glTexCoord3fv_Null
 0001:00063F38       glTexCoord3fv_Second
 0001:00063B50       glTexCoord3f_Arbitrary
[...]
    24 0001:000957D7    25 0001:000957E8    26 0001:000957F9    27 0001:0009580A
    28 0001:0009581B    29 0001:0009582C    30 0001:0009583D    31 0001:0009584E
    32 0001:0009585F    33 0001:00095870    34 0001:00095881    35 0001:00095892
    36 0001:000958A3    37 0001:000958B4    38 0001:000958C5    39 0001:000958D6
    40 0001:000958E7    41 0001:000958F8    42 0001:00095909    43 0001:0009591A
    44 0001:0009592B    45 0001:0009593C    46 0001:0009594D    47 0001:0009595E
    48 0001:0009596F    49 0001:00095980    50 0001:00095991    51 0001:000959A2
    52 0001:000959B3    53 0001:000959C4    54 0001:000959D5    55 0001:000959E6
    56 0001:000959F7    57 0001:00095A08    58 0001:00095A19    59 0001:00095A2A
    60 0001:00095A3B    61 0001:00095A4C    62 0001:00095A5D    63 0001:00095A6E
    64 0001:00095A7F    65 0001:00095A90    66 0001:00095AA1    67 0001:00095AB2
    68 0001:00095AC3    69 0001:00095AD4    70 0001:00095AE5    71 0001:00095AF6
    72 0001:00095B07    73 0001:00095B18    74 0001:00095B29    75 0001:00095B3A
    76 0001:00095B4B    77 0001:00095B5C    78 0001:00095B6D    79 0001:00095B7E
    80 0001:00095B8F    81 0001:00095BA0    82 0001:00095BB1    83 0001:00095BC2
    84 0001:00095BD3    85 0001:00095BE4    86 0001:00095BF5    87 0001:00095C06
    88 0001:00095C17    89 0001:00095C28    90 0001:00095C39    91 0001:00095C4A
    92 0001:00095C5B    93 0001:00095C6C    94 0001:00095C7D    95 0001:00095C8E
    96 0001:00095C9F    97 0001:00095CB0    98 0001:00095CC1    99 0001:00095CD2
   100 0001:00095CE3   101 0001:00095CF4   102 0001:00095D05   103 0001:00095D16
   104 0001:00095D27   105 0001:00095D38   106 0001:00095D49   107 0001:00095D5A
   108 0001:00095D6B   109 0001:00095D7C   110 0001:00095D8D   111 0001:00095D9E
   112 0001:00095DAF   113 0001:00095DC0   114 0001:00095DD1   115 0001:00095DE2
   116 0001:00095DF3   117 0001:00095E04   118 0001:00095E15   119 0001:00095E26
   120 0001:00095E37   121 0001:00095E48   122 0001:00095E59   123 0001:00095E6A
   124 0001:00095E7B   125 0001:00095E8C   126 0001:00095E9D   127 0001:00095EAE
   128 0001:00095EBF   129 0001:00095ED0   130 0001:00095EE1   131 0001:00095EF2
   132 0001:00095F03   133 0001:00095F14   134 0001:00095F25   135 0001:00095F36
   136 0001:00095F47   137 0001:00095F58   138 0001:00095F69   139 0001:00095F7A
   140 0001:00095F8B   141 0001:00095F9C   142 0001:00095FAD   143 0001:00095FBE
   144 0001:00095FCF   145 0001:00095FE0   146 0001:00095FF1   147 0001:00096002
   148 0001:00096013   149 0001:00096024   150 0001:00096035   151 0001:00096046
   152 0001:00096057   153 0001:00096068   154 0001:00096079   155 0001:0009608A
   156 0001:0009609B   157 0001:000960AC   158 0001:000960BD   159 0001:000960CE
   160 0001:000960DF   161 0001:000960F0   162 0001:00096101   163 0001:00096112
   164 0001:00096123   165 0001:00096134   166 0001:00096145   167 0001:00096156
   168 0001:00096167   169 0001:00096178   170 0001:00096189   171 0001:0009619A
   172 0001:000961AB   173 0001:000961BC   174 0001:000961CD   175 0001:000961DE
   176 0001:000961EF   177 0001:00096200   178 0001:00096211   179 0001:00096222
   180 0001:00096233   181 0001:00096244   182 0001:00096255   183 0001:00096266
   184 0001:00096277   185 0001:00096288   186 0001:00096299   187 0001:000962AA
   188 0001:000962BB   189 0001:000962CC   190 0001:000962DD   191 0001:000962EE
   192 0001:000962FF   193 0001:00096310   194 0001:00096321   195 0001:00096332
   196 0001:00096343   197 0001:00096354   198 0001:00096365   199 0001:00096376
   200 0001:00096387   201 0001:00096398   202 0001:000963A9   203 0001:000963BA
   204 0001:000963CB   205 0001:000963DC   206 0001:000963ED   207 0001:000963FE
   208 0001:0009640F   209 0001:00096420   210 0001:00096431   211 0001:00096442
   212 0001:00096453   213 0001:00096464   214 0001:00096475   215 0001:00096486
   216 0001:00096497   217 0001:000964A8   218 0001:000964B9   219 0001:000964CA
   220 0001:000964DB   221 0001:000964EC   222 0001:000964FD   223 0001:0009650E
   224 0001:0009651F   225 0001:00096530   226 0001:00096541   227 0001:00096552
   228 0001:00096563   229 0001:00096574   230 0001:00096585   231 0001:00096596
   232 0001:000965A7   233 0001:000965B8   234 0001:000965C9   235 0001:000965DA
   236 0001:000965EB   237 0001:000965FC   238 0001:0009660D   239 0001:0009661E
   240 0001:0009662F   241 0001:00096640   242 0001:0009664C   244 0001:0009665D
   245 0001:0009666E   246 0001:0009667F   247 0001:00096690   248 0001:000966A1
   249 0001:000966B2   250 0001:000966C3   251 0001:000966D4   252 0001:000966E5
   253 0001:000966F6   254 0001:00096707   255 0001:00096718   256 0001:00096729
   257 0001:0009673A   258 0001:0009674B   259 0001:0009675C   260 0001:0009676D
   261 0001:0009677E   262 0001:0009678F   263 0001:000967A0   264 0001:000967B1
   265 0001:000967C2   266 0001:000967D3   267 0001:000967E4   268 0001:000967F5
   269 0001:00096806   270 0001:00096817   271 0001:00096828   272 0001:00096839
   273 0001:0009684A   274 0001:0009685B   275 0001:0009686C   276 0001:0009687D
   278 0001:0009688E   279 0001:0009689F   280 0001:000968B0   281 0001:000968C1
   282 0001:000968D2   283 0001:000968E3   284 0001:000968F4   285 0001:00096905
   286 0001:00096916   287 0001:00096927   288 0001:00096938   289 0001:00096949
   290 0001:0009695A   291 0001:0009696B   292 0001:0009697C   293 0001:0009698D
   294 0001:0009699E   295 0001:000969AF   296 0001:000969C0   297 0001:000969D1
   298 0001:000969E2   299 0001:000969F3   300 0001:00096A04   301 0001:00096A15
   302 0001:00096A26   303 0001:00096A37   304 0001:00096A48   305 0001:00096A59
   306 0001:00096A6A   307 0001:00096A7B   308 0001:00096A8C   309 0001:00096A9D
   310 0001:00096AAE   311 0001:00096ABF   312 0001:00096AD0   313 0001:00096AE1
   314 0001:00096AF2   315 0001:00096B03   316 0001:00096B14   317 0001:00096B25
   318 0001:00096B36   319 0001:00096B47   320 0001:00096B58   321 0001:00096B69
   322 0001:00096B7A   323 0001:00096B8B   324 0001:00096B9C   325 0001:00096BAD
   326 0001:00096BBE   327 0001:00096BCF   328 0001:00096BE0   329 0001:00096BF1
   330 0001:00096C02   331 0001:00096C13   332 0001:00096C24   333 0001:00096C35
   334 0001:00096C46   335 0001:00096C57   336 0001:00096C68   337 0001:00096C79
   338 0001:00096C8A   339 0001:00096C9B   340 0001:00096CAC   341 0001:00096CBD
   342 0001:00096CCE   343 0001:00096CDF   344 0001:00096CF0   345 0001:00096D01
   346 0001:00096D12   347 0001:00096D23   348 0001:00096D34   349 0001:00096D45
   350 0001:00096D56   351 0001:00096D67   352 0001:00096D78   353 0001:00096D89
   354 0001:00096D9A   355 0001:00096DAB   356 0001:00096DBC   357 0001:00096DCD
   358 0001:00096DDE   359 0001:00096DEF   360 0001:00096E00   361 0001:00096E11
   362 0001:00096E22   363 0001:00096E33   364 0001:00096E44   365 0001:00096E55
   366 0001:00096E66   367 0001:00096E77   368 0001:00096E88   369 0001:00096E99
   370 0001:00096EAA   371 0001:00096EBB   372 0001:00096ECC   373 0001:00096EDD
   374 0001:00096EEE   375 0001:00096EFF   376 0001:00096F10   377 0001:00096F21
   378 0001:00096F32   379 0001:00096F43   380 0001:00096F54   381 0001:00096F65
   382 0001:00096F76   383 0001:00096F87   384 0001:00096F98   385 0001:00096FA9
   386 0001:00096FBA   387 0001:00096FCB   388 0001:00096FDC   389 0001:00096FED
   390 0001:00096FFE   391 0001:0009700F   392 0001:00097020   393 0001:00097031
   394 0001:00097042   395 0001:00097053   396 0001:00097064   397 0001:00097075
   398 0001:00097086   399 0001:00097097   400 0001:000970A8   401 0001:000970B9
   402 0001:000970CA   403 0001:000970DB   404 0001:000970EC   405 0001:000970FD
   406 0001:0009710E   407 0001:0009711F   408 0001:00097130   409 0001:00097141
   410 0001:00097152   411 0001:00097163   412 0001:00097174   413 0001:00097185
   414 0001:00097196   415 0001:000971A7   416 0001:000971B8   417 0001:000971C9
   418 0001:000971DA   419 0001:000971EB   420 0001:000971FC   421 0001:0009720D
   422 0001:0009721E   423 0001:0009722F   424 0001:00097240   425 0001:00097251
   426 0001:00097262   427 0001:00097273   428 0001:00097284   430 0001:00097295
   431 0001:000972A6   432 0001:000972B7   433 0001:000972C8   434 0001:000972D9
   435 0001:000972EA   436 0001:000972FB   437 0001:0009730C   438 0001:0009731D
   439 0001:0009732E   440 0001:0009733F   441 0001:00097350   442 0001:00097361
   443 0001:00097372   444 0001:00097383   445 0001:00097394   446 0001:000973A5
   447 0001:000973B6   448 0001:000973C7   449 0001:000973D8   450 0001:000973E9
   451 0001:000973FA   452 0001:0009740B   453 0001:0009741C   454 0001:0009742D
   455 0001:0009743E   456 0001:0009744F   457 0001:00097460   458 0001:00097471
   459 0001:00097482   460 0001:00097493   461 0001:000974A4   462 0001:000974B5
   463 0001:000974C6   464 0001:000974D7   465 0001:000974E8   466 0001:000974F9
   467 0001:0009750A   468 0001:0009751B   469 0001:0009752C   470 0001:0009753D
   471 0001:0009754E   472 0001:0009755F   473 0001:00097570   474 0001:00097581
   475 0001:00097592   476 0001:000975A3   477 0001:000975B4   478 0001:000975C5
   479 0001:000975D6   480 0001:000975E7   481 0001:000975F8   482 0001:00097609
   483 0001:0009761A   484 0001:0009762B   485 0001:0009763C   486 0001:0009764D
   487 0001:0009765E   488 0001:0009766F   489 0001:00097680   490 0001:00097691
   491 0001:000976A2   492 0001:000976B3   493 0001:000976C4   494 0001:000976D5
   495 0001:000976E6   496 0001:000976F7   497 0001:00097708   498 0001:00097719
   499 0001:0009772A   500 0001:0009773B   501 0001:0009774C   502 0001:0009775D
   503 0001:0009776E   504 0001:0009777F   505 0001:00097790   506 0001:000977A1
   507 0001:000977B2   508 0001:000977C3   509 0001:000977D4   510 0001:000977E5
   511 0001:000977F6   512 0001:00097807   513 0001:00097818   514 0001:00097829
   515 0001:0009783A   516 0001:0009784B   517 0001:0009785C   518 0001:0009786D
   519 0001:0009787E   520 0001:0009788F   521 0001:000978A0   522 0001:000978B1
   523 0001:000978C2   524 0001:000978D3   525 0001:000978E4   526 0001:000978F5
   527 0001:00097906   528 0001:00097917   529 0001:00097928   530 0001:00097939
   531 0001:0009794A   532 0001:0009795B   533 0001:0009796C   534 0001:0009797D
   535 0001:0009798E   536 0001:0009799F   537 0001:000979B0   538 0001:000979C1
   539 0001:000979D2   540 0001:000979E3   541 0001:000979F4   542 0001:00097A05
   543 0001:00097A16   544 0001:00097A27   545 0001:00097A38   546 0001:00097A49
   547 0001:00097A5A   548 0001:00097A6B   549 0001:00097A7C   550 0001:00097A8D
   551 0001:00097A9E   552 0001:00097AAF   553 0001:00097AC0   554 0001:00097AD1
   555 0001:00097AE2   556 0001:00097AF3   557 0001:00097B04   558 0001:00097B15
   559 0001:00097B26   560 0001:00097B37   561 0001:00097B48   562 0001:00097B59
   563 0001:00097B6A   564 0001:00097B7B   565 0001:00097B8C   566 0001:00097B9D
   567 0001:00097BAE   568 0001:00097BBF   569 0001:00097BD0   570 0001:00097BE1
   571 0001:00097BF2   572 0001:00097C03   573 0001:00097C14   574 0001:00097C25
   575 0001:00097C36   576 0001:00097C47   577 0001:00097C58   578 0001:00097C69
   579 0001:00097C7A   580 0001:00097C8B   581 0001:00097C9C   582 0001:00097CAD
   583 0001:00097CBE   584 0001:00097CCF   585 0001:00097CE0   586 0001:00097CF1
   587 0001:00097D02   588 0001:00097D13   589 0001:00097D24   590 0001:00097D35
   591 0001:00097D46   592 0001:00097D57   593 0001:00097D68   594 0001:00097D79
   595 0001:00097D8A   596 0001:00097D9B   597 0001:00097DAC   598 0001:00097DBD
   599 0001:00097DCE   600 0001:00097DDF   601 0001:00097DF0   602 0001:00097E01
   603 0001:00097E12   604 0001:00097E23   605 0001:00097E34   606 0001:00097E45
   607 0001:00097E56   608 0001:00097E67   609 0001:00097E78   610 0001:00097E89
   611 0001:00097E9A   612 0001:00097EAB   613 0001:00097EBC   614 0001:00097ECD
   615 0001:00097EDE   617 0001:00097EEF   618 0001:00097F00   619 0001:00097F11
   620 0001:00097F22   621 0001:00097F33   622 0001:00097F44   623 0001:00097F55
   624 0001:00097F66   625 0001:00097F77   626 0001:00097F88   627 0001:00097F99
   628 0001:00097FAA   630 0001:00097FBB   631 0001:00097FCC   632 0001:00097FDD
   633 0001:00097FEE   634 0001:00097FFF   635 0001:00098010   636 0001:00098021
   637 0001:00098032   638 0001:00098043   639 0001:00098054   640 0001:00098065
   641 0001:00098076   642 0001:00098087   643 0001:00098098   644 0001:000980A9
   645 0001:000980BA   646 0001:000980CB   647 0001:000980DC   648 0001:000980ED
   649 0001:000980FE   650 0001:0009810F   651 0001:00098120   652 0001:00098131
   653 0001:00098142   654 0001:00098153   655 0001:00098164   656 0001:00098175
   657 0001:00098186   658 0001:00098197   659 0001:000981A8   660 0001:000981B9
   661 0001:000981CA   662 0001:000981DB   663 0001:000981EC   664 0001:000981FD
   665 0001:0009820E   666 0001:0009821F   667 0001:00098230   668 0001:00098241
   669 0001:00098252   670 0001:00098263   671 0001:00098274   672 0001:00098285
   673 0001:00098296   674 0001:000982A7   675 0001:000982B8   676 0001:000982C9
   677 0001:000982DA   678 0001:000982EB   679 0001:000982FC   680 0001:0009830D
   681 0001:0009831E   682 0001:0009832F   683 0001:00098340   684 0001:00098351
   685 0001:00098362   686 0001:00098373   687 0001:00098384   688 0001:00098395
   689 0001:000983A6   690 0001:000983B7   691 0001:000983C8   692 0001:000983D9
   693 0001:000983EA   694 0001:000983FB   695 0001:0009840C   696 0001:0009841D
   697 0001:0009842E   698 0001:0009843F   699 0001:00098450   700 0001:00098461
   701 0001:00098472   702 0001:00098483   703 0001:00098494   704 0001:000984A5
   705 0001:000984B6   706 0001:000984C7   707 0001:000984D8   708 0001:000984E9
   709 0001:000984FA   710 0001:0009850B   711 0001:0009851C   712 0001:0009852D
   713 0001:0009853E   714 0001:0009854F   715 0001:00098560   716 0001:00098571
   717 0001:00098582   718 0001:00098593   719 0001:000985A4   720 0001:000985B5
   721 0001:000985C6   722 0001:000985D7   723 0001:000985E8   724 0001:000985F9
   725 0001:0009860A   726 0001:0009861B   727 0001:0009862C   728 0001:0009863D
   729 0001:0009864E   730 0001:0009865F   731 0001:00098670   732 0001:00098681
   733 0001:0009868D   734 0001:0009869E   735 0001:000986AA   736 0001:000986BB
   737 0001:000986C7   738 0001:000986D3   739 0001:000986DF   740 0001:000986EB
   741 0001:000986F7   742 0001:00098703   743 0001:0009870C   744 0001:00098715
   745 0001:00098723   746 0001:00098731   747 0001:0009873F   748 0001:0009874D
   749 0001:0009875B   750 0001:00098769   751 0001:00098777   753 0001:00098783
   755 0001:000A4674   755 0001:000A467B

Line numbers for Unit1(Unit1.pas) segment .text

   338 0001:000A4BB0   339 0001:000A4BB3   340 0001:000A4BBD   341 0001:000A4BC4
   342 0001:000A4BC9   343 0001:000A4BD0   387 0001:000A4BD4   388 0001:000A4BD5
   389 0001:000A4BD7   390 0001:000A4BE1   392 0001:000A4BE5   393 0001:000A4BE8
   394 0001:000A4BEA   389 0001:000A4BED   395 0001:000A4BF2   409 0001:000A4BF4
   425 0001:000A4BF8   431 0001:000A4BFC   498 0001:000A4C00   499 0001:000A4C04
   500 0001:000A4C13   501 0001:000A4C21   502 0001:000A4C2E   504 0001:000A4C45
   505 0001:000A4C56   506 0001:000A4C6B   507 0001:000A4C7C   508 0001:000A4C92
   509 0001:000A4CA3   510 0001:000A4CBA   511 0001:000A4CCB   512 0001:000A4CE0
   515 0001:000A4CF5   517 0001:000A4D05   520 0001:000A4D64   526 0001:000A4D68
   526 0001:000A4D6B   529 0001:000A4D70   532 0001:000A4D74   546 0001:000A4D78
   547 0001:000A4D7B   548 0001:000A4D95   557 0001:000A4DA0   558 0001:000A4DA7
   559 0001:000A4DB6   560 0001:000A4DC4   561 0001:000A4DD1   563 0001:000A4DE8
   564 0001:000A4DF6   565 0001:000A4E07   566 0001:000A4E2B   567 0001:000A4E30
   568 0001:000A4E3E   569 0001:000A4E4F   570 0001:000A4E74   571 0001:000A4E79
   572 0001:000A4E87   573 0001:000A4E98   574 0001:000A4EBE   575 0001:000A4EC3
   576 0001:000A4ED1   577 0001:000A4EE2   578 0001:000A4F06   579 0001:000A4F0B
   582 0001:000A4F20   584 0001:000A4F30   590 0001:000A4F98   591 0001:000A4F9C
   592 0001:000A4FAB   593 0001:000A4FB9   594 0001:000A4FC6   596 0001:000A4FD9
   597 0001:000A4FEF   598 0001:000A5005   599 0001:000A501B   602 0001:000A5030
   604 0001:000A5040   617 0001:000A5094   618 0001:000A50C8   619 0001:000A5107
   620 0001:000A5110   621 0001:000A5120   623 0001:000A5129   624 0001:000A5139
   625 0001:000A518C   626 0001:000A51C1   629 0001:000A5200   630 0001:000A522A
   631 0001:000A5234   632 0001:000A523E   633 0001:000A524B   634 0001:000A5255
   635 0001:000A527A   636 0001:000A5284   638 0001:000A52A7   639 0001:000A52B1
   641 0001:000A52C3   642 0001:000A52CC   643 0001:000A52D4   644 0001:000A52DC
   645 0001:000A52E4   646 0001:000A52EC   648 0001:000A52F3   649 0001:000A52FD
   650 0001:000A5305   651 0001:000A5324   654 0001:000A533B   655 0001:000A5356
   656 0001:000A5384   658 0001:000A53A3   660 0001:000A53AD   662 0001:000A53C8
   663 0001:000A53E0   665 0001:000A53E5   669 0001:000A5409   671 0001:000A5424
   672 0001:000A543C   674 0001:000A5441   675 0001:000A544B   676 0001:000A546D
   679 0001:000A5477   680 0001:000A547C   682 0001:000A5488   683 0001:000A5492
   684 0001:000A54A0   685 0001:000A54A9   686 0001:000A54B3   687 0001:000A54B8
   689 0001:000A54DD   692 0001:000A54FC   693 0001:000A5506   694 0001:000A550E
   695 0001:000A5518   697 0001:000A551D   698 0001:000A5527   699 0001:000A553A
   700 0001:000A554D   701 0001:000A5561   703 0001:000A5575   704 0001:000A557F
   705 0001:000A558D   706 0001:000A5596   707 0001:000A55A0   709 0001:000A55C5
   712 0001:000A55E4   715 0001:000A561D   720 0001:000A58A4   721 0001:000A58BE
   726 0001:000A58C0   731 0001:000A58C4   736 0001:000A58C8   738 0001:000A58E1
   740 0001:000A58FC   741 0001:000A5909   743 0001:000A5916   744 0001:000A592F
   745 0001:000A5944   746 0001:000A5957   747 0001:000A5963   748 0001:000A596F
   749 0001:000A597B   750 0001:000A598D   751 0001:000A599C   753 0001:000A59A6
   754 0001:000A59AD   758 0001:000A59B2   759 0001:000A59BF   760 0001:000A59C4
   761 0001:000A59C9   762 0001:000A59CE   763 0001:000A59D3   765 0001:000A59F5
   768 0001:000A5A20   771 0001:000A5A23   774 0001:000A5A28   777 0001:000A5A2B
   782 0001:000A5A30   783 0001:000A5A40   784 0001:000A5A45   788 0001:000A5A48
   790 0001:000A5A4E   792 0001:000A5A5D   793 0001:000A5A8A   795 0001:000A5A96
   797 0001:000A5A9D   801 0001:000A5AC0   803 0001:000A5AD0   804 0001:000A5AE2
   805 0001:000A5AEA   809 0001:000A5AF4   811 0001:000A5B04   812 0001:000A5B16
   813 0001:000A5B20   818 0001:000A5B28   820 0001:000A5B35   821 0001:000A5B45
   823 0001:000A5B4C   827 0001:000A5B56   828 0001:000A5B67   825 0001:000A5B72
   831 0001:000A5B7F   833 0001:000A5B89   839 0001:000A5B90   840 0001:000A5BA4
   842 0001:000A5BB8   848 0001:000A5BCC   850 0001:000A5BE2   853 0001:000A5BE9
   856 0001:000A5C0A   861 0001:000A5C14   864 0001:000A5C1B   866 0001:000A5C24
   868 0001:000A5C2F   869 0001:000A5C36   873 0001:000A5C41   874 0001:000A5C4D
   880 0001:000A5C57   882 0001:000A5C65   884 0001:000A5C7B   887 0001:000A5CBE
   888 0001:000A5CC7   890 0001:000A5CCE   893 0001:000A5D11   894 0001:000A5D1A
   898 0001:000A5D3E   902 0001:000A5D44   904 0001:000A5D47   905 0001:000A5D51
   906 0001:000A5D5B   910 0001:000A5D60   914 0001:000A5D63   920 0001:000A5D68
   924 0001:000A5D6C   926 0001:000A5D6F   931 0001:000A5D74   933 0001:000A5DC8
   933 0001:000A5DCF

Line numbers for Legie(Legie.dpr) segment .text

    14 0001:000A6120    18 0001:000A614C    19 0001:000A615A    20 0001:000A6166
    21 0001:000A6177    22 0001:000A618F    24 0001:000A61B6    25 0001:000A61B8
    28 0001:000A6229

Bound resource files

Buttons.res
ExtDlgs.res
Controls.res
Unit1.dfm
Legie.res
C:\Users\lordo\AppData\Local\Temp\dtfA0C4.tmp


Program entry point at 0001:000A6120
