
 Start         Length     Name                   Class
 0001:00000000 000BBE4CH .text                   CODE
 0002:00000000 00002644H .data                   DATA
 0002:00002644 000017CDH .bss                    BSS


Detailed map of segments

 0001:00000000 00005543 C=CODE     S=.text    G=(none)   M=System   ACBP=A9
 0001:00005544 00000140 C=CODE     S=.text    G=(none)   M=SysInit  ACBP=A9
 0001:00005684 00000078 C=CODE     S=.text    G=(none)   M=Types    ACBP=A9
 0001:000056FC 00000D00 C=CODE     S=.text    G=(none)   M=Windows  ACBP=A9
 0001:000063FC 00000038 C=CODE     S=.text    G=(none)   M=Messages ACBP=A9
 0001:00006434 00000330 C=CODE     S=.text    G=(none)   M=SysConst ACBP=A9
 0001:00006764 000067A8 C=CODE     S=.text    G=(none)   M=SysUtils ACBP=A9
 0001:0000CF0C 000007FB C=CODE     S=.text    G=(none)   M=VarUtils ACBP=A9
 0001:0000D708 000066BA C=CODE     S=.text    G=(none)   M=Variants ACBP=A9
 0001:00013DC4 00000140 C=CODE     S=.text    G=(none)   M=RTLConsts ACBP=A9
 0001:00013F04 00000DB0 C=CODE     S=.text    G=(none)   M=TypInfo  ACBP=A9
 0001:00014CB4 00000038 C=CODE     S=.text    G=(none)   M=ActiveX  ACBP=A9
 0001:00014CEC 0000C83E C=CODE     S=.text    G=(none)   M=Classes  ACBP=A9
 0001:0002152C 000002D8 C=CODE     S=.text    G=(none)   M=Consts   ACBP=A9
 0001:00021804 000091EB C=CODE     S=.text    G=(none)   M=Graphics ACBP=A9
 0001:0002A9F0 00000048 C=CODE     S=.text    G=(none)   M=Math     ACBP=A9
 0001:0002AA38 00000304 C=CODE     S=.text    G=(none)   M=Contnrs  ACBP=A9
 0001:0002AD3C 000000F4 C=CODE     S=.text    G=(none)   M=CommCtrl ACBP=A9
 0001:0002AE30 00000787 C=CODE     S=.text    G=(none)   M=MultiMon ACBP=A9
 0001:0002B5B8 00000038 C=CODE     S=.text    G=(none)   M=Imm      ACBP=A9
 0001:0002B5F0 00000FF8 C=CODE     S=.text    G=(none)   M=HelpIntfs ACBP=A9
 0001:0002C5E8 00000038 C=CODE     S=.text    G=(none)   M=WinSpool ACBP=A9
 0001:0002C620 00000044 C=CODE     S=.text    G=(none)   M=Printers ACBP=A9
 0001:0002C664 0000031F C=CODE     S=.text    G=(none)   M=FlatSB   ACBP=A9
 0001:0002C984 000001A4 C=CODE     S=.text    G=(none)   M=SyncObjs ACBP=A9
 0001:0002CB28 000009BB C=CODE     S=.text    G=(none)   M=UxTheme  ACBP=A9
 0001:0002D4E4 00000038 C=CODE     S=.text    G=(none)   M=RichEdit ACBP=A9
 0001:0002D51C 00000038 C=CODE     S=.text    G=(none)   M=ToolWin  ACBP=A9
 0001:0002D554 00000040 C=CODE     S=.text    G=(none)   M=ShellAPI ACBP=A9
 0001:0002D594 00000038 C=CODE     S=.text    G=(none)   M=RegStr   ACBP=A9
 0001:0002D5CC 00000038 C=CODE     S=.text    G=(none)   M=WinInet  ACBP=A9
 0001:0002D604 00000038 C=CODE     S=.text    G=(none)   M=UrlMon   ACBP=A9
 0001:0002D63C 00000038 C=CODE     S=.text    G=(none)   M=ShlObj   ACBP=A9
 0001:0002D674 00000038 C=CODE     S=.text    G=(none)   M=CommDlg  ACBP=A9
 0001:0002D6AC 00000038 C=CODE     S=.text    G=(none)   M=Dlgs     ACBP=A9
 0001:0002D6E4 0000066D C=CODE     S=.text    G=(none)   M=Dialogs  ACBP=A9
 0001:0002DD54 000011AA C=CODE     S=.text    G=(none)   M=ExtCtrls ACBP=A9
 0001:0002EF00 00000038 C=CODE     S=.text    G=(none)   M=ComStrs  ACBP=A9
 0001:0002EF38 00000094 C=CODE     S=.text    G=(none)   M=Clipbrd  ACBP=A9
 0001:0002EFCC 00000038 C=CODE     S=.text    G=(none)   M=StrUtils ACBP=A9
 0001:0002F004 000000F5 C=CODE     S=.text    G=(none)   M=Buttons  ACBP=A9
 0001:0002F0FC 00000038 C=CODE     S=.text    G=(none)   M=ExtDlgs  ACBP=A9
 0001:0002F134 00000068 C=CODE     S=.text    G=(none)   M=IniFiles ACBP=A9
 0001:0002F19C 00000570 C=CODE     S=.text    G=(none)   M=Registry ACBP=A9
 0001:0002F70C 0000006C C=CODE     S=.text    G=(none)   M=Mapi     ACBP=A9
 0001:0002F778 00000058 C=CODE     S=.text    G=(none)   M=ExtActns ACBP=A9
 0001:0002F7D0 00000038 C=CODE     S=.text    G=(none)   M=ListActns ACBP=A9
 0001:0002F808 00000180 C=CODE     S=.text    G=(none)   M=ComCtrls ACBP=A9
 0001:0002F988 00000A0C C=CODE     S=.text    G=(none)   M=Themes   ACBP=A9
 0001:00030394 00000038 C=CODE     S=.text    G=(none)   M=StdCtrls ACBP=A9
 0001:000303CC 00000168 C=CODE     S=.text    G=(none)   M=StdActns ACBP=A9
 0001:00030534 00000D1F C=CODE     S=.text    G=(none)   M=WinHelpViewer ACBP=A9
 0001:00031254 00010763 C=CODE     S=.text    G=(none)   M=Controls ACBP=A9
 0001:000419B8 00001292 C=CODE     S=.text    G=(none)   M=ActnList ACBP=A9
 0001:00042C4C 000016E4 C=CODE     S=.text    G=(none)   M=ImgList  ACBP=A9
 0001:00044330 00006639 C=CODE     S=.text    G=(none)   M=Menus    ACBP=A9
 0001:0004A96C 0000C488 C=CODE     S=.text    G=(none)   M=Forms    ACBP=A9
 0001:00056DF4 00000038 C=CODE     S=.text    G=(none)   M=VectorTypes ACBP=A9
 0001:00056E2C 000034A5 C=CODE     S=.text    G=(none)   M=VectorGeometry ACBP=A9
 0001:0005A2D4 00005373 C=CODE     S=.text    G=(none)   M=OpenGL1x ACBP=A9
 0001:0005F648 00000744 C=CODE     S=.text    G=(none)   M=Spline   ACBP=A9
 0001:0005FD8C 000005BC C=CODE     S=.text    G=(none)   M=ApplicationFileIO ACBP=A9
 0001:00060348 00001954 C=CODE     S=.text    G=(none)   M=PersistentClasses ACBP=A9
 0001:00061C9C 00001EA4 C=CODE     S=.text    G=(none)   M=VectorLists ACBP=A9
 0001:00063B40 000013E5 C=CODE     S=.text    G=(none)   M=XOpenGL  ACBP=A9
 0001:00064F28 00001048 C=CODE     S=.text    G=(none)   M=GLMisc   ACBP=A9
 0001:00065F70 000002D4 C=CODE     S=.text    G=(none)   M=GLUtils  ACBP=A9
 0001:00066244 00001657 C=CODE     S=.text    G=(none)   M=GLContext ACBP=A9
 0001:0006789C 000004C4 C=CODE     S=.text    G=(none)   M=GLState  ACBP=A9
 0001:00067D60 00000CF0 C=CODE     S=.text    G=(none)   M=XCollection ACBP=A9
 0001:00068A50 000002FC C=CODE     S=.text    G=(none)   M=GeometryBB ACBP=A9
 0001:00068D4C 0000086C C=CODE     S=.text    G=(none)   M=GLSilhouette ACBP=A9
 0001:000695B8 00000060 C=CODE     S=.text    G=(none)   M=GLStrings ACBP=A9
 0001:00069618 000001D0 C=CODE     S=.text    G=(none)   M=PictureRegisteredFormats ACBP=A9
 0001:000697E8 00000494 C=CODE     S=.text    G=(none)   M=GLCrossPlatform ACBP=A9
 0001:00069C7C 000012B4 C=CODE     S=.text    G=(none)   M=GLGraphics ACBP=A9
 0001:0006AF30 00007EF0 C=CODE     S=.text    G=(none)   M=GLTexture ACBP=A9
 0001:00072E20 000094F2 C=CODE     S=.text    G=(none)   M=GLScene  ACBP=A9
 0001:0007C314 00001623 C=CODE     S=.text    G=(none)   M=GLWin32Context ACBP=A9
 0001:0007D938 00000C74 C=CODE     S=.text    G=(none)   M=GLWin32Viewer ACBP=A9
 0001:0007E5AC 00000E04 C=CODE     S=.text    G=(none)   M=GLCadencer ACBP=A9
 0001:0007F3B0 00006414 C=CODE     S=.text    G=(none)   M=GLObjects ACBP=A9
 0001:000857C4 00000926 C=CODE     S=.text    G=(none)   M=GLMesh   ACBP=A9
 0001:000860EC 00000038 C=CODE     S=.text    G=(none)   M=Octree   ACBP=A9
 0001:00086124 0000019C C=CODE     S=.text    G=(none)   M=MeshUtils ACBP=A9
 0001:000862C0 00000740 C=CODE     S=.text    G=(none)   M=GLBaseMeshSilhouette ACBP=A9
 0001:00086A00 000096DC C=CODE     S=.text    G=(none)   M=GLVectorFileObjects ACBP=A9
 0001:000900DC 00001B2C C=CODE     S=.text    G=(none)   M=GLBitmapFont ACBP=A9
 0001:00091C08 00000A54 C=CODE     S=.text    G=(none)   M=GLHUDObjects ACBP=A9
 0001:0009265C 0000102C C=CODE     S=.text    G=(none)   M=GLSkyBox ACBP=A9
 0001:00093688 00000998 C=CODE     S=.text    G=(none)   M=GLVfsPAK ACBP=A9
 0001:00094020 00000050 C=CODE     S=.text    G=(none)   M=JConsts  ACBP=A9
 0001:00094070 000133EC C=CODE     S=.text    G=(none)   M=jpeg     ACBP=A9
 0001:000A745C 00000780 C=CODE     S=.text    G=(none)   M=TGA      ACBP=A9
 0001:000A7BDC 00000038 C=CODE     S=.text    G=(none)   M=fmodtypes ACBP=A9
 0001:000A7C14 00000091 C=CODE     S=.text    G=(none)   M=fmod     ACBP=A9
 0001:000A7CA8 0000004C C=CODE     S=.text    G=(none)   M=LegieTypes ACBP=A9
 0001:000A7CF4 00000C2C C=CODE     S=.text    G=(none)   M=SoundSystem ACBP=A9
 0001:000A8920 00000060 C=CODE     S=.text    G=(none)   M=FMODApi  ACBP=A9
 0001:000A8980 00000038 C=CODE     S=.text    G=(none)   M=CutsceneSystem ACBP=A9
 0001:000A89B8 0000FA7C C=CODE     S=.text    G=(none)   M=GameTextTable ACBP=A9
 0001:000B8434 00003568 C=CODE     S=.text    G=(none)   M=Unit1    ACBP=A9
 0001:000BB99C 000004B0 C=CODE     S=.text    G=(none)   M=Legie    ACBP=A9
 0002:00000000 000000A4 C=DATA     S=.data    G=DGROUP   M=System   ACBP=A9
 0002:000000A4 00000020 C=DATA     S=.data    G=DGROUP   M=SysInit  ACBP=A9
 0002:000000C4 00000254 C=DATA     S=.data    G=DGROUP   M=SysUtils ACBP=A9
 0002:00000318 00000008 C=DATA     S=.data    G=DGROUP   M=VarUtils ACBP=A9
 0002:00000320 00000136 C=DATA     S=.data    G=DGROUP   M=Variants ACBP=A9
 0002:00000458 0000000C C=DATA     S=.data    G=DGROUP   M=TypInfo  ACBP=A9
 0002:00000464 00000064 C=DATA     S=.data    G=DGROUP   M=Classes  ACBP=A9
 0002:000004C8 0000030C C=DATA     S=.data    G=DGROUP   M=Graphics ACBP=A9
 0002:000007D4 00000004 C=DATA     S=.data    G=DGROUP   M=Printers ACBP=A9
 0002:000007D8 00000074 C=DATA     S=.data    G=DGROUP   M=Dialogs  ACBP=A9
 0002:0000084C 00000178 C=DATA     S=.data    G=DGROUP   M=ExtCtrls ACBP=A9
 0002:000009C4 0000002C C=DATA     S=.data    G=DGROUP   M=Buttons  ACBP=A9
 0002:000009F0 00000008 C=DATA     S=.data    G=DGROUP   M=IniFiles ACBP=A9
 0002:000009F8 00000008 C=DATA     S=.data    G=DGROUP   M=Registry ACBP=A9
 0002:00000A00 00000008 C=DATA     S=.data    G=DGROUP   M=Mapi     ACBP=A9
 0002:00000A08 00000018 C=DATA     S=.data    G=DGROUP   M=ComCtrls ACBP=A9
 0002:00000A20 00000068 C=DATA     S=.data    G=DGROUP   M=Themes   ACBP=A9
 0002:00000A88 0000013C C=DATA     S=.data    G=DGROUP   M=Controls ACBP=A9
 0002:00000BC4 00000020 C=DATA     S=.data    G=DGROUP   M=ImgList  ACBP=A9
 0002:00000BE4 000000EC C=DATA     S=.data    G=DGROUP   M=Menus    ACBP=A9
 0002:00000CD0 0000011C C=DATA     S=.data    G=DGROUP   M=Forms    ACBP=A9
 0002:00000DEC 000001BE C=DATA     S=.data    G=DGROUP   M=VectorGeometry ACBP=A9
 0002:00000FAC 0000000C C=DATA     S=.data    G=DGROUP   M=ApplicationFileIO ACBP=A9
 0002:00000FB8 00000141 C=DATA     S=.data    G=DGROUP   M=PersistentClasses ACBP=A9
 0002:000010FC 00000008 C=DATA     S=.data    G=DGROUP   M=VectorLists ACBP=A9
 0002:00001104 00000001 C=DATA     S=.data    G=DGROUP   M=GLMisc   ACBP=A9
 0002:00001108 00000009 C=DATA     S=.data    G=DGROUP   M=GLContext ACBP=A9
 0002:00001114 00000088 C=DATA     S=.data    G=DGROUP   M=GLState  ACBP=A9
 0002:0000119C 00000004 C=DATA     S=.data    G=DGROUP   M=GLCrossPlatform ACBP=A9
 0002:000011A0 000002E0 C=DATA     S=.data    G=DGROUP   M=GLTexture ACBP=A9
 0002:00001480 00000034 C=DATA     S=.data    G=DGROUP   M=GLScene  ACBP=A9
 0002:000014B4 00000048 C=DATA     S=.data    G=DGROUP   M=GLWin32Context ACBP=A9
 0002:000014FC 00000130 C=DATA     S=.data    G=DGROUP   M=GLObjects ACBP=A9
 0002:0000162C 00000030 C=DATA     S=.data    G=DGROUP   M=GLVectorFileObjects ACBP=A9
 0002:0000165C 00000020 C=DATA     S=.data    G=DGROUP   M=GLBitmapFont ACBP=A9
 0002:0000167C 00000908 C=DATA     S=.data    G=DGROUP   M=jpeg     ACBP=A9
 0002:00001F84 00000001 C=DATA     S=.data    G=DGROUP   M=Unit1    ACBP=A9
 0002:00003000 00000660 C=BSS      S=.bss     G=DGROUP   M=System   ACBP=A9
 0002:00003660 00000010 C=BSS      S=.bss     G=DGROUP   M=SysInit  ACBP=A9
 0002:00003670 00000004 C=BSS      S=.bss     G=DGROUP   M=Types    ACBP=A9
 0002:00003674 00000004 C=BSS      S=.bss     G=DGROUP   M=Windows  ACBP=A9
 0002:00003678 00000004 C=BSS      S=.bss     G=DGROUP   M=Messages ACBP=A9
 0002:0000367C 00000004 C=BSS      S=.bss     G=DGROUP   M=SysConst ACBP=A9
 0002:00003680 00000120 C=BSS      S=.bss     G=DGROUP   M=SysUtils ACBP=A9
 0002:000037A0 0000005C C=BSS      S=.bss     G=DGROUP   M=VarUtils ACBP=A9
 0002:000037FC 00000040 C=BSS      S=.bss     G=DGROUP   M=Variants ACBP=A9
 0002:0000383C 00000004 C=BSS      S=.bss     G=DGROUP   M=RTLConsts ACBP=A9
 0002:00003840 00000004 C=BSS      S=.bss     G=DGROUP   M=TypInfo  ACBP=A9
 0002:00003844 00000004 C=BSS      S=.bss     G=DGROUP   M=ActiveX  ACBP=A9
 0002:00003848 00000040 C=BSS      S=.bss     G=DGROUP   M=Classes  ACBP=A9
 0002:00003888 00000004 C=BSS      S=.bss     G=DGROUP   M=Consts   ACBP=A9
 0002:0000388C 00000060 C=BSS      S=.bss     G=DGROUP   M=Graphics ACBP=A9
 0002:000038EC 00000004 C=BSS      S=.bss     G=DGROUP   M=Math     ACBP=A9
 0002:000038F0 00000004 C=BSS      S=.bss     G=DGROUP   M=Contnrs  ACBP=A9
 0002:000038F4 00000004 C=BSS      S=.bss     G=DGROUP   M=CommCtrl ACBP=A9
 0002:000038F8 00000031 C=BSS      S=.bss     G=DGROUP   M=MultiMon ACBP=A9
 0002:0000392C 00000004 C=BSS      S=.bss     G=DGROUP   M=Imm      ACBP=A9
 0002:00003930 00000008 C=BSS      S=.bss     G=DGROUP   M=HelpIntfs ACBP=A9
 0002:00003938 00000004 C=BSS      S=.bss     G=DGROUP   M=WinSpool ACBP=A9
 0002:0000393C 00000004 C=BSS      S=.bss     G=DGROUP   M=Printers ACBP=A9
 0002:00003940 00000034 C=BSS      S=.bss     G=DGROUP   M=FlatSB   ACBP=A9
 0002:00003974 00000004 C=BSS      S=.bss     G=DGROUP   M=SyncObjs ACBP=A9
 0002:00003978 000000CC C=BSS      S=.bss     G=DGROUP   M=UxTheme  ACBP=A9
 0002:00003A44 00000004 C=BSS      S=.bss     G=DGROUP   M=RichEdit ACBP=A9
 0002:00003A48 00000004 C=BSS      S=.bss     G=DGROUP   M=ToolWin  ACBP=A9
 0002:00003A4C 00000004 C=BSS      S=.bss     G=DGROUP   M=ShellAPI ACBP=A9
 0002:00003A50 00000004 C=BSS      S=.bss     G=DGROUP   M=RegStr   ACBP=A9
 0002:00003A54 00000004 C=BSS      S=.bss     G=DGROUP   M=WinInet  ACBP=A9
 0002:00003A58 00000004 C=BSS      S=.bss     G=DGROUP   M=UrlMon   ACBP=A9
 0002:00003A5C 00000004 C=BSS      S=.bss     G=DGROUP   M=ShlObj   ACBP=A9
 0002:00003A60 00000004 C=BSS      S=.bss     G=DGROUP   M=CommDlg  ACBP=A9
 0002:00003A64 00000004 C=BSS      S=.bss     G=DGROUP   M=Dlgs     ACBP=A9
 0002:00003A68 0000000C C=BSS      S=.bss     G=DGROUP   M=Dialogs  ACBP=A9
 0002:00003A74 00000004 C=BSS      S=.bss     G=DGROUP   M=ExtCtrls ACBP=A9
 0002:00003A78 00000004 C=BSS      S=.bss     G=DGROUP   M=ComStrs  ACBP=A9
 0002:00003A7C 0000000C C=BSS      S=.bss     G=DGROUP   M=Clipbrd  ACBP=A9
 0002:00003A88 00000004 C=BSS      S=.bss     G=DGROUP   M=StrUtils ACBP=A9
 0002:00003A8C 00000030 C=BSS      S=.bss     G=DGROUP   M=Buttons  ACBP=A9
 0002:00003ABC 00000004 C=BSS      S=.bss     G=DGROUP   M=ExtDlgs  ACBP=A9
 0002:00003AC0 00000004 C=BSS      S=.bss     G=DGROUP   M=IniFiles ACBP=A9
 0002:00003AC4 00000004 C=BSS      S=.bss     G=DGROUP   M=Registry ACBP=A9
 0002:00003AC8 00000004 C=BSS      S=.bss     G=DGROUP   M=Mapi     ACBP=A9
 0002:00003ACC 00000009 C=BSS      S=.bss     G=DGROUP   M=ExtActns ACBP=A9
 0002:00003AD8 00000004 C=BSS      S=.bss     G=DGROUP   M=ListActns ACBP=A9
 0002:00003ADC 00000010 C=BSS      S=.bss     G=DGROUP   M=ComCtrls ACBP=A9
 0002:00003AEC 00000008 C=BSS      S=.bss     G=DGROUP   M=Themes   ACBP=A9
 0002:00003AF4 00000004 C=BSS      S=.bss     G=DGROUP   M=StdCtrls ACBP=A9
 0002:00003AF8 00000004 C=BSS      S=.bss     G=DGROUP   M=StdActns ACBP=A9
 0002:00003AFC 00000014 C=BSS      S=.bss     G=DGROUP   M=WinHelpViewer ACBP=A9
 0002:00003B10 00000080 C=BSS      S=.bss     G=DGROUP   M=Controls ACBP=A9
 0002:00003B90 00000004 C=BSS      S=.bss     G=DGROUP   M=ActnList ACBP=A9
 0002:00003B94 0000000C C=BSS      S=.bss     G=DGROUP   M=ImgList  ACBP=A9
 0002:00003BA0 00000010 C=BSS      S=.bss     G=DGROUP   M=Menus    ACBP=A9
 0002:00003BB0 00000020 C=BSS      S=.bss     G=DGROUP   M=Forms    ACBP=A9
 0002:00003BD0 00000004 C=BSS      S=.bss     G=DGROUP   M=VectorTypes ACBP=A9
 0002:00003BD4 00000004 C=BSS      S=.bss     G=DGROUP   M=VectorGeometry ACBP=A9
 0002:00003BD8 0000065C C=BSS      S=.bss     G=DGROUP   M=OpenGL1x ACBP=A9
 0002:00004234 00000004 C=BSS      S=.bss     G=DGROUP   M=Spline   ACBP=A9
 0002:00004238 00000004 C=BSS      S=.bss     G=DGROUP   M=ApplicationFileIO ACBP=A9
 0002:0000423C 00000004 C=BSS      S=.bss     G=DGROUP   M=PersistentClasses ACBP=A9
 0002:00004240 00000004 C=BSS      S=.bss     G=DGROUP   M=VectorLists ACBP=A9
 0002:00004244 00000058 C=BSS      S=.bss     G=DGROUP   M=XOpenGL  ACBP=A9
 0002:0000429C 00000008 C=BSS      S=.bss     G=DGROUP   M=GLMisc   ACBP=A9
 0002:000042A4 00000104 C=BSS      S=.bss     G=DGROUP   M=GLUtils  ACBP=A9
 0002:000043A8 0000000C C=BSS      S=.bss     G=DGROUP   M=GLContext ACBP=A9
 0002:000043B4 00000004 C=BSS      S=.bss     G=DGROUP   M=GLState  ACBP=A9
 0002:000043B8 00000010 C=BSS      S=.bss     G=DGROUP   M=XCollection ACBP=A9
 0002:000043C8 00000004 C=BSS      S=.bss     G=DGROUP   M=GeometryBB ACBP=A9
 0002:000043CC 00000004 C=BSS      S=.bss     G=DGROUP   M=GLSilhouette ACBP=A9
 0002:000043D0 00000004 C=BSS      S=.bss     G=DGROUP   M=GLStrings ACBP=A9
 0002:000043D4 00000004 C=BSS      S=.bss     G=DGROUP   M=PictureRegisteredFormats ACBP=A9
 0002:000043D8 00000004 C=BSS      S=.bss     G=DGROUP   M=GLCrossPlatform ACBP=A9
 0002:000043DC 00000004 C=BSS      S=.bss     G=DGROUP   M=GLGraphics ACBP=A9
 0002:000043E0 0000001C C=BSS      S=.bss     G=DGROUP   M=GLTexture ACBP=A9
 0002:000043FC 0000001C C=BSS      S=.bss     G=DGROUP   M=GLScene  ACBP=A9
 0002:00004418 0000001C C=BSS      S=.bss     G=DGROUP   M=GLWin32Context ACBP=A9
 0002:00004434 00000004 C=BSS      S=.bss     G=DGROUP   M=GLWin32Viewer ACBP=A9
 0002:00004438 00000019 C=BSS      S=.bss     G=DGROUP   M=GLCadencer ACBP=A9
 0002:00004454 00000004 C=BSS      S=.bss     G=DGROUP   M=GLObjects ACBP=A9
 0002:00004458 00000004 C=BSS      S=.bss     G=DGROUP   M=GLMesh   ACBP=A9
 0002:0000445C 00000004 C=BSS      S=.bss     G=DGROUP   M=Octree   ACBP=A9
 0002:00004460 00000008 C=BSS      S=.bss     G=DGROUP   M=MeshUtils ACBP=A9
 0002:00004468 00000004 C=BSS      S=.bss     G=DGROUP   M=GLBaseMeshSilhouette ACBP=A9
 0002:0000446C 00000008 C=BSS      S=.bss     G=DGROUP   M=GLVectorFileObjects ACBP=A9
 0002:00004474 00000004 C=BSS      S=.bss     G=DGROUP   M=GLBitmapFont ACBP=A9
 0002:00004478 00000004 C=BSS      S=.bss     G=DGROUP   M=GLHUDObjects ACBP=A9
 0002:0000447C 00000004 C=BSS      S=.bss     G=DGROUP   M=GLSkyBox ACBP=A9
 0002:00004480 00000088 C=BSS      S=.bss     G=DGROUP   M=GLVfsPAK ACBP=A9
 0002:00004508 00000004 C=BSS      S=.bss     G=DGROUP   M=JConsts  ACBP=A9
 0002:0000450C 00000004 C=BSS      S=.bss     G=DGROUP   M=jpeg     ACBP=A9
 0002:00004510 00000004 C=BSS      S=.bss     G=DGROUP   M=TGA      ACBP=A9
 0002:00004514 00000004 C=BSS      S=.bss     G=DGROUP   M=fmodtypes ACBP=A9
 0002:00004518 00000006 C=BSS      S=.bss     G=DGROUP   M=fmod     ACBP=A9
 0002:00004520 00000194 C=BSS      S=.bss     G=DGROUP   M=LegieTypes ACBP=A9
 0002:000046B4 00000004 C=BSS      S=.bss     G=DGROUP   M=SoundSystem ACBP=A9
 0002:000046B8 00000006 C=BSS      S=.bss     G=DGROUP   M=FMODApi  ACBP=A9
 0002:000046C0 00000004 C=BSS      S=.bss     G=DGROUP   M=CutsceneSystem ACBP=A9
 0002:000046C4 00000004 C=BSS      S=.bss     G=DGROUP   M=GameTextTable ACBP=A9
 0002:000046C8 00000104 C=BSS      S=.bss     G=DGROUP   M=Unit1    ACBP=A9


  Address         Publics by Name

 0001:000A3458       ..
 0002:00001B24       ..
 0001:000A5660       ..
 0001:0009DA18       ..
 0002:00001924       ..
 0001:00098684       ..
 0001:0009D748       ..
 0001:000A3994       ..
 0001:000A0FF8       ..
 0001:0009EF6C       ..
 0002:00001708       ..
 0001:0009D454       ..
 0001:000A32FC       ..
 0002:00001718       ..
 0001:0009C3C4       ..
 0001:0009721C       ..
 0002:00001EC4       ..
 0001:000A5148       ..
 0001:0009BCEC       ..
 0001:000A4198       ..
 0001:000A27CC       ..
 0001:0009795C       ..
 0001:0009A9EC       ..
 0002:00001818       ..
 0001:000967F4       ..
 0001:00099DA4       ..
 0002:00001798       ..
 0001:00095B90       ..
 0001:000A1FA4       ..
 0001:000A66CC       ..
 0001:000A4820       ..
 0001:000997FC       ..
 0001:000A0EE8       ..
 0001:00096D58       ..
 0001:00099210       ..
 0002:00004240       .01
 0002:0000429C       .01
 0002:000043FC       .03
 0002:000043D0       .1
 0002:00003A5C       .1
 0002:00004518       .1
 0002:00004514       .1
 0002:00003A54       .1
 0002:00003A4C       .1
 0002:0000383C       .1
 0002:00003668       .1
 0002:00003918       .1
 0002:0000392C       .1
 0002:00004460       .1
 0002:00003888       .1
 0002:00003670       .1
 0002:000043D8       .1
 0002:00003A64       .1
 0002:000042A4       .1
 0002:000043D4       .1
 0002:000043C8       .1
 0002:000038F4       .1
 0002:000046B0       .1
 0002:000046C0       .1
 0002:0000367C       .1
 0002:00003678       .1
 0002:00003A34       .1
 0002:00004284       .1
 0002:00003BD0       .1
 0002:000046B8       .1
 0002:00003960       .1
 0002:000046B4       .1
 0002:00003A44       .1
 0002:00003A88       .1
 0002:000046C4       .1
 0002:00004508       .1
 0002:00003BD4       .1
 0002:00003A50       .1
 0002:00003A78       .1
 0002:00003A60       .1
 0002:00003A58       .1
 0002:00003B04       .1
 0002:00003AC8       .1
 0002:00003A68       .11
 0002:0000423C       .11
 0002:00003890       .12
 0002:000043AC       .12
 0002:000043E0       .12
 0002:00003A74       .12
 0002:00003AEC       .2
 0002:00004434       .2
 0002:000043DC       .2
 0002:00003A80       .2
 0002:00003930       .2
 0002:000046F8       .2
 0002:0000447C       .2
 0002:00004228       .2
 0002:000043B4       .2
 0002:000038EC       .2
 0002:00004234       .2
 0002:000038F0       .21
 0002:00003844       .3
 0002:00003938       .3
 0002:00003674       .3
 0002:0000393C       .3
 0002:00003B94       .3
 0002:0000450C       .3
 0002:00004484       .3
 0002:00003ABC       .3
 0002:00004238       .3
 0002:00004478       .3
 0002:00004510       .3
 0002:00004468       .3
 0002:00004458       .3
 0002:0000446C       .33
 0002:00003790       .35
 0002:00003ADC       .36
 0002:0000445C       .4
 0002:00004418       .4
 0002:00003A8C       .4
 0002:00004438       .4
 0002:000043CC       .4
 0002:000043B8       .4
 0002:00003A48       .4
 0002:00003BB8       .41
 0002:00003AF4       .42
 0002:00003854       .45
 0002:00003AC4       .5
 0002:000035B8       .5
 0002:000037F8       .5
 0002:00004454       .51
 0002:00003974       .6
 0002:00003840       .6
 0002:00004474       .7
 0002:00003ACC       .72
 0002:00003B18       .72
 0002:00003AF8       .73
 0002:00003AC0       .8
 0002:00003B90       .8
 0002:00003AD8       .8
 0002:0000381C       .81
 0002:00003BA8       .9
 0001:00001B78       @AbstractError
 0001:00002BAC       @AfterConstruction
 0001:00001BF8       @Append
 0001:000029A0       @AsClass
 0001:00003580       @Assert
 0001:00001E5C       @Assign
 0001:0000201C       @AStrCmp
 0001:00002BBC       @BeforeDestruction
 0001:00002730       @BoundErr
 0001:000029EC       @CallDynaInst
 0001:00002B54       @ClassCreate
 0001:00002BA4       @ClassDestroy
 0001:00001F24       @Close
 0001:000018D4       @Copy
 0001:0000427C       @CopyArray
 0001:00004160       @CopyRecord
 0001:00001B10       @COS
 0001:00004394       @DispCallByIDError
 0001:0000E2E8       @DispInvokeError
 0001:00004384       @Dispose
 0001:00003038       @DoneExcept
 0001:000047F4       @DynArrayAsg
 0001:000047B8       @DynArrayClear
 0001:000045F8       @DynArrayHigh
 0001:000045F0       @DynArrayLength
 0001:000047AC       @DynArraySetLength
 0001:00003120       @ExceptionHandler
 0001:00001B20       @EXP
 0001:0000208C       @FillChar
 0001:0000413C       @Finalize
 0001:00004050       @FinalizeArray
 0001:00004004       @FinalizeRecord
 0001:00002A04       @FindDynaInst
 0001:00001F18       @Flush
 0001:00002724       @FpuInit
 0001:00002660       @FpuMaskInit
 0001:0000175C       @FreeMem
 0001:0000173C       @GetMem
 0001:000055BC       @GetTls
 0001:00003568       @Halt
 0001:00003490       @Halt0
 0001:00002CD0       @HandleAnyException
 0001:00002F84       @HandleFinally
 0001:00002DFC       @HandleOnException
 0001:00005608       @InitExe
 0001:00003FF8       @Initialize
 0001:00003F64       @InitializeArray
 0001:00003F34       @InitializeRecord
 0001:00003354       @InitImports
 0001:0000332C       @InitResStringImports
 0001:00003308       @InitResStrings
 0001:00004ED8       @IntfAddRef
 0001:00004EA8       @IntfCast
 0001:00004E64       @IntfClear
 0001:00004E7C       @IntfCopy
 0001:0000297C       @IsClass
 0001:00002630       @isNECWindows
 0001:000A0E38       @jcopy_block_row
 0001:000A0DEC       @jcopy_sample_rows
 0001:000A0DC4       @jdiv_round_up
 0001:0009A958       @jinit_1pass_quantizer
 0001:0009BBCC       @jinit_2pass_quantizer
 0001:000A45D4       @jinit_color_converter
 0001:00099BD8       @jinit_color_deconverter
 0001:000A1EF8       @jinit_compress_master
 0001:000A40D0       @jinit_c_coef_controller
 0001:000A33D4       @jinit_c_main_controller
 0001:000A3234       @jinit_c_master_control
 0001:000A38EC       @jinit_c_prep_controller
 0001:000A4FC0       @jinit_downsampler
 0001:0009D340       @jinit_d_coef_controller
 0001:0009C2E4       @jinit_d_main_controller
 0001:0009D6B4       @jinit_d_post_controller
 0001:000A55E4       @jinit_forward_dct
 0001:000991D0       @jinit_huff_decoder
 0001:000A7328       @jinit_huff_encoder
 0001:00096D10       @jinit_input_controller
 0001:0009D99C       @jinit_inverse_dct
 0001:000A0C68       @jinit_marker_reader
 0001:000A2778       @jinit_marker_writer
 0001:00097924       @jinit_master_decompress
 0001:000966BC       @jinit_memory_mgr
 0001:0009977C       @jinit_merged_upsampler
 0001:00098610       @jinit_phuff_decoder
 0001:000A60F0       @jinit_phuff_encoder
 0001:0009DEFC       @jinit_upsampler
 0001:000A0E58       @jpeg_abort
 0001:000A0ED0       @jpeg_alloc_huff_table
 0001:000A0EB8       @jpeg_alloc_quant_table
 0001:000A63A0       @jpeg_fdct_float
 0001:000A6134       @jpeg_fdct_ifast
 0001:00098AB8       @jpeg_fill_bit_buffer
 0001:000967C8       @jpeg_free_large
 0001:000967B8       @jpeg_free_small
 0001:000A706C       @jpeg_gen_optimal_table
 0001:000967C0       @jpeg_get_large
 0001:000967B0       @jpeg_get_small
 0001:00098C04       @jpeg_huff_decode
 0001:0009EF30       @jpeg_idct_1x1
 0001:0009ED40       @jpeg_idct_2x2
 0001:0009E98C       @jpeg_idct_4x4
 0001:0009E114       @jpeg_idct_float
 0001:0009E558       @jpeg_idct_ifast
 0001:000A685C       @jpeg_make_c_derived_tbl
 0001:000987BC       @jpeg_make_d_derived_tbl
 0001:000967D0       @jpeg_mem_available
 0001:000967EC       @jpeg_mem_init
 0001:000967F0       @jpeg_mem_term
 0001:000967DC       @jpeg_open_backing_store
 0001:000A0B34       @jpeg_resync_to_restart
 0001:000A1CBC       @jpeg_suppress_tables
 0001:000A0DD4       @jround_up
 0001:000A0E48       @jzero_far
 0001:00003A50       @LStrAddRef
 0001:000035C4       @LStrArrayClr
 0001:000035F4       @LStrAsg
 0001:00003868       @LStrCat
 0001:000038AC       @LStrCat3
 0001:00003920       @LStrCatN
 0001:000035A0       @LStrClr
 0001:000039AC       @LStrCmp
 0001:00003AC0       @LStrCopy
 0001:00003B00       @LStrDelete
 0001:00003810       @LStrFromArray
 0001:00003788       @LStrFromChar
 0001:00003798       @LStrFromPChar
 0001:00003690       @LStrFromPCharLen
 0001:000037C8       @LStrFromPWChar
 0001:000036FC       @LStrFromPWCharLen
 0001:00003804       @LStrFromString
 0001:00003828       @LStrFromWStr
 0001:00003B48       @LStrInsert
 0001:00003638       @LStrLAsg
 0001:00003860       @LStrLen
 0001:00003BA4       @LStrPos
 0001:00003BEC       @LStrSetLength
 0001:00003A60       @LStrToPChar
 0001:0000383C       @LStrToString
 0001:00004370       @New
 0001:00003664       @NewAnsiString
 0001:00003C80       @NewWideString
 0001:00002344       @Pow10
 0001:00001F98       @PStrCmp
 0001:00001F7C       @PStrNCpy
 0001:00002FE4       @RaiseAgain
 0001:00002FBC       @RaiseExcept
 0001:000020AC       @RandInt
 0001:0000177C       @ReallocMem
 0001:00001BEC       @RewritText
 0001:00001B48       @ROUND
 0001:00003574       @RunError
 0001:00002328       @SetEq
 0001:00001B38       @SIN
 0001:000032C8       @StartExe
 0001:0000030C       @strlen
 0001:00001B54       @TRUNC
 0001:00003068       @TryFinallyExit
 0001:00003AB8       @UniqueStringA
 0001:000043C0       @ValInt64
 0001:000020C8       @ValLong
 0001:00013394       @VarAddRef
 0001:0000EBC8       @VarCast
 0001:0000E5D4       @VarClear
 0001:0000E5E8       @VarClr
 0001:00004038       @VarClr
 0001:00013C90       @VarCmpEQ
 0001:00004148       @VarCopy
 0001:0000E8FC       @VarCopy
 0001:00012934       @VarFromBool
 0001:000127C0       @VarFromByte
 0001:00012984       @VarFromCurr
 0001:000128DC       @VarFromCurrency
 0001:00012908       @VarFromDate
 0001:00012A28       @VarFromDisp
 0001:000128B0       @VarFromDouble
 0001:00012764       @VarFromInt
 0001:00012860       @VarFromInt64
 0001:000127A0       @VarFromInteger
 0001:000129FC       @VarFromIntf
 0001:00012800       @VarFromLongWord
 0001:00012998       @VarFromLStr
 0001:0001295C       @VarFromReal
 0001:00012820       @VarFromShortInt
 0001:0001288C       @VarFromSingle
 0001:00012840       @VarFromSmallInt
 0001:00012970       @VarFromTDateTime
 0001:000127E0       @VarFromWord
 0001:000129C4       @VarFromWStr
 0001:0000E33C       @VarNull
 0001:00010394       @VarToBool
 0001:0001004C       @VarToBoolean
 0001:0000F48C       @VarToByte
 0001:00011238       @VarToCurrency
 0001:00010CD0       @VarToDate
 0001:000126B8       @VarToDisp
 0001:00010560       @VarToDouble
 0001:0000FA50       @VarToInt64
 0001:0000EF8C       @VarToInteger
 0001:000125EC       @VarToIntf
 0001:0000F704       @VarToLongWord
 0001:000118EC       @VarToLStr
 0001:000108DC       @VarToReal
 0001:0000F3DC       @VarToShortInt
 0001:000108F8       @VarToSingle
 0001:0000F534       @VarToSmallInt
 0001:0000F62C       @VarToWord
 0001:00012014       @VarToWStr
 0001:00003C50       @Write0LString
 0001:000021E0       @WriteBytes
 0001:000022B0       @WriteLn
 0001:00003C58       @WriteLString
 0001:00002234       @WriteSpaces
 0001:00003CC0       @WStrArrayClr
 0001:00003CE4       @WStrAsg
 0001:00003CA8       @WStrClr
 0001:00003E20       @WStrCmp
 0001:00003EA4       @WStrCopy
 0001:00003DF4       @WStrFromLStr
 0001:00003D08       @WStrFromPCharLen
 0001:00003DB8       @WStrFromPWChar
 0001:00003D94       @WStrFromPWCharLen
 0001:00003E14       @WStrLen
 0001:00003EF0       @WStrSetLength
 0001:00003E04       @WStrToPWChar
 0001:00002304       @_CLenToPasStr
 0001:000022F8       @_CToPasStr
 0001:000018A4       @_IOTest
 0001:0000439C       @_llmul
 0001:00068CB0       AABBInclude
 0001:00068C94       AABBScale
 0001:00068AF8       AABBTransform
 0001:0000AEB0       Abort
 0001:00033BE0       AbsMin
 0001:0000B234       AbstractErrorHandler
 0002:00003028       AbstractErrorProc
 0002:00000148       AccessMode
 0002:00004534       AccumulatedTime
 0001:0000180C       AcquireExceptionObject
 0001:000173C8       ActivateClassGroup
 0001:00005C7C       ActivateKeyboardLayout
 0002:00003B4C       ActiveDrag
 0002:00004480       ActiveVfsPAK
 0001:00014CE4       ActiveX
 0001:00042C20       ActnList
 0001:00068A50       AddAABB
 0001:00000448       AddBlockAfter
 0001:00071CE4       AddCurrent
 0002:00000464       AddDataModule
 0001:000073F8       AddExitProc
 0001:0001B068       AddFinished
 0001:00045F64       AddIn
 0001:00004D08       AddModuleUnloadProc
 0001:00004CF8       AddModuleUnloadProc
 0001:0001B0A0       AddNotFinished
 0001:0001BAC4       AddSubComponentsToLoaded
 0001:00057044       AddVector
 0001:000586D8       AdjointMatrix
 0001:000251B0       AdjustColor
 0001:0004CF4C       Adjustment
 0001:00005C84       AdjustWindowRectEx
 0001:00057D34       AffineVectorEquals
 0001:00056E2C       AffineVectorMake
 0001:000910FC       AlignmentAdjustement
 0002:00000CB8       Alignments
 0002:00000CA8       Alignments
 0001:000391D0       AlignWork
 0001:00053E44       AlignWork
 0001:0002130C       AllocateHWnd
 0001:000073AC       AllocMem
 0002:000035B0       AllocMemCount
 0002:000035B4       AllocMemSize
 0001:0002A7E8       AllocPatternBitmap
 0001:00005564       AllocTlsBuffer
 0002:00004668       AmbientStream
 0002:000046E0       AmmoCount
 0001:0001E824       AncestorIsValid
 0002:00000A94       AnchorAlign
 0001:00058BD4       AnglePreservingMatrixInvert
 0002:00000A88       AnimateWindowProc
 0002:00000B90       AnimationStyle
 0001:000075A4       AnsiCompareStr
 0001:000075DC       AnsiCompareText
 0001:00007C64       AnsiLastChar
 0001:00005C8C       AnsiLower
 0001:00007570       AnsiLowerCase
 0001:0000BC1C       AnsiLowerCaseFileName
 0001:0000BBE4       AnsiPos
 0001:0004A778       AnsiSameCaption
 0001:00007614       AnsiSameText
 0001:0000762C       AnsiStrLIComp
 0001:0000BCA8       AnsiStrPos
 0001:0000BD48       AnsiStrRScan
 0001:0000BD70       AnsiStrScan
 0001:00005300       AnsiToUtf8
 0001:00012574       AnyToIntf
 0001:000091BC       AppendChars
 0001:00009580       AppendFormat
 0001:00009220       AppendNumber
 0001:00009200       AppendString
 0002:00003BB0       Application
 0001:00060340       ApplicationFileIO
 0001:0005FE60       ApplicationFileIODefined
 0002:00000474       ApplicationHandleException
 0002:0000047C       ApplicationShowException
 0002:00004520       AppPath
 0002:00000DE4       AppVisible
 0001:000599A0       ArcCos
 0001:000599DC       ArcSin
 0001:00059A28       ArcTan2
 0001:00059A18       ArcTan2
 0001:0000B218       AssertErrorHandler
 0002:00003020       AssertErrorProc
 0001:0001437C       AssignLongStr
 0001:000149F8       AssignVariant
 0002:000046DE       AttackAnimTimer
 0002:000046DB       AttackLocked
 0002:00003608       avail
 0001:000755F0       AxesBuildList
 0001:00007DD4       BackfillGetDiskFreeSpaceEx
 0001:00036764       BackgroundClipped
 0001:00093770       BackToSlash
 0001:0000D19C       BackupVarBoolFromStr
 0001:0000D2FC       BackupVarBStrFromBool
 0001:0000D21C       BackupVarBStrFromCy
 0001:0000D28C       BackupVarBStrFromDate
 0001:0000D130       BackupVarCyFromStr
 0001:0000D0C4       BackupVarDateFromStr
 0001:0000CF80       BackupVarI4FromStr
 0001:0000CF2C       BackupVariantChangeTypeEx
 0001:0000CFEC       BackupVarR4FromStr
 0001:0000D058       BackupVarR8FromStr
 0002:00000338       BaseTypeMap
 0001:0001779C       BeginGlobalLoading
 0001:00005C94       BeginPaint
 0001:000251BC       BetterSize
 0001:00069FB0       BGR24ToRGBA32
 0001:00069FEC       BGRA32ToRGBA32
 0001:00046DD8       BiDiDraw
 0001:00005A44       BitBlt
 0002:000009C4       BitBtnCaptions
 0002:00003A90       BitBtnGlyphs
 0002:00000788       BitCounts
 0002:00000780       BitmapCanvasList
 0002:000038A8       BitmapImageLock
 0001:00069BFC       BitmapScanLine
 0001:0000CF68       BiUnimplemented
 0002:0000049C       BlockCode
 0002:000035E0       blockDescBlockList
 0002:000035E4       blockDescFreeList
 0002:00000458       BooleanIdents
 0002:00000334       BooleanToStringRule
 0001:00007A84       BoolToStr
 0001:00011674       BoolToWStrViaOS
 0001:000056A8       Bounds
 0001:000166AC       Bounds
 0002:00000C50       Breaks
 0001:00069E84       BrightenRGBAArray
 0002:00004528       BroadcastMsg
 0002:000038E0       BrushManager
 0002:000010F4       buf
 0002:000010F8       buf
 0001:00094D48       BuildColorMap
 0001:0004958C       BuildImage
 0001:00094CA0       BuildPalette
 0002:00000820       ButtonCaptions
 0002:000007F4       ButtonNames
 0002:00000CCC       Buttons
 0001:0002F0D4       Buttons
 0002:00000FB8       bytesFromUTF8
 0001:0002499C       BytesPerScanline
 0001:00024CF4       ByteSwapColors
 0001:0000B8E8       ByteToCharIndex
 0001:0000B8C0       ByteToCharLen
 0001:0000B884       ByteType
 0001:0000B80C       ByteTypeTest
 0002:00000F7C       c180
 0002:00000F74       c180divPI
 0002:00000F80       c360
 0002:00001654       cAARToString
 0002:000014E0       cAAToSamples
 0002:00003B98       CachedComCtrlVer
 0001:00021248       CalcJmpOffset
 0001:000590D0       CalcPlaneNormal
 0001:00040CA8       CalcSplitterPos
 0001:00005C9C       CallNextHookEx
 0001:0000C43C       CallTerminateProcs
 0001:00005CA4       CallWindowProc
 0001:00034C18       CancelDrag
 0002:000046DC       CanForceAttack
 0002:00003B60       CanvasList
 0002:000038E4       CanvasList
 0002:000007E0       Captions
 0002:00000B4C       CaptureControl
 0002:00001630       cBigValue
 0002:0000164C       cBigValue
 0002:000010FC       cBigValue
 0002:00000BF0       cBooleanToItemAutoFlag
 0002:00000368       CBooleanToRelationship
 0002:000014F4       cBoolToInt
 0002:000010F0       cBoolToType
 0002:0000148C       cColorDepthToColorBits
 0002:000013EC       cCompressedTextureFormatToOpenGL
 0002:000014FC       cDefaultPointSize
 0002:000014A4       cDepthPrecisionToDepthBits
 0002:00001484       cEpsilon
 0002:00001638       cFaceGroupMeshModeToOpenGL
 0002:00001478       cFilteringQuality
 0002:00003A7E       CF_COMPONENT
 0002:00003A7C       CF_PICTURE
 0002:00001114       cGLStateToGLEnum
 0002:00003814       ChangeAnyProc
 0001:000036C0       CharFromWChar
 0001:0000BABC       CharLength
 0001:00005CAC       CharLowerBuff
 0001:00000284       CharNext
 0001:00005CB4       CharNext
 0001:000232CC       CharsetToIdent
 0001:0000B9D0       CharToByteIndex
 0001:0000BA34       CharToByteLen
 0001:00005CBC       CharToOemA
 0001:00025784       CheckBool
 0001:0005E014       CheckExtension
 0001:0005F2D0       CheckExtension
 0001:00002C4C       CheckJmp
 0001:00005CC4       CheckMenuItem
 0001:0006665C       CheckOpenGLError
 0002:00000C40       Checks
 0001:0001BB00       CheckSubComponents
 0001:00020020       CheckSynchronize
 0001:0004C988       CheckTaskWindow
 0001:00012A54       CheckType
 0001:000348CC       CheckUndock
 0001:0000B700       CheckWin32Version
 0001:0007C9B4       ChoosePixelFormat
 0001:00005A4C       ChoosePixelFormat
 0002:00000F78       cInv360
 0002:00000350       CInvalidCustomVariantType
 0002:00000BF4       cItemAutoFlagToBoolean
 0002:00000BEC       cItemAutoFlagToMenu
 0001:00059BCC       ClampValue
 0001:00021498       Classes
 0001:00017158       ClassNotFound
 0002:00003810       ClearAnyProc
 0001:00022B5C       ClearColor
 0001:00066710       ClearGLError
 0001:00013844       ClearVariantTypeList
 0002:000046FC       ClickAreaArray
 0001:00005CCC       ClientToScreen
 0001:0003E290       ClientToWindow
 0002:00000778       ClipboardFormats
 0001:0002EF74       Clipbrd
 0001:0000580C       CloseHandle
 0001:00000224       CloseHandle
 0001:0005F4A0       CloseOpenGL
 0002:0000397C       CloseThemeData
 0002:000012F0       clr3DDkShadow
 0002:00001300       clr3DLight
 0002:00001240       clrActiveBorder
 0002:000011C0       clrActiveCaption
 0002:00001260       clrAppWorkSpace
 0002:000011B0       clrBackground
 0002:00001340       clrBlack
 0002:0000116C       clrBlack
 0002:00001380       clrBlue
 0002:00001290       clrBtnFace
 0002:000012E0       clrBtnHighlight
 0002:000012A0       clrBtnShadow
 0002:000012C0       clrBtnText
 0002:00001230       clrCaptionText
 0002:00001350       clrGray20
 0002:0000117C       clrGray20
 0002:0000118C       clrGray80
 0002:00001360       clrGray80
 0002:000012B0       clrGrayText
 0002:00001270       clrHighlight
 0002:00001280       clrHighlightText
 0002:00001250       clrInactiveBorder
 0002:000011D0       clrInactiveCaption
 0002:000012D0       clrInactiveCaptionText
 0002:00001320       clrInfoBk
 0002:00001310       clrInfoText
 0002:000011E0       clrMenu
 0002:00001210       clrMenuText
 0002:000011A0       clrScrollBar
 0002:00001330       clrTransparent
 0002:00001370       clrWhite
 0002:000011F0       clrWindow
 0002:00001200       clrWindowFrame
 0002:00001220       clrWindowText
 0002:0000303C       CmdLine
 0002:00003038       CmdShow
 0002:00000BE8       cMenuAutoFlagToItem
 0002:00000374       CmpTypeMap
 0001:0000CF74       CmpUnimplemented
 0001:0008A13C       CollectBones
 0001:00017A58       CollectionsEqual
 0002:000004F8       Colors
 0001:000230C4       ColorToIdent
 0002:0000084C       ColorToPretyName
 0001:00069830       ColorToRGB
 0001:000230B4       ColorToRGB
 0001:000639A8       CombineQuaternion
 0001:00057218       CombineVector
 0002:00003AE8       ComCtlVersion
 0001:0002F980       ComCtrls
 0002:00003BAC       CommandPool
 0001:0002AE28       CommCtrl
 0001:0002D6A4       CommDlg
 0001:00000728       Commit
 0002:00003624       committedRoot
 0001:00045548       CompareFront
 0001:000074D8       CompareMem
 0001:000074A8       CompareStr
 0001:00005814       CompareString
 0001:000074F8       CompareText
 0001:000079AC       CompareWith
 0001:0001BBE0       ComponentCreated
 0001:00025554       ComputeAldusChecksum
 0001:0002EF30       ComStrs
 0002:00000F90       cOne
 0002:00000F94       cOneDotFive
 0001:000217FC       Consts
 0001:0002AD34       Contnrs
 0002:00003B1E       ControlAtom
 0002:00003B24       ControlAtomString
 0001:00051714       ControlHasHelp
 0001:00041928       Controls
 0001:0000AC50       ConvertAddr
 0001:00009310       ConvertEraString
 0001:00007370       ConvertError
 0001:00007388       ConvertErrorFmt
 0001:00086148       ConvertStripToList
 0001:000861B4       ConvertStripToList
 0001:0007286C       ConvertWinColor
 0001:00009478       ConvertYearString
 0001:00004600       CopyArray
 0001:00027BD4       CopyBitmap
 0001:0002829C       CopyBitmapAsMask
 0001:00005A54       CopyEnhMetaFile
 0001:00028238       CopyPalette
 0002:00000A24       Copyright
 0001:00048638       CopyToBest
 0002:00000F98       cOrder
 0001:0000B940       CountChars
 0002:000038C0       CounterLock
 0002:00000F70       cPIdiv180
 0002:000013A8       cPolygonMode
 0002:000013B4       cPolygonMode
 0002:00000354       CRangeToType
 0001:0000B15C       CreateAssertException
 0001:0000B2E4       CreateAVObject
 0001:00005A5C       CreateBitmap
 0001:00005A64       CreateBrushIndirect
 0001:00005A6C       CreateCompatibleBitmap
 0001:00005A74       CreateCompatibleDC
 0001:0001BC60       CreateComponent
 0001:00005A84       CreateDIBitmap
 0001:00005A7C       CreateDIBSection
 0001:0000581C       CreateEvent
 0001:00005824       CreateFile
 0001:0000022C       CreateFileA
 0001:0005FE84       CreateFileStream
 0001:00005A8C       CreateFontIndirect
 0001:0006CBBC       CreateGraphicFromFile
 0001:00005A94       CreateHalftonePalette
 0001:00005CD4       CreateIcon
 0001:0000B088       CreateInOutError
 0001:00005CDC       CreateMenu
 0001:00005A9C       CreatePalette
 0001:00005AA4       CreatePenIndirect
 0001:00005CE4       CreatePopupMenu
 0001:00058060       CreateRotationMatrix
 0001:00057F54       CreateRotationMatrix
 0001:00057E88       CreateRotationMatrixX
 0001:00057ECC       CreateRotationMatrixY
 0001:00057F10       CreateRotationMatrixZ
 0001:00057E50       CreateScaleAndTranslationMatrix
 0001:00005AAC       CreateSolidBrush
 0001:00024D4C       CreateSystemPalette
 0001:0007C680       CreateTempWnd
 0001:0000582C       CreateThread
 0001:00006274       CreateWindow
 0001:0000621C       CreateWindowEx
 0002:00000A8C       CreationControl
 0002:000007D8       CreationControl
 0002:00000444       CRelationshipToBoolean
 0002:00000318       CResult
 0002:00000140       cSimpleBoolStrs
 0002:00001650       cSmallValue
 0002:00001634       cSmallValue
 0002:00001100       cSmallValue
 0002:000003F0       CText
 0002:000013C0       cTextureFormatToOpenGL
 0002:00001458       cTextureMagFilter
 0002:0000165C       cTextureMagFilter
 0002:00001460       cTextureMinFilter
 0002:00001664       cTextureMinFilter
 0002:00001398       cTextureMode
 0002:00001418       cTextureSWrap
 0002:00001438       cTextureSWrapOld
 0002:00001428       cTextureTWrap
 0002:00001448       cTextureTWrapOld
 0002:00000B88       Ctl3DStyles
 0001:00080B24       CubeWireframeBuildList
 0002:0000361C       curAlloc
 0001:00012CE8       CurrCompare
 0002:00003688       CurrencyDecimals
 0002:00003684       CurrencyFormat
 0002:00003680       CurrencyString
 0002:0000466D       CurrentAmbient
 0001:00066654       CurrentGLContext
 0002:0000466C       CurrentMusic
 0001:0007CC48       CurrentPixelFormatIsHardwareAccelerated
 0001:000091A8       CurrentYear
 0001:00008C80       CurrToStr
 0001:00011604       CurrToWStrViaOS
 0002:00000D68       CursorMap
 0002:00000A9C       Cursors
 0001:000334B8       CursorToIdent
 0002:00000D58       cUseAlpha
 0002:00000D60       cUseColorKey
 0001:000A89B0       CutsceneSystem
 0001:00007700       CvtInt
 0001:0000776C       CvtInt64
 0002:00000F88       cwChop
 0002:00000180       CWNear
 0002:00000F8C       cZero
 0001:0002F2D4       DataTypeToRegData
 0001:00012CC0       DateCompare
 0002:00003689       DateSeparator
 0001:00009D90       DateTimeToStr
 0001:00009D34       DateTimeToString
 0001:00008D40       DateTimeToTimeStamp
 0001:0001163C       DateToWStrViaOS
 0001:00009130       DayOfWeek
 0002:0000017C       DCon10
 0002:000004F4       DDBsOnly
 0001:000213C0       DeallocateHWnd
 0002:0000002C       DebugHook
 0001:000BA680       DebugLog
 0002:00001F84       DebugLogStarted
 0002:00003687       DecimalSeparator
 0001:00009110       DecodeDate
 0001:00008FC4       DecodeDateFully
 0001:00008E34       DecodeTime
 0001:000007BC       Decommit
 0001:00000DD8       DecommitFree
 0002:000035F8       decommittedRoot
 0001:0004F39C       Default
 0001:00054A6C       Default
 0002:00000024       Default8087CW
 0002:00000A90       DefaultDockTreeClass
 0002:00000038       DefaultTextLineBreakStyle
 0002:000035BC       DefaultUserCodePage
 0002:00000748       DefBrushData
 0002:000004C8       DefFontData
 0001:00005CEC       DefFrameProc
 0002:0000020C       DefLongDayNames
 0002:000001C0       DefLongMonthNames
 0001:00005CF4       DefMDIChildProc
 0002:00000728       DefPenData
 0002:000001F0       DefShortDayNames
 0002:00000190       DefShortMonthNames
 0001:00005CFC       DefWindowProc
 0001:00059888       DegToRad
 0001:000598B4       DegToRad
 0001:0000484C       DelayLoadResourceModule
 0001:00000478       DeleteBlock
 0001:00005834       DeleteCriticalSection
 0001:000003E8       DeleteCriticalSection
 0001:00005AB4       DeleteDC
 0001:00005ABC       DeleteEnhMetaFile
 0001:00000C20       DeleteFree
 0001:00005D04       DeleteMenu
 0001:00005AC4       DeleteObject
 0002:000046D0       DemoImage
 0002:000046CD       DemoScreenShown
 0001:00005ACC       DescribePixelFormat
 0001:00027790       DeselectBitmap
 0001:00005D0C       DestroyCursor
 0001:00005D14       DestroyIcon
 0001:0002F004       DestroyLocals
 0001:00005D1C       DestroyMenu
 0001:00005D24       DestroyWindow
 0001:00030F08       DialogEnumerationTester
 0001:0002DD14       Dialogs
 0002:0000469C       DialogueText
 0002:00000784       DIBPalSizes
 0002:00000094       dig
 0002:00004488       Dir
 0001:0004C7DC       DisableTaskWindows
 0001:00005D2C       DispatchMessage
 0001:000529F4       DispatchShortCut
 0002:00003000       DispCallByIDProc
 0001:000B8A74       DisplayMessage
 0001:00007354       DivMod
 0001:0002D6DC       Dlgs
 0001:00039060       DoAlign
 0001:00053CF8       DoAlign
 0001:00075968       DoBuild
 0001:0003D004       DoCalcConstraints
 0002:00003B54       DockSiteList
 0001:00049258       DoClick
 0001:0003A738       DoControlMsg
 0001:00080CD8       DodecahedronBuildList
 0001:0004C78C       DoDisableWindow
 0001:000341F8       DoDragOver
 0001:000073CC       DoExitProc
 0001:0003EF7C       DoFindControlZone
 0001:0004C8C8       DoFindWindow
 0001:0003F508       DoFindZone
 0001:0003F000       DoForEach
 0001:0004090C       DoGetNextLimit
 0001:0004C754       DoneApplication
 0001:0004166C       DoneControls
 0001:0000B610       DoneExceptions
 0001:00050D70       DoNestedActivation
 0001:0001FFE0       DoneThreadSynchronization
 0001:00038C20       DoPosition
 0001:00053B48       DoPosition
 0001:0003FF34       DoPrune
 0001:0004040C       DoSaveZone
 0001:00040610       DoSetNewBounds
 0002:00000460       DotSep
 0001:000259DC       DoWrite
 0001:00043BA8       DoWrite
 0001:00018F78       DoWrite
 0001:000268AC       DoWrite
 0001:00039D20       DoWriteDesignSize
 0001:00037858       DoWriteIsControl
 0002:00003B38       DragCapture
 0002:00003B2C       DragControl
 0001:00034940       DragDone
 0001:000341A8       DragFindTarget
 0001:0003417C       DragFindWindow
 0002:00003B50       DragImageList
 0001:00034598       DragInit
 0001:00034708       DragInitControl
 0002:00003B34       DragInternalObject
 0001:000340C4       DragMessage
 0002:00003B30       DragObject
 0002:00003B5C       DragSave
 0002:00003B44       DragSaveCursor
 0002:00003B3C       DragStartPos
 0002:00003B48       DragThreshold
 0001:000342C8       DragTo
 0001:00054AA8       DrawAppIcon
 0001:0003FAA0       DrawCloseButton
 0001:00005D34       DrawEdge
 0001:00005D3C       DrawFrameControl
 0001:0003FAF8       DrawGrabberLine
 0001:00005D44       DrawIcon
 0001:00005D4C       DrawIconEx
 0002:00000BC4       DrawingStyles
 0001:00005D54       DrawMenuBar
 0001:0004A598       DrawMenuItem
 0001:00005D5C       DrawText
 0002:00003980       DrawThemeBackground
 0002:000039A4       DrawThemeEdge
 0002:000039A8       DrawThemeIcon
 0002:00003A2C       DrawThemeParentBackground
 0002:00003984       DrawThemeText
 0001:0002481C       DupBits
 0001:00004618       DynArrayClear
 0001:00004620       DynArraySetLength
 0002:00000CB0       EdgeStyle
 0002:00000B78       EdgeStyles
 0001:0000B05C       EHeapException.FreeInstance
 0001:00094330       EmitMessage
 0001:00012B4C       EmptyCompare
 0002:00000F18       EmptyHmgMatrix
 0002:000037FC       EmptyParam
 0002:000000C4       EmptyStr
 0002:000000C8       EmptyWideStr
 0001:00005D64       EnableMenuItem
 0002:00000C48       Enables
 0001:00005D6C       EnableScrollBar
 0001:0004C890       EnableTaskWindows
 0002:00003A14       EnableThemeDialogTexture
 0002:00003A30       EnableTheming
 0001:00005D74       EnableWindow
 0001:00008F94       EncodeDate
 0001:00008DF4       EncodeTime
 0001:00017824       EndGlobalLoading
 0001:00005D7C       EndPaint
 0001:000003D8       EnterCriticalSection
 0001:0000583C       EnterCriticalSection
 0001:000B9D00       EnterMainMenu
 0001:00005844       EnumCalendarInfoA
 0002:00003914       EnumDisplayMonitors
 0001:0000A8C4       EnumEraNames
 0001:0000A900       EnumEraYearOffsets
 0001:0004F960       EnumMonitorsProc
 0001:00005D84       EnumThreadWindows
 0001:0001B410       EnumValue
 0001:00005D8C       EnumWindows
 0002:00000F68       EPSILON
 0002:00000F6C       EPSILON2
 0001:00005D94       EqualRect
 0002:00003750       EraNames
 0001:0000A01C       EraToYear
 0002:0000376C       EraYearOffsets
 0002:0000006C       errCaption
 0001:00045298       Error
 0001:00016CFC       Error
 0001:00001898       Error
 0001:0001ABF4       Error
 0002:00000004       ErrorAddr
 0001:0000184C       ErrorAt
 0001:0000B108       ErrorHandler
 0002:00000228       ErrorMap
 0002:00003008       ErrorProc
 0002:000033E4       ErrOutput
 0001:0005948C       EulerToQuat
 0001:000017EC       ExceptAddr
 0002:0000300C       ExceptClsProc
 0001:0000B57C       ExceptHandler
 0001:0000AED0       Exception.Create
 0001:0000AF0C       Exception.CreateFmt
 0001:0000AF8C       Exception.CreateRes
 0001:0000AFC8       Exception.CreateResFmt
 0002:0000301C       ExceptionClass
 0001:0000AC5C       ExceptionErrorMessage
 0002:00000260       ExceptMap
 0001:000017CC       ExceptObject
 0002:00003010       ExceptObjProc
 0002:00003004       ExceptProc
 0001:00005AD4       ExcludeClipRect
 0001:0000BBAC       ExcludeTrailingPathDelimiter
 0002:00000000       ExitCode
 0001:000033D4       ExitDll
 0002:00003044       ExitProc
 0001:0000028C       ExitProcess
 0002:00003024       ExitProcessProc
 0002:0000013C       ExitProcList
 0001:00007D98       ExpandFileName
 0001:0002F7C8       ExtActns
 0001:0002EED0       ExtCtrls
 0001:0002F12C       ExtDlgs
 0001:00007D50       ExtractFileExt
 0001:00007D18       ExtractFileName
 0001:00007CE4       ExtractFilePath
 0001:0005A020       ExtractFrustumFromModelViewProjection
 0002:0000378C       FalseBoolStrs
 0001:000622F8       FastQuickSortLists
 0002:00003A84       FClipboard
 0002:00000170       FCon1E18
 0001:00007BEC       FileAge
 0001:00007BE4       FileClose
 0001:00007B28       FileCreate
 0001:00007B4C       FileCreate
 0001:00007C54       FileExists
 0002:0000077C       FileFormats
 0002:0000000C       FileMode
 0001:00001C40       FileNOPProc
 0001:00007AD0       FileOpen
 0001:00007B54       FileRead
 0002:0000048C       FilerSignature
 0001:00007BAC       FileSeek
 0001:0005FF9C       FileStreamExists
 0001:0000584C       FileTimeToDosDateTime
 0001:00005854       FileTimeToLocalFileTime
 0001:00007B80       FileWrite
 0001:00000D08       FillAfterGap
 0001:00000CB4       FillBeforeGap
 0001:00000DA0       FillerSizeAfterGap
 0001:00000D30       FillerSizeBeforeGap
 0001:00005D9C       FillRect
 0001:00061C58       Finalization
 0001:00063AD0       Finalization
 0001:00060310       Finalization
 0001:0005FD54       Finalization
 0001:0005F5FC       Finalization
 0001:0000D6C8       Finalization
 0001:0000CD0C       Finalization
 0001:00064E98       Finalization
 0001:00065F24       Finalization
 0001:0006620C       Finalization
 0001:00067834       Finalization
 0001:00067D28       Finalization
 0001:00013CA0       Finalization
 0001:00013ECC       Finalization
 0001:00068A0C       Finalization
 0001:00014C5C       Finalization
 0001:00014CB4       Finalization
 0001:00068D14       Finalization
 0001:00069580       Finalization
 0001:000695E0       Finalization
 0001:000697B0       Finalization
 0001:00069C20       Finalization
 0001:000213E8       Finalization
 0001:000217CC       Finalization
 0001:0006AEF8       Finalization
 0001:0005A23C       Finalization
 0001:0000672C       Finalization
 0001:00072D04       Finalization
 0001:000063FC       Finalization
 0001:000063C4       Finalization
 0001:0007C280       Finalization
 0001:0007D8A0       Finalization
 0001:0007E568       Finalization
 0001:0007F320       Finalization
 0001:0008573C       Finalization
 0001:00086098       Finalization
 0001:000860EC       Finalization
 0001:00086278       Finalization
 0001:000869C8       Finalization
 0001:0008FFA0       Finalization
 0001:00091BA8       Finalization
 0001:000925FC       Finalization
 0001:00093644       Finalization
 0001:00056DF4       Finalization
 0001:00056D54       Finalization
 0001:0004A874       Finalization
 0001:00093FE8       Finalization
 0001:00094038       Finalization
 0001:000442F8       Finalization
 0001:00042BF0       Finalization
 0001:000418C0       Finalization
 0001:0002A820       Finalization
 0001:0002AA00       Finalization
 0001:0002AD04       Finalization
 0001:0002ADF8       Finalization
 0001:000056C4       Finalization
 0001:0000564C       Finalization
 0001:0000541C       Finalization
 0001:0002B578       Finalization
 0001:0002B5B8       Finalization
 0001:00031180       Finalization
 0001:000304FC       Finalization
 0001:00030394       Finalization
 0001:00030348       Finalization
 0001:0002C5A0       Finalization
 0001:0002C5E8       Finalization
 0001:0002C620       Finalization
 0001:0002F908       Finalization
 0001:000A736C       Finalization
 0001:000A7B5C       Finalization
 0001:000A7BDC       Finalization
 0001:0002C944       Finalization
 0001:0002F7D0       Finalization
 0001:0002F778       Finalization
 0001:0002F720       Finalization
 0001:000A7C48       Finalization
 0001:0002F6BC       Finalization
 0001:0002CAF0       Finalization
 0001:0002F14C       Finalization
 0001:0002F0FC       Finalization
 0001:0002D474       Finalization
 0001:0002D4E4       Finalization
 0001:0002D51C       Finalization
 0001:0002F09C       Finalization
 0001:000A7CA8       Finalization
 0001:0002D55C       Finalization
 0001:0002D594       Finalization
 0001:000A88E8       Finalization
 0001:000A8948       Finalization
 0001:0002D5CC       Finalization
 0001:000A8980       Finalization
 0001:000B83FC       Finalization
 0001:0002D604       Finalization
 0001:0002EFCC       Finalization
 0001:0002D63C       Finalization
 0001:0002D674       Finalization
 0001:0002D6AC       Finalization
 0001:0002EF38       Finalization
 0001:0002EF00       Finalization
 0001:0002EE88       Finalization
 0001:000BB944       Finalization
 0001:000BB99C       Finalization
 0001:0002DCB8       Finalization
 0001:00004610       FinalizeArray
 0001:00003208       FinalizeUnits
 0001:00049018       Find
 0001:0001DF44       FindAncestor
 0001:000048BC       FindBS
 0001:00017218       FindClass
 0001:00004844       FindClassHInstance
 0001:0000585C       FindClose
 0001:0000029C       FindClose
 0001:00000C84       FindCommitted
 0001:00033298       FindControl
 0001:0003F734       FindControlAtPos
 0001:00013AE8       FindCustomVariantType
 0001:00013BA0       FindCustomVariantType
 0001:00034C64       FindDragTarget
 0001:0001BE10       FindExistingComponent
 0001:00005864       FindFirstFile
 0001:000002A4       FindFirstFile
 0001:000176B4       FindGlobalComponent
 0001:0004C9D4       FindGlobalComponent
 0002:00003860       FindGlobalComponentProcs
 0001:0006CD28       FindGLTextureImageClass
 0001:0000481C       FindHInstance
 0001:0001755C       FindIdentToInt
 0001:000174E0       FindIntToIdent
 0002:00003A70       FindMsg
 0001:0001AFA0       FindNestedComponent
 0001:00045260       FindPopupControl
 0001:0000D390       FindProc
 0001:0000586C       FindResource
 0001:00004894       FindResourceHInstance
 0001:000565A8       FindScanline
 0001:0004C92C       FindTopMostWindow
 0001:0001CCF4       FindUniqueName
 0001:0001368C       FindVarData
 0001:00034C30       FindVCLWindow
 0001:00005DA4       FindWindow
 0001:00030F60       FindWinHelp
 0001:00067F10       FindXCollectionItemClass
 0001:00027B88       FixupBitFields
 0002:00000CC0       Flags
 0002:0000379C       FLanguages
 0001:0002C974       FlatSB
 0002:00003940       FlatSB_EnableScrollBar
 0002:0000394C       FlatSB_GetScrollInfo
 0002:00003950       FlatSB_GetScrollPos
 0002:00003948       FlatSB_GetScrollRange
 0002:00003958       FlatSB_SetScrollInfo
 0002:00003954       FlatSB_SetScrollPos
 0001:0002C664       FlatSB_SetScrollProp
 0002:0000395C       FlatSB_SetScrollRange
 0002:00003944       FlatSB_ShowScrollBar
 0001:00008910       FloatToDecimal
 0001:00008C50       FloatToStr
 0001:0000863C       FloatToText
 0001:00001F0C       Flush
 0001:000A7C84       fmod
 0001:000A8978       FMODApi
 0001:000A7C0C       fmodtypes
 0001:000A7C14       FMOD_Load
 0002:00000184       FMSecsPerDay
 0001:00008538       FmtStr
 0002:00000CDC       FocusCount
 0002:00000CD8       FocusMessages
 0002:00000698       FontCharsets
 0002:000038D8       FontManager
 0001:0004C9A8       ForegroundTask
 0002:000046C8       Form1
 0002:000046A8       Form1Ref
 0002:0000018C       Format
 0001:00008524       Format
 0001:0000812C       FormatBuf
 0001:00008120       FormatClearStr
 0001:00009DA4       FormatDateTime
 0001:000080A4       FormatError
 0002:00000168       FormatErrorStrs
 0001:00005874       FormatMessage
 0001:00094338       FormatMessage
 0001:000080FC       FormatVarToStr
 0001:00056DB0       Forms
 0001:0000233C       FPower10
 0002:000007D4       FPrinter
 0001:00059AD0       Frac
 0001:00005DAC       FrameRect
 0001:0000C8EC       FreeAndNil
 0001:000009F0       FreeCommitted
 0001:00000F10       FreeCurAlloc
 0001:00034D24       FreeDeviceContext
 0001:00034DE0       FreeDeviceContexts
 0001:000211B4       FreeIntConstList
 0001:000002AC       FreeLibrary
 0001:0000587C       FreeLibrary
 0001:00004F84       FreeMemory
 0001:000276E4       FreeMemoryContexts
 0001:000212E8       FreeObjectInstance
 0001:0000588C       FreeResource
 0001:00000670       FreeSpace
 0001:0000C458       FreeTerminateProcs
 0001:0002CB28       FreeThemeLibrary
 0002:00003AE4       FRichEditModule
 0001:000A7C28       FSOUND_Close
 0001:000A7C20       FSOUND_Init
 0001:000A7C38       FSOUND_Sample_Load
 0001:000A7C18       FSOUND_SetOutput
 0001:000A7C30       FSOUND_SetSFXMasterVolume
 0001:000A7C40       FSOUND_Stream_Close
 0002:00004533       GameLoading
 0002:00004530       GameState
 0001:000B994C       GameStepUpdate
 0002:00004532       GameSubState
 0001:000B842C       GameTextTable
 0001:00069D08       GammaCorrectRGBAArray
 0001:0002480C       GDICheck
 0001:00024764       GDIError
 0001:00005ADC       GdiFlush
 0001:00068D44       GeometryBB
 0001:00001B08       Get8087CW
 0001:00005894       GetACP
 0001:00005DB4       GetActiveWindow
 0001:000541D4       GetAnimation
 0001:00005AE4       GetBitmapBits
 0001:000003F0       GetBlockDesc
 0001:00005AEC       GetBrushOrgEx
 0001:00069848       GetBValue
 0001:00005DBC       GetCapture
 0001:00033560       GetCaptureControl
 0001:000171C4       GetClass
 0001:00005DC4       GetClassInfo
 0001:00005DCC       GetClassName
 0001:00005DD4       GetClientRect
 0001:00005DDC       GetClipboardData
 0001:000262D0       GetClipboardFormats
 0001:00005AF4       GetClipBox
 0001:0000038C       GetCmdShow
 0001:00042DC0       GetColor
 0001:0002F8A8       GetComCtlVersion
 0001:000002B4       GetCommandLine
 0001:0000083C       GetCommitted
 0001:000008CC       GetCommittedAt
 0001:0001F2D4       GetComponentValue
 0001:0003A2EC       GetControlAtPos
 0001:0000926C       GetCount
 0001:0000589C       GetCPInfo
 0001:00005AFC       GetCurrentPositionEx
 0001:000058A4       GetCurrentProcessId
 0002:00003A24       GetCurrentThemeName
 0001:000058AC       GetCurrentThreadId
 0001:0000036C       GetCurrentThreadId
 0001:00006188       GetCurrentTime
 0001:00005DE4       GetCursor
 0001:000565B8       GetCursorHeightMargin
 0001:00005DEC       GetCursorPos
 0001:00009298       GetDate
 0001:000058B4       GetDateFormat
 0001:00009F34       GetDateOrder
 0001:00005DF4       GetDC
 0001:00005DFC       GetDCEx
 0001:00005B04       GetDCOrgEx
 0001:0002A430       GetDefFontCharSet
 0001:00018578       GetDesigner
 0001:00005E04       GetDesktopWindow
 0001:00005B1C       GetDeviceCaps
 0001:0002576C       GetDIB
 0001:00005B0C       GetDIBColorTable
 0001:00005B14       GetDIBits
 0001:000256B4       GetDIBSizes
 0001:0002497C       GetDInColors
 0001:000058BC       GetDiskFreeSpaceA
 0002:00000138       GetDiskFreeSpaceEx
 0001:000409EC       GetDockAlign
 0001:00033F08       GetDockSiteAtPos
 0001:00034234       GetDropCtl
 0001:000029BC       GetDynaMethod
 0001:00005B24       GetEnhMetaFileBits
 0001:00005B2C       GetEnhMetaFileHeader
 0001:00005B34       GetEnhMetaFilePaletteEntries
 0001:00013F3C       GetEnumName
 0001:00014014       GetEnumNameValue
 0001:00014060       GetEnumValue
 0001:0000A978       GetEraNamesAndYearOffsets
 0001:00009FC8       GetEraYearOffset
 0001:0000B2CC       GetExceptionClass
 0001:0000B4B0       GetExceptionObject
 0001:0001714C       GetFieldClassTable
 0001:000262B0       GetFileFormats
 0001:0000023C       GetFileSize
 0001:00000234       GetFileType
 0001:0000B720       GetFileVersion
 0001:00005A2C       GetFileVersionInfo
 0001:00005A34       GetFileVersionInfoSize
 0001:000146E8       GetFloatProp
 0001:00005E0C       GetFocus
 0001:000232EC       GetFontData
 0001:00005E14       GetForegroundWindow
 0001:0000C010       GetFormatSettings
 0001:000058C4       GetFullPathName
 0001:000B8A50       GetGameMode
 0001:00069844       GetGValue
 0001:00022858       GetHashCode
 0001:0005174C       GetHelpInfo
 0001:0002BA38       GetHelpSystem
 0001:00053FB8       GetHint
 0001:00053FF0       GetHintControl
 0001:0004A714       GetHotkey
 0001:00005E1C       GetIconInfo
 0001:00014B04       GetInt64Prop
 0001:00014B68       GetInterfaceProp
 0001:00005E34       GetKeyboardLayout
 0001:00005E3C       GetKeyboardLayoutList
 0001:00005E44       GetKeyboardState
 0001:00002628       GetKeyboardType
 0001:00005E24       GetKeyNameText
 0001:00005E2C       GetKeyState
 0001:00005E4C       GetLastActivePopup
 0001:0003ECB4       GetLastChildZone
 0001:000002BC       GetLastError
 0001:000058CC       GetLastError
 0001:0000A73C       GetLocaleChar
 0001:000002C4       GetLocaleInfo
 0001:000058DC       GetLocaleInfo
 0001:0000A6F0       GetLocaleStr
 0001:000058D4       GetLocalTime
 0001:0003351C       GetLongHint
 0001:00014390       GetLongStrProp
 0001:00004F74       GetMemory
 0001:00005E54       GetMenu
 0001:000516D4       GetMenuHelpContext
 0001:00005E5C       GetMenuItemCount
 0001:00005E64       GetMenuItemID
 0001:00005E6C       GetMenuItemInfo
 0001:00047864       GetMenuSize
 0001:00005E74       GetMenuState
 0001:00005E7C       GetMenuString
 0001:00005E84       GetMessageTime
 0001:00014A8C       GetMethodProp
 0001:000002CC       GetModuleFileName
 0001:000058E4       GetModuleFileName
 0001:000002D4       GetModuleHandle
 0001:00005544       GetModuleHandle
 0001:000058EC       GetModuleHandle
 0002:00003908       GetMonitorInfo
 0002:0000390C       GetMonitorInfoA
 0002:00003910       GetMonitorInfoW
 0001:0000A7A0       GetMonthDayNames
 0001:0007A218       GetMVProj
 0001:00005E8C       GetNextWindow
 0001:00005B3C       GetObject
 0001:00005B44       GetObjectType
 0001:000141B8       GetOrdProp
 0001:000A7CF4       GetPAKStream
 0001:00005B4C       GetPaletteEntries
 0001:00001978       GetParamStr
 0001:00005E94       GetParent
 0001:0004CBA0       GetParentForm
 0001:00005B54       GetPixel
 0001:00005B5C       GetPixelFormat
 0001:000058F4       GetProcAddress
 0001:000002DC       GetProcAddress
 0001:00005E9C       GetProp
 0001:000140C4       GetPropInfo
 0001:00014134       GetPropInfos
 0001:0004D060       GetRealScrollPosition
 0001:00042DA0       GetRGBColor
 0001:00069840       GetRValue
 0001:00005EA4       GetScrollInfo
 0001:00005EAC       GetScrollPos
 0001:00005EB4       GetScrollRange
 0001:000334D8       GetShortHint
 0001:00014288       GetShortStrProp
 0001:00014320       GetShortStrPropAsLongStr
 0001:00000594       GetSpace
 0001:000005F8       GetSpaceAt
 0001:000452F0       GetSpecialName
 0001:000661B0       GetSqrt255Array
 0001:000002E4       GetStartupInfo
 0001:000058FC       GetStdHandle
 0001:00000244       GetStdHandle
 0001:00005B64       GetStockObject
 0001:000A89B8       GetStringByID
 0001:00005904       GetStringTypeEx
 0001:000144C0       GetStrProp
 0001:00005EBC       GetSubMenu
 0001:00005EC4       GetSysColor
 0001:00005ECC       GetSysColorBrush
 0001:0000590C       GetSystemInfo
 0001:00005ED4       GetSystemMenu
 0001:00005EDC       GetSystemMetrics
 0002:000038F8       GetSystemMetrics
 0001:00005B6C       GetSystemPaletteEntries
 0001:00005B74       GetTextExtentPoint32
 0001:00005B7C       GetTextMetrics
 0002:00003A1C       GetThemeAppProperties
 0002:00003988       GetThemeBackgroundContentRect
 0002:0000398C       GetThemeBackgroundExtent
 0002:0000399C       GetThemeBackgroundRegion
 0002:000039C0       GetThemeBool
 0002:000039B4       GetThemeColor
 0002:00003A28       GetThemeDocumentationProperty
 0002:000039C8       GetThemeEnumValue
 0002:000039E8       GetThemeFilename
 0002:000039D0       GetThemeFont
 0002:000039C4       GetThemeInt
 0002:000039DC       GetThemeIntList
 0002:000039D8       GetThemeMargins
 0002:000039B8       GetThemeMetric
 0002:00003990       GetThemePartSize
 0002:000039CC       GetThemePosition
 0002:000039E0       GetThemePropertyOrigin
 0002:000039D4       GetThemeRect
 0002:000039BC       GetThemeString
 0002:000039F4       GetThemeSysBool
 0002:000039EC       GetThemeSysColor
 0002:000039F0       GetThemeSysColorBrush
 0002:000039FC       GetThemeSysFont
 0002:00003A04       GetThemeSysInt
 0002:000039F8       GetThemeSysSize
 0002:00003A00       GetThemeSysString
 0002:00003994       GetThemeTextExtent
 0002:00003998       GetThemeTextMetrics
 0001:00005914       GetThreadLocale
 0001:000002EC       GetThreadLocale
 0001:0000591C       GetTickCount
 0001:00000384       GetTickCount
 0001:000092D0       GetTime
 0001:00005570       GetTlsSize
 0001:00054784       GetTopMostWindows
 0001:00033668       GetTopParent
 0001:00005EE4       GetTopWindow
 0001:00013F30       GetTypeData
 0001:000137AC       GetVarDataArrayInfo
 0001:00014A0C       GetVariantProp
 0001:00088BF8       GetVectorFileFormats
 0001:00005924       GetVersion
 0001:00000374       GetVersion
 0001:0000592C       GetVersionEx
 0001:0001452C       GetWideStrProp
 0001:00014410       GetWideStrPropAsLongStr
 0001:00005EEC       GetWindow
 0001:00005EF4       GetWindowDC
 0001:00005EFC       GetWindowLong
 0001:00005B8C       GetWindowOrgEx
 0001:00005F04       GetWindowPlacement
 0001:00005F0C       GetWindowRect
 0001:00005F14       GetWindowText
 0002:00003A10       GetWindowTheme
 0001:00005F1C       GetWindowThreadProcessId
 0001:00005F24       GetWindowThreadProcessId
 0001:00005B84       GetWinMetaFileBits
 0002:00003E04       glActiveStencilFaceEXT
 0002:00003D8C       glActiveTextureARB
 0002:00003E08       glAddSwapHintRectWIN
 0001:0005A2D4       glAlphaFunc
 0002:00004128       glAreProgramsResidentNV
 0002:00003DA0       glAreTexturesResidentEXT
 0002:00003DA4       glArrayElementArrayEXT
 0002:00003F88       glAttachObjectARB
 0001:000869F8       GLBaseMeshSilhouette
 0001:0005A2DC       glBegin
 0002:00004104       glBeginOcclusionQueryNV
 0002:00004008       glBindAttribLocationARB
 0002:00003F40       glBindBufferARB
 0002:00003EE8       glBindProgramARB
 0002:0000412C       glBindProgramNV
 0001:0005A2E4       glBindTexture
 0002:00003DA8       glBindTextureEXT
 0001:00091BD8       GLBitmapFont
 0002:00003C48       glBlendColor
 0002:00004014       glBlendColorEXT
 0002:00003C4C       glBlendEquation
 0002:00004024       glBlendEquationEXT
 0001:0005A2EC       glBlendFunc
 0002:00004094       glBlendFuncSeparateEXT
 0002:00003F50       glBufferDataARB
 0002:00003F54       glBufferSubDataARB
 0001:0007F364       GLCadencer
 0001:0005A2F4       glCallList
 0001:0005A2FC       glClear
 0001:0005A304       glClearColor
 0002:00003D90       glClientActiveTextureARB
 0001:0005A30C       glColor3f
 0001:0005A314       glColor3fv
 0001:0005A31C       glColor4f
 0001:0005A324       glColor4fv
 0001:0005A32C       glColorMask
 0001:0005A334       glColorMaterial
 0001:0005A33C       glColorPointer
 0002:00003C50       glColorSubTable
 0002:00003DB0       glColorSubTableExt
 0002:00003C58       glColorTable
 0002:00003DAC       glColorTableEXT
 0002:00003C64       glColorTableParameterfv
 0002:00003C60       glColorTableParameteriv
 0002:000040B8       glCombinerInputNV
 0002:000040BC       glCombinerOutputNV
 0002:000040AC       glCombinerParameterfNV
 0002:000040A8       glCombinerParameterfvNV
 0002:000040B4       glCombinerParameteriNV
 0002:000040B0       glCombinerParameterivNV
 0002:00003F80       glCompileShaderARB
 0002:00003E34       glCompressedTexImage1DARB
 0002:00003E30       glCompressedTexImage2DARB
 0002:00003E2C       glCompressedTexImage3DARB
 0002:00003E40       glCompressedTexSubImage1DARB
 0002:00003E3C       glCompressedTexSubImage2DARB
 0002:00003E38       glCompressedTexSubImage3DARB
 0001:00067880       GLContext
 0002:000043A8       GLContextManager
 0002:00003C74       glConvolutionFilter1D
 0002:00003C78       glConvolutionFilter2D
 0002:00003C98       glConvolutionParameterf
 0002:00003C9C       glConvolutionParameterfv
 0002:00003C90       glConvolutionParameteri
 0002:00003C94       glConvolutionParameteriv
 0002:00003C54       glCopyColorSubTable
 0002:00003C5C       glCopyColorTable
 0002:00003C7C       glCopyConvolutionFilter1D
 0002:00003C80       glCopyConvolutionFilter2D
 0002:00003DB4       glCopyTexImage1DEXT
 0002:00003DBC       glCopyTexImage2DEXT
 0002:00003DB8       glCopyTexSubImage1DEXT
 0001:0005A344       glCopyTexSubImage2D
 0002:00003DC0       glCopyTexSubImage2DEXT
 0002:00003DC4       glCopyTexSubImage3DEXT
 0002:00003F84       glCreateProgramObjectARB
 0002:00003F78       glCreateShaderObjectARB
 0001:00069C68       GLCrossPlatform
 0002:00003F44       glDeleteBuffersARB
 0002:000040E0       glDeleteFencesNV
 0001:0005A34C       glDeleteLists
 0002:00003F6C       glDeleteObjectARB
 0002:000040FC       glDeleteOcclusionQueriesNV
 0002:00003EEC       glDeleteProgramsARB
 0002:00004130       glDeleteProgramsNV
 0001:0005A354       glDeleteTextures
 0002:00003DC8       glDeleteTexturesEXT
 0001:0005A35C       glDepthFunc
 0001:0005A364       glDepthMask
 0002:00003F74       glDetachObjectARB
 0001:0005A36C       glDisable
 0001:0005A374       glDisableClientState
 0002:00003EE0       glDisableVertexAttribArrayARB
 0001:00063EBC       glDisable_Arbitrary
 0001:0006448C       glDisable_Dual
 0001:000645CC       glDisable_Null
 0001:00064198       glDisable_Second
 0001:0005A37C       glDrawArrays
 0002:00004224       glDrawBuffersATI
 0001:0005A384       glDrawElements
 0001:0005A38C       glDrawPixels
 0002:00003C40       glDrawRangeElements
 0002:00004030       glDrawRangeElementsEXT
 0001:0005A394       glEnable
 0001:0005A39C       glEnableClientState
 0002:00003EDC       glEnableVertexAttribArrayARB
 0001:00063E74       glEnable_Arbitrary
 0001:00064458       glEnable_Dual
 0001:000645C4       glEnable_Null
 0001:0006416C       glEnable_Second
 0001:0005A3A4       glEnd
 0001:0005A3AC       glEndList
 0002:00004108       glEndOcclusionQueryNV
 0001:0005A3B4       glEvalCoord1f
 0002:00004134       glExecuteProgramNV
 0002:000040C0       glFinalCombinerInputNV
 0002:000040EC       glFinishFenceNV
 0002:00004098       glFlushVertexArrayRangeNV
 0002:00004088       glFogCoorddEXT
 0002:0000408C       glFogCoorddvEXT
 0002:00004080       glFogCoordfEXT
 0002:00004084       glFogCoordfvEXT
 0002:00004090       glFogCoordPointerEXT
 0001:0005A3BC       glFogf
 0001:0005A3C4       glFogfv
 0001:0005A3CC       glFogi
 0001:0005A3D4       glFrontFace
 0001:0005A3DC       glFrustum
 0002:00003F48       glGenBuffersARB
 0002:000040DC       glGenFencesNV
 0001:0005A3E4       glGenLists
 0002:000040F8       glGenOcclusionQueriesNV
 0002:00003EF0       glGenProgramsARB
 0002:00004138       glGenProgramsNV
 0001:0005A3EC       glGenTextures
 0002:00003DCC       glGenTexturesEXT
 0002:0000400C       glGetActiveAttribARB
 0002:00003FF8       glGetActiveUniformARB
 0002:00003FF0       glGetAttachedObjectsARB
 0002:00004010       glGetAttribLocationARB
 0002:00003F64       glGetBufferParameterivARB
 0002:00003F68       glGetBufferPointervARB
 0002:00003F58       glGetBufferSubDataARB
 0002:00003C68       glGetColorTable
 0002:00003DD0       glGetColorTableEXT
 0002:00003DD4       glGetColorTablePameterfvEXT
 0002:00003DD8       glGetColorTablePameterivEXT
 0002:00003C70       glGetColorTableParameterfv
 0002:0000402C       glGetColorTableParameterfvEXT
 0002:00003C6C       glGetColorTableParameteriv
 0002:00004028       glGetColorTableParameterivEXT
 0002:000040C4       glGetCombinerInputParameterfvNV
 0002:000040C8       glGetCombinerInputParameterivNV
 0002:000040CC       glGetCombinerOutputParameterfvNV
 0002:000040D0       glGetCombinerOutputParameterivNV
 0002:00003E44       glGetCompressedTexImageARB
 0002:00003C84       glGetConvolutionFilter
 0002:00003CA4       glGetConvolutionParameterfv
 0002:00003CA0       glGetConvolutionParameteriv
 0001:0005A3F4       glGetError
 0002:000040F4       glGetFenceivNV
 0002:000040D4       glGetFinalCombinerInputParameterfvNV
 0002:000040D8       glGetFinalCombinerInputParameterivNV
 0001:0005A3FC       glGetFloatv
 0002:00003F70       glGetHandleARB
 0002:00003CB0       glGetHistogram
 0002:00003CB8       glGetHistogramParameterfv
 0002:00003CB4       glGetHistogramParameteriv
 0002:00003FEC       glGetInfoLogARB
 0001:0005A404       glGetIntegerv
 0002:00003CC4       glGetMinmax
 0002:00003CCC       glGetMinmaxParameterfv
 0002:00003CC8       glGetMinmaxParameteriv
 0002:00003FE4       glGetObjectParameterfvARB
 0002:00003FE8       glGetObjectParameterivARB
 0002:0000410C       glGetOcclusionQueryivNV
 0002:00004110       glGetOcclusionQueryuivNV
 0001:0005A694       GLGetProcAddress
 0002:00003F14       glGetProgramEnvParameterdvARB
 0002:00003F18       glGetProgramEnvParameterfvARB
 0002:00003F24       glGetProgramivARB
 0002:00004144       glGetProgramivNV
 0002:00003F1C       glGetProgramLocalParameterdvARB
 0002:00003F20       glGetProgramLocalParameterfvARB
 0002:0000413C       glGetProgramParameterdvNV
 0002:00004140       glGetProgramParameterfvNV
 0002:00003F28       glGetProgramStringARB
 0002:00004148       glGetProgramStringNV
 0002:00003C8C       glGetSeparableFilter
 0002:00004004       glGetShaderSourceARB
 0001:0005A40C       glGetString
 0001:0005A414       glGetTexLevelParameteriv
 0002:0000414C       glGetTrackMatrixivNV
 0002:00003FFC       glGetUniformfvARB
 0002:00004000       glGetUniformivARB
 0002:00003FF4       glGetUniformLocationARB
 0002:00003F2C       glGetVertexAttribdvARB
 0002:00004150       glGetVertexAttribdvNV
 0002:00003F30       glGetVertexAttribfvARB
 0002:00004154       glGetVertexAttribfvNV
 0002:00003F34       glGetVertexAttribivARB
 0002:00004158       glGetVertexAttribivNV
 0002:00003F38       glGetVertexAttribPointervARB
 0002:0000415C       glGetVertexAttribPointervNV
 0001:0006AF28       GLGraphics
 0002:0000422C       GLHandle
 0001:0005A41C       glHint
 0002:00003CA8       glHistogram
 0001:0009262C       GLHUDObjects
 0002:00003DDC       glIndexFuncEXT
 0002:00003DE0       glIndexMaterialEXT
 0001:0005A424       glInterleavedArrays
 0002:00003F4C       glIsBufferARB
 0002:000040F0       glIsFenceNV
 0002:00004100       glIsOcclusionQueryNV
 0002:00003F3C       glIsProgramARB
 0002:00004160       glIsProgramNV
 0001:0005A42C       glIsTexture
 0002:00003DE4       glIsTextureEXT
 0001:0005A444       glLightf
 0001:0005A44C       glLightfv
 0001:0005A434       glLightModelfv
 0001:0005A43C       glLightModeli
 0001:0005A454       glLineStipple
 0001:0005A45C       glLineWidth
 0002:00003F8C       glLinkProgramARB
 0001:0005A464       glLoadIdentity
 0001:0005A46C       glLoadMatrixf
 0001:0005A474       glLoadName
 0002:00004164       glLoadProgramNV
 0002:00003E18       glLoadTransposeMatrixdARB
 0002:00003E14       glLoadTransposeMatrixfARB
 0002:00003DFC       glLockArraysEXT
 0001:0005A47C       glMap1f
 0002:00003F5C       glMapBufferARB
 0001:0005A484       glMaterialfv
 0001:0005A48C       glMateriali
 0001:0005A494       glMatrixMode
 0001:000860C8       GLMesh
 0002:00003CBC       glMinmax
 0001:00065F68       GLMisc
 0002:00004078       glMultiDrawArraysEXT
 0002:0000407C       glMultiDrawElementsEXT
 0002:00003D0C       glMultiTexCoord1dARB
 0002:00003D10       glMultiTexCoord1dVARB
 0002:00003D14       glMultiTexCoord1fARB
 0002:00003D18       glMultiTexCoord1fVARB
 0002:00003D1C       glMultiTexCoord1iARB
 0002:00003D20       glMultiTexCoord1iVARB
 0002:00003D24       glMultiTexCoord1sARB
 0002:00003D28       glMultiTexCoord1sVARB
 0002:00003D2C       glMultiTexCoord2dARB
 0002:00003D30       glMultiTexCoord2dvARB
 0002:00003D34       glMultiTexCoord2fARB
 0002:00003D38       glMultiTexCoord2fvARB
 0002:00003D3C       glMultiTexCoord2iARB
 0002:00003D40       glMultiTexCoord2ivARB
 0002:00003D44       glMultiTexCoord2sARB
 0002:00003D48       glMultiTexCoord2svARB
 0002:00003D4C       glMultiTexCoord3dARB
 0002:00003D50       glMultiTexCoord3dvARB
 0002:00003D54       glMultiTexCoord3fARB
 0002:00003D58       glMultiTexCoord3fvARB
 0002:00003D5C       glMultiTexCoord3iARB
 0002:00003D60       glMultiTexCoord3ivARB
 0002:00003D64       glMultiTexCoord3sARB
 0002:00003D68       glMultiTexCoord3svARB
 0002:00003D6C       glMultiTexCoord4dARB
 0002:00003D70       glMultiTexCoord4dvARB
 0002:00003D74       glMultiTexCoord4fARB
 0002:00003D78       glMultiTexCoord4fvARB
 0002:00003D7C       glMultiTexCoord4iARB
 0002:00003D80       glMultiTexCoord4ivARB
 0002:00003D84       glMultiTexCoord4sARB
 0002:00003D88       glMultiTexCoord4svARB
 0001:0005A49C       glMultMatrixf
 0002:00003E20       glMultTransposeMatrixdARB
 0002:00003E1C       glMultTransposeMatrixfARB
 0001:0005A4A4       glNewList
 0001:0005A4AC       glNormal3f
 0001:0005A4B4       glNormal3fv
 0001:0005A4BC       glNormalPointer
 0001:00005934       GlobalAddAtom
[...]
   378 0001:000AACEA   379 0001:000AACFB   380 0001:000AAD0C   381 0001:000AAD1D
   382 0001:000AAD2E   383 0001:000AAD3F   384 0001:000AAD50   385 0001:000AAD61
   386 0001:000AAD72   387 0001:000AAD83   388 0001:000AAD94   389 0001:000AADA5
   390 0001:000AADB6   391 0001:000AADC7   392 0001:000AADD8   393 0001:000AADE9
   394 0001:000AADFA   395 0001:000AAE0B   396 0001:000AAE1C   397 0001:000AAE2D
   398 0001:000AAE3E   399 0001:000AAE4F   400 0001:000AAE60   401 0001:000AAE71
   402 0001:000AAE82   403 0001:000AAE93   404 0001:000AAEA4   405 0001:000AAEB5
   406 0001:000AAEC6   407 0001:000AAED7   408 0001:000AAEE8   409 0001:000AAEF9
   410 0001:000AAF0A   411 0001:000AAF1B   412 0001:000AAF2C   413 0001:000AAF3D
   414 0001:000AAF4E   415 0001:000AAF5F   416 0001:000AAF70   417 0001:000AAF81
   418 0001:000AAF92   419 0001:000AAFA3   420 0001:000AAFB4   421 0001:000AAFC5
   422 0001:000AAFD6   423 0001:000AAFE7   424 0001:000AAFF8   425 0001:000AB009
   426 0001:000AB01A   427 0001:000AB02B   428 0001:000AB03C   430 0001:000AB04D
   431 0001:000AB05E   432 0001:000AB06F   433 0001:000AB080   434 0001:000AB091
   435 0001:000AB0A2   436 0001:000AB0B3   437 0001:000AB0C4   438 0001:000AB0D5
   439 0001:000AB0E6   440 0001:000AB0F7   441 0001:000AB108   442 0001:000AB119
   443 0001:000AB12A   444 0001:000AB13B   445 0001:000AB14C   446 0001:000AB15D
   447 0001:000AB16E   448 0001:000AB17F   449 0001:000AB190   450 0001:000AB1A1
   451 0001:000AB1B2   452 0001:000AB1C3   453 0001:000AB1D4   454 0001:000AB1E5
   455 0001:000AB1F6   456 0001:000AB207   457 0001:000AB218   458 0001:000AB229
   459 0001:000AB23A   460 0001:000AB24B   461 0001:000AB25C   462 0001:000AB26D
   463 0001:000AB27E   464 0001:000AB28F   465 0001:000AB2A0   466 0001:000AB2B1
   467 0001:000AB2C2   468 0001:000AB2D3   469 0001:000AB2E4   470 0001:000AB2F5
   471 0001:000AB306   472 0001:000AB317   473 0001:000AB328   474 0001:000AB339
   475 0001:000AB34A   476 0001:000AB35B   477 0001:000AB36C   478 0001:000AB37D
   479 0001:000AB38E   480 0001:000AB39F   481 0001:000AB3B0   482 0001:000AB3C1
   483 0001:000AB3D2   484 0001:000AB3E3   485 0001:000AB3F4   486 0001:000AB405
   487 0001:000AB416   488 0001:000AB427   489 0001:000AB438   490 0001:000AB449
   491 0001:000AB45A   492 0001:000AB46B   493 0001:000AB47C   494 0001:000AB48D
   495 0001:000AB49E   496 0001:000AB4AF   497 0001:000AB4C0   498 0001:000AB4D1
   499 0001:000AB4E2   500 0001:000AB4F3   501 0001:000AB504   502 0001:000AB515
   503 0001:000AB526   504 0001:000AB537   505 0001:000AB548   506 0001:000AB559
   507 0001:000AB56A   508 0001:000AB57B   509 0001:000AB58C   510 0001:000AB59D
   511 0001:000AB5AE   512 0001:000AB5BF   513 0001:000AB5D0   514 0001:000AB5E1
   515 0001:000AB5F2   516 0001:000AB603   517 0001:000AB614   518 0001:000AB625
   519 0001:000AB636   520 0001:000AB647   521 0001:000AB658   522 0001:000AB669
   523 0001:000AB67A   524 0001:000AB68B   525 0001:000AB69C   526 0001:000AB6AD
   527 0001:000AB6BE   528 0001:000AB6CF   529 0001:000AB6E0   530 0001:000AB6F1
   531 0001:000AB702   532 0001:000AB713   533 0001:000AB724   534 0001:000AB735
   535 0001:000AB746   536 0001:000AB757   537 0001:000AB768   538 0001:000AB779
   539 0001:000AB78A   540 0001:000AB79B   541 0001:000AB7AC   542 0001:000AB7BD
   543 0001:000AB7CE   544 0001:000AB7DF   545 0001:000AB7F0   546 0001:000AB801
   547 0001:000AB812   548 0001:000AB823   549 0001:000AB834   550 0001:000AB845
   551 0001:000AB856   552 0001:000AB867   553 0001:000AB878   554 0001:000AB889
   555 0001:000AB89A   556 0001:000AB8AB   557 0001:000AB8BC   558 0001:000AB8CD
   559 0001:000AB8DE   560 0001:000AB8EF   561 0001:000AB900   562 0001:000AB911
   563 0001:000AB922   564 0001:000AB933   565 0001:000AB944   566 0001:000AB955
   567 0001:000AB966   568 0001:000AB977   569 0001:000AB988   570 0001:000AB999
   571 0001:000AB9AA   572 0001:000AB9BB   573 0001:000AB9CC   574 0001:000AB9DD
   575 0001:000AB9EE   576 0001:000AB9FF   577 0001:000ABA10   578 0001:000ABA21
   579 0001:000ABA32   580 0001:000ABA43   581 0001:000ABA54   582 0001:000ABA65
   583 0001:000ABA76   584 0001:000ABA87   585 0001:000ABA98   586 0001:000ABAA9
   587 0001:000ABABA   588 0001:000ABACB   589 0001:000ABADC   590 0001:000ABAED
   591 0001:000ABAFE   592 0001:000ABB0F   593 0001:000ABB20   594 0001:000ABB31
   595 0001:000ABB42   596 0001:000ABB53   597 0001:000ABB64   598 0001:000ABB75
   599 0001:000ABB86   600 0001:000ABB97   601 0001:000ABBA8   602 0001:000ABBB9
   603 0001:000ABBCA   604 0001:000ABBDB   605 0001:000ABBEC   606 0001:000ABBFD
   607 0001:000ABC0E   608 0001:000ABC1F   609 0001:000ABC30   610 0001:000ABC41
   611 0001:000ABC52   612 0001:000ABC63   613 0001:000ABC74   614 0001:000ABC85
   615 0001:000ABC96   617 0001:000ABCA7   618 0001:000ABCB8   619 0001:000ABCC9
   620 0001:000ABCDA   621 0001:000ABCEB   622 0001:000ABCFC   623 0001:000ABD0D
   624 0001:000ABD1E   625 0001:000ABD2F   626 0001:000ABD40   627 0001:000ABD51
   628 0001:000ABD62   630 0001:000ABD73   631 0001:000ABD84   632 0001:000ABD95
   633 0001:000ABDA6   634 0001:000ABDB7   635 0001:000ABDC8   636 0001:000ABDD9
   637 0001:000ABDEA   638 0001:000ABDFB   639 0001:000ABE0C   640 0001:000ABE1D
   641 0001:000ABE2E   642 0001:000ABE3F   643 0001:000ABE50   644 0001:000ABE61
   645 0001:000ABE72   646 0001:000ABE83   647 0001:000ABE94   648 0001:000ABEA5
   649 0001:000ABEB6   650 0001:000ABEC7   651 0001:000ABED8   652 0001:000ABEE9
   653 0001:000ABEFA   654 0001:000ABF0B   655 0001:000ABF1C   656 0001:000ABF2D
   657 0001:000ABF3E   658 0001:000ABF4F   659 0001:000ABF60   660 0001:000ABF71
   661 0001:000ABF82   662 0001:000ABF93   663 0001:000ABFA4   664 0001:000ABFB5
   665 0001:000ABFC6   666 0001:000ABFD7   667 0001:000ABFE8   668 0001:000ABFF9
   669 0001:000AC00A   670 0001:000AC01B   671 0001:000AC02C   672 0001:000AC03D
   673 0001:000AC04E   674 0001:000AC05F   675 0001:000AC070   676 0001:000AC081
   677 0001:000AC092   678 0001:000AC0A3   679 0001:000AC0B4   680 0001:000AC0C5
   681 0001:000AC0D6   682 0001:000AC0E7   683 0001:000AC0F8   684 0001:000AC109
   685 0001:000AC11A   686 0001:000AC12B   687 0001:000AC13C   688 0001:000AC14D
   689 0001:000AC15E   690 0001:000AC16F   691 0001:000AC180   692 0001:000AC191
   693 0001:000AC1A2   694 0001:000AC1B3   695 0001:000AC1C4   696 0001:000AC1D5
   697 0001:000AC1E6   698 0001:000AC1F7   699 0001:000AC208   700 0001:000AC219
   701 0001:000AC22A   702 0001:000AC23B   703 0001:000AC24C   704 0001:000AC25D
   705 0001:000AC26E   706 0001:000AC27F   707 0001:000AC290   708 0001:000AC2A1
   709 0001:000AC2B2   710 0001:000AC2C3   711 0001:000AC2D4   712 0001:000AC2E5
   713 0001:000AC2F6   714 0001:000AC307   715 0001:000AC318   716 0001:000AC329
   717 0001:000AC33A   718 0001:000AC34B   719 0001:000AC35C   720 0001:000AC36D
   721 0001:000AC37E   722 0001:000AC38F   723 0001:000AC3A0   724 0001:000AC3B1
   725 0001:000AC3C2   726 0001:000AC3D3   727 0001:000AC3E4   728 0001:000AC3F5
   729 0001:000AC406   730 0001:000AC417   731 0001:000AC428   732 0001:000AC439
   733 0001:000AC445   734 0001:000AC456   735 0001:000AC462   736 0001:000AC473
   737 0001:000AC47F   738 0001:000AC48B   739 0001:000AC497   740 0001:000AC4A3
   741 0001:000AC4AF   742 0001:000AC4BB   743 0001:000AC4C4   744 0001:000AC4CD
   745 0001:000AC4DB   746 0001:000AC4E9   747 0001:000AC4F7   748 0001:000AC505
   749 0001:000AC513   750 0001:000AC521   751 0001:000AC52F   753 0001:000AC53B
   755 0001:000B842C   755 0001:000B8433

Line numbers for Unit1(Unit1.pas) segment .text

   265 0001:000B8968   266 0001:000B896F   267 0001:000B8979   268 0001:000B8983
   270 0001:000B898D   273 0001:000B8995   274 0001:000B89AC   275 0001:000B89B0
   277 0001:000B89C7   278 0001:000B89E5   279 0001:000B89E9   280 0001:000B89F7
   355 0001:000B8A08   356 0001:000B8A0B   357 0001:000B8A15   358 0001:000B8A1C
   359 0001:000B8A21   360 0001:000B8A28   368 0001:000B8A2C   369 0001:000B8A33
   370 0001:000B8A3D   414 0001:000B8A50   415 0001:000B8A51   416 0001:000B8A53
   417 0001:000B8A5D   419 0001:000B8A61   420 0001:000B8A64   421 0001:000B8A66
   416 0001:000B8A69   422 0001:000B8A6E   436 0001:000B8A70   452 0001:000B8A74
   462 0001:000B8A78   463 0001:000B8A7F   464 0001:000B8A93   465 0001:000B8AAC
   466 0001:000B8AB6   467 0001:000B8AC0   468 0001:000B8AEE   469 0001:000B8B14
   470 0001:000B8B25   471 0001:000B8B35   472 0001:000B8B55   473 0001:000B8B5C
   486 0001:000B8B78   487 0001:000B8B81   489 0001:000B8B98   490 0001:000B8BA7
   492 0001:000B8BBC   494 0001:000B8BC6   496 0001:000B8BD8   498 0001:000B8BE6
   502 0001:000B8C04   503 0001:000B8C0B   506 0001:000B8C10   507 0001:000B8C2D
   508 0001:000B8C5E   509 0001:000B8C78   510 0001:000B8C92   511 0001:000B8CAC
   487 0001:000B8CAD   512 0001:000B8CB6   515 0001:000B8CF4   518 0001:000B8CF8
   538 0001:000B8CFC   539 0001:000B8D1C   540 0001:000B8D26   541 0001:000B8D3E
   543 0001:000B8D49   545 0001:000B8D4F   546 0001:000B8D5D   547 0001:000B8D6F
   548 0001:000B8D84   549 0001:000B8D99   551 0001:000B8DAE   553 0001:000B8DB8
   554 0001:000B8DC5   555 0001:000B8DD3   559 0001:000B8DDE   560 0001:000B8DEB
   561 0001:000B8DF4   562 0001:000B8E02   566 0001:000B8E10   567 0001:000B8E21
   569 0001:000B8E2E   570 0001:000B8E3C   572 0001:000B8E7F   574 0001:000B8E84
   575 0001:000B8E93   576 0001:000B8EB3   577 0001:000B8EC2   578 0001:000B8EE2
   579 0001:000B8EF1   580 0001:000B8F0E   582 0001:000B8F1D   583 0001:000B8F38
   584 0001:000B8F50   585 0001:000B8F6B   588 0001:000B8F86   591 0001:000B8FE0
   592 0001:000B8FF8   593 0001:000B9013   594 0001:000B902E   597 0001:000B9049
   598 0001:000B904F   600 0001:000B9060   601 0001:000B9097   613 0001:000B916C
   614 0001:000B9186   615 0001:000B918E   616 0001:000B919D   617 0001:000B91A9
   618 0001:000B91B8   619 0001:000B91C7   620 0001:000B91D6   621 0001:000B91E5
   622 0001:000B91F4   623 0001:000B9203   624 0001:000B9212   625 0001:000B9221
   626 0001:000B9230   627 0001:000B923F   628 0001:000B924E   629 0001:000B925D
   630 0001:000B926C   631 0001:000B927B   632 0001:000B928A   634 0001:000B928F
   635 0001:000B92B6   636 0001:000B92E7   632 0001:000B92E8   637 0001:000B92ED
   639 0001:000B92FC   640 0001:000B9304   641 0001:000B9313   642 0001:000B9322
   643 0001:000B9331   644 0001:000B9340   645 0001:000B934F   646 0001:000B935E
   647 0001:000B936D   648 0001:000B937C   649 0001:000B938B   650 0001:000B939A
   651 0001:000B93A9   652 0001:000B93B8   653 0001:000B93C7   654 0001:000B93D6
   655 0001:000B93E5   656 0001:000B93F4   657 0001:000B9403   658 0001:000B9412
   659 0001:000B9417   658 0001:000B943F   660 0001:000B9444   661 0001:000B9453
   662 0001:000B9462   663 0001:000B9471   664 0001:000B9480   665 0001:000B948F
   666 0001:000B949E   667 0001:000B94AD   668 0001:000B94BC   669 0001:000B94CB
   670 0001:000B94FC   713 0001:000B97E4   714 0001:000B97E8   715 0001:000B97F7
   716 0001:000B9805   717 0001:000B9812   719 0001:000B9829   720 0001:000B983A
   721 0001:000B984F   722 0001:000B9860   723 0001:000B9876   724 0001:000B9887
   725 0001:000B989E   726 0001:000B98AF   727 0001:000B98C4   730 0001:000B98D9
   732 0001:000B98E9   735 0001:000B9948   748 0001:000B994C   749 0001:000B9973
   751 0001:000B9985   753 0001:000B9994   756 0001:000B999C   757 0001:000B99BA
   760 0001:000B99C2   764 0001:000B99EC   765 0001:000B99F4   766 0001:000B99F6
   767 0001:000B9A00   768 0001:000B9A0D   769 0001:000B9A25   770 0001:000B9A29
   773 0001:000B9A40   776 0001:000B9A4F   778 0001:000B9A7F   781 0001:000B9A88
   784 0001:000B9AC3   787 0001:000B9ACC   790 0001:000B9B07   793 0001:000B9B10
   795 0001:000B9B40   798 0001:000B9B49   800 0001:000B9B79   803 0001:000B9B81
   805 0001:000B9B83   806 0001:000B9B8C   807 0001:000B9BA6   808 0001:000B9BB7
   810 0001:000B9BBF   812 0001:000B9BC8   814 0001:000B9BD4   816 0001:000B9C1A
   818 0001:000B9C1F   822 0001:000B9C62   826 0001:000B9CA3   803 0001:000B9CA4
   829 0001:000B9CD2   832 0001:000B9CFC   837 0001:000B9D00   838 0001:000B9D0C
   839 0001:000B9D14   840 0001:000B9D1E   841 0001:000B9D27   843 0001:000B9D2C
   845 0001:000B9D34   846 0001:000B9D48   847 0001:000B9D54   848 0001:000B9D68
   849 0001:000B9D8C   850 0001:000B9D9D   851 0001:000B9DAD   852 0001:000B9DB9
   853 0001:000B9DC5   854 0001:000B9DD1   856 0001:000B9DDA   857 0001:000B9DEE
   858 0001:000B9DFA   859 0001:000B9E0E   860 0001:000B9E34   861 0001:000B9E45
   862 0001:000B9E55   863 0001:000B9E61   864 0001:000B9E6D   865 0001:000B9E79
   867 0001:000B9E82   868 0001:000B9E96   869 0001:000B9EA2   870 0001:000B9EB6
   871 0001:000B9EDC   872 0001:000B9EED   873 0001:000B9EFD   874 0001:000B9F09
   875 0001:000B9F15   876 0001:000B9F21   878 0001:000B9F2A   879 0001:000B9F3E
   880 0001:000B9F4A   881 0001:000B9F5E   882 0001:000B9F84   883 0001:000B9F95
   884 0001:000B9FA5   885 0001:000B9FB1   886 0001:000B9FBD   887 0001:000B9FC9
   889 0001:000B9FD2   890 0001:000B9FE6   891 0001:000B9FF2   892 0001:000BA006
   893 0001:000BA02C   894 0001:000BA03D   895 0001:000BA04D   896 0001:000BA059
   897 0001:000BA065   898 0001:000BA071   900 0001:000BA07A   901 0001:000BA08E
   902 0001:000BA09A   903 0001:000BA0AE   904 0001:000BA0D4   905 0001:000BA0E5
   906 0001:000BA0F5   907 0001:000BA101   908 0001:000BA10D   909 0001:000BA119
   911 0001:000BA122   912 0001:000BA136   913 0001:000BA142   914 0001:000BA151
   915 0001:000BA163   916 0001:000BA174   917 0001:000BA184   918 0001:000BA190
   919 0001:000BA19C   920 0001:000BA1A8   922 0001:000BA1B1   923 0001:000BA1C5
   924 0001:000BA1D1   925 0001:000BA1E0   926 0001:000BA1F2   927 0001:000BA203
   928 0001:000BA213   929 0001:000BA21F   930 0001:000BA22B   932 0001:000BA234
   933 0001:000BA248   934 0001:000BA254   935 0001:000BA275   936 0001:000BA287
   937 0001:000BA298   938 0001:000BA2A8   939 0001:000BA2B4   940 0001:000BA2C0
   941 0001:000BA2C9   955 0001:000BA364   956 0001:000BA367   957 0001:000BA381
   966 0001:000BA38C   967 0001:000BA393   968 0001:000BA3A2   969 0001:000BA3B0
   970 0001:000BA3BD   972 0001:000BA3D4   973 0001:000BA3E2   974 0001:000BA3F3
   975 0001:000BA417   976 0001:000BA41C   977 0001:000BA42A   978 0001:000BA43B
   979 0001:000BA460   980 0001:000BA465   981 0001:000BA473   982 0001:000BA484
   983 0001:000BA4AA   984 0001:000BA4AF   985 0001:000BA4BD   986 0001:000BA4CE
   987 0001:000BA4F2   988 0001:000BA4F7   991 0001:000BA50C   993 0001:000BA51C
   999 0001:000BA584  1000 0001:000BA588  1001 0001:000BA597  1002 0001:000BA5A5
  1003 0001:000BA5B2  1005 0001:000BA5C5  1006 0001:000BA5DB  1007 0001:000BA5F1
  1008 0001:000BA607  1011 0001:000BA61C  1013 0001:000BA62C  1026 0001:000BA680
  1027 0001:000BA6B4  1028 0001:000BA6F3  1029 0001:000BA6FC  1030 0001:000BA70C
  1032 0001:000BA715  1033 0001:000BA725  1034 0001:000BA778  1035 0001:000BA7AD
  1042 0001:000BA7EC  1043 0001:000BA815  1044 0001:000BA81F  1045 0001:000BA829
  1046 0001:000BA836  1047 0001:000BA840  1048 0001:000BA865  1049 0001:000BA86F
  1051 0001:000BA892  1052 0001:000BA89C  1054 0001:000BA8AE  1055 0001:000BA8B7
  1056 0001:000BA8BF  1057 0001:000BA8C7  1058 0001:000BA8CF  1059 0001:000BA8D7
  1061 0001:000BA8DE  1062 0001:000BA8E8  1063 0001:000BA8F0  1064 0001:000BA90F
  1067 0001:000BA926  1068 0001:000BA941  1069 0001:000BA96F  1071 0001:000BA98E
  1073 0001:000BA998  1075 0001:000BA9B3  1076 0001:000BA9CB  1078 0001:000BA9D0
  1082 0001:000BA9F4  1084 0001:000BAA0F  1085 0001:000BAA27  1087 0001:000BAA2C
  1088 0001:000BAA36  1089 0001:000BAA58  1092 0001:000BAA62  1093 0001:000BAA67
  1095 0001:000BAA73  1096 0001:000BAA7D  1097 0001:000BAA8B  1098 0001:000BAA94
  1099 0001:000BAA9E  1100 0001:000BAAA3  1102 0001:000BAAC8  1105 0001:000BAAE7
  1106 0001:000BAAF1  1107 0001:000BAAF9  1108 0001:000BAB03  1110 0001:000BAB08
  1111 0001:000BAB1C  1113 0001:000BAB30  1114 0001:000BAB3A  1115 0001:000BAB48
  1116 0001:000BAB51  1117 0001:000BAB5B  1119 0001:000BAB80  1122 0001:000BAB9F
  1123 0001:000BABA9  1129 0001:000BABAE  1130 0001:000BABC3  1132 0001:000BABCB
  1133 0001:000BABDE  1134 0001:000BABEA  1135 0001:000BAC01  1136 0001:000BAC0B
  1137 0001:000BAC19  1138 0001:000BAC31  1139 0001:000BAC46  1140 0001:000BAC5E
  1142 0001:000BAC76  1144 0001:000BAC80  1146 0001:000BAC8D  1147 0001:000BACA8
  1149 0001:000BACC3  1156 0001:000BACCD  1157 0001:000BACE4  1158 0001:000BACF0
  1159 0001:000BAD0B  1160 0001:000BAD23  1161 0001:000BAD25  1162 0001:000BAD39
  1163 0001:000BAD42  1164 0001:000BAD5B  1165 0001:000BAD5D  1166 0001:000BAD71
  1167 0001:000BAD7A  1168 0001:000BAD93  1169 0001:000BADA7  1170 0001:000BADB7
  1173 0001:000BADC0  1175 0001:000BADD7  1176 0001:000BADE3  1177 0001:000BADFB
  1178 0001:000BAE16  1179 0001:000BAE30  1180 0001:000BAE4A  1181 0001:000BAE5E
  1182 0001:000BAE6E  1186 0001:000BAE77  1188 0001:000BAE8E  1189 0001:000BAE9A
  1190 0001:000BAEB2  1191 0001:000BAECD  1192 0001:000BAEF0  1193 0001:000BAF13
  1194 0001:000BAF27  1195 0001:000BAF37  1197 0001:000BAF40  1200 0001:000BAF50
  1201 0001:000BAF6D  1202 0001:000BAF86  1203 0001:000BAFA3  1204 0001:000BAFBC
  1206 0001:000BAFCC  1208 0001:000BAFD6  1209 0001:000BAFDE  1210 0001:000BB01D
  1215 0001:000BB364  1216 0001:000BB380  1221 0001:000BB384  1226 0001:000BB388
  1231 0001:000BB38C  1233 0001:000BB3A5  1235 0001:000BB3C0  1236 0001:000BB3CD
  1238 0001:000BB3DA  1239 0001:000BB3F3  1240 0001:000BB408  1241 0001:000BB41B
  1242 0001:000BB427  1243 0001:000BB433  1244 0001:000BB43F  1245 0001:000BB451
  1246 0001:000BB460  1248 0001:000BB46A  1249 0001:000BB471  1253 0001:000BB476
  1254 0001:000BB483  1255 0001:000BB488  1256 0001:000BB48D  1257 0001:000BB492
  1258 0001:000BB497  1260 0001:000BB4B9  1263 0001:000BB4E4  1266 0001:000BB4E7
  1269 0001:000BB4EC  1272 0001:000BB4EF  1277 0001:000BB4F4  1278 0001:000BB504
  1279 0001:000BB509  1283 0001:000BB50C  1285 0001:000BB50F  1287 0001:000BB51F
  1288 0001:000BB532  1290 0001:000BB53E  1292 0001:000BB543  1296 0001:000BB564
  1298 0001:000BB574  1299 0001:000BB586  1300 0001:000BB58E  1304 0001:000BB598
  1306 0001:000BB5A8  1307 0001:000BB5BA  1308 0001:000BB5C4  1315 0001:000BB5CC
  1317 0001:000BB5DB  1318 0001:000BB5EB  1320 0001:000BB5F2  1324 0001:000BB5FC
  1325 0001:000BB60D  1322 0001:000BB618  1329 0001:000BB625  1330 0001:000BB64C
  1334 0001:000BB676  1335 0001:000BB688  1337 0001:000BB68C  1338 0001:000BB6C2
  1343 0001:000BB6FB  1345 0001:000BB705  1346 0001:000BB70C  1348 0001:000BB716
  1349 0001:000BB71F  1353 0001:000BB726  1355 0001:000BB72D  1357 0001:000BB737
  1363 0001:000BB73E  1364 0001:000BB74D  1366 0001:000BB75C  1372 0001:000BB780
  1374 0001:000BB796  1377 0001:000BB79D  1380 0001:000BB7BE  1385 0001:000BB7C8
  1388 0001:000BB7CF  1390 0001:000BB7D8  1392 0001:000BB7E3  1393 0001:000BB7EA
  1397 0001:000BB7F5  1398 0001:000BB801  1404 0001:000BB80B  1406 0001:000BB819
  1408 0001:000BB82B  1411 0001:000BB853  1412 0001:000BB85C  1414 0001:000BB863
  1417 0001:000BB88B  1418 0001:000BB894  1422 0001:000BB8B8  1426 0001:000BB8C0
  1428 0001:000BB8C3  1429 0001:000BB8CD  1430 0001:000BB8D7  1434 0001:000BB8DC
  1436 0001:000BB8DF  1437 0001:000BB8E6  1439 0001:000BB8F3  1444 0001:000BB907
  1445 0001:000BB90E  1449 0001:000BB918  1455 0001:000BB934  1459 0001:000BB938
  1461 0001:000BB93B  1466 0001:000BB940  1468 0001:000BB994  1468 0001:000BB99B

Line numbers for Legie(Legie.dpr) segment .text

    14 0001:000BBD04    18 0001:000BBD30    19 0001:000BBD3E    20 0001:000BBD4A
    21 0001:000BBD5B    22 0001:000BBD73    24 0001:000BBD9A    25 0001:000BBD9C
    28 0001:000BBE0D

Bound resource files

Buttons.res
ExtDlgs.res
Controls.res
Unit1.dfm
Legie.res
C:\Users\lordo\AppData\Local\Temp\dtf27D2.tmp


Program entry point at 0001:000BBD04
